Component: ARM Compiler 5.06 update 1 (build 61) Tool: armlink [4d35a8]

==============================================================================

Section Cross References

    startup.o(STACK) refers (Special) to heapauxi.o(.text) for __use_two_region_memory
    startup.o(HEAP) refers (Special) to heapauxi.o(.text) for __use_two_region_memory
    startup.o(RESET) refers (Special) to heapauxi.o(.text) for __use_two_region_memory
    startup.o(RESET) refers to startup.o(STACK) for StackMem
    startup.o(RESET) refers to adct0atrigger.o(i.ADC0Seq3_Handler) for ADC0Seq3_Handler
    startup.o(RESET) refers to timer0a.o(i.Timer0A_Handler) for Timer0A_Handler
    startup.o(RESET) refers to __main.o(!!!main) for __main
    startup.o(.text) refers (Special) to heapauxi.o(.text) for __use_two_region_memory
    startup.o(.text) refers to startup.o(HEAP) for HeapMem
    startup.o(.text) refers to startup.o(STACK) for StackMem
    periodictimer0aints.o(i.main) refers to st7735.o(i.Output_Init) for Output_Init
    periodictimer0aints.o(i.main) refers to pll.o(i.PLL_Init) for PLL_Init
    periodictimer0aints.o(i.main) refers to adct0atrigger.o(i.ADC0_InitTimer0ATriggerSeq3) for ADC0_InitTimer0ATriggerSeq3
    periodictimer0aints.o(i.main) refers to startup.o(.text) for EnableInterrupts
    periodictimer0aints.o(i.main) refers to temperature.o(i.adcToTemp) for adcToTemp
    periodictimer0aints.o(i.main) refers to fixed.o(i.ST7735_sDecOut3) for ST7735_sDecOut3
    periodictimer0aints.o(i.main) refers to noretval__2printf.o(.text) for __2printf
    periodictimer0aints.o(i.main) refers to periodictimer0aints.o(.data) for ADCvalue
    timer0a.o(i.Timer0A_Handler) refers to timer0a.o(.data) for PeriodicTask
    timer0a.o(i.Timer0A_Init) refers to startup.o(.text) for StartCritical
    timer0a.o(i.Timer0A_Init) refers to timer0a.o(.data) for PeriodicTask
    fixed.o(i.BookExamples) refers to _printf_percent.o(.ARM.Collect$$_printf_percent$$00000000) for _printf_percent
    fixed.o(i.BookExamples) refers to _printf_d.o(.ARM.Collect$$_printf_percent$$00000009) for _printf_d
    fixed.o(i.BookExamples) refers to _printf_c.o(.ARM.Collect$$_printf_percent$$00000013) for _printf_c
    fixed.o(i.BookExamples) refers to _printf_dec.o(.text) for _printf_int_dec
    fixed.o(i.BookExamples) refers to _printf_str.o(.text) for _printf_str
    fixed.o(i.BookExamples) refers to _printf_x.o(.ARM.Collect$$_printf_percent$$0000000C) for _printf_x
    fixed.o(i.BookExamples) refers to _printf_hex_int.o(.text) for _printf_longlong_hex
    fixed.o(i.BookExamples) refers to _printf_e.o(.ARM.Collect$$_printf_percent$$00000004) for _printf_e
    fixed.o(i.BookExamples) refers to printf1.o(x$fpl$printf1) for _printf_fp_dec
    fixed.o(i.BookExamples) refers to _printf_f.o(.ARM.Collect$$_printf_percent$$00000003) for _printf_f
    fixed.o(i.BookExamples) refers to _printf_g.o(.ARM.Collect$$_printf_percent$$00000005) for _printf_g
    fixed.o(i.BookExamples) refers to _printf_pad.o(.text) for _printf_pre_padding
    fixed.o(i.BookExamples) refers to noretval__2printf.o(.text) for __2printf
    fixed.o(i.BookExamples) refers to f2d.o(x$fpl$f2d) for __aeabi_f2d
    fixed.o(i.ST7735_sDecOut3) refers to _printf_percent.o(.ARM.Collect$$_printf_percent$$00000000) for _printf_percent
    fixed.o(i.ST7735_sDecOut3) refers to _printf_d.o(.ARM.Collect$$_printf_percent$$00000009) for _printf_d
    fixed.o(i.ST7735_sDecOut3) refers to _printf_dec.o(.text) for _printf_int_dec
    fixed.o(i.ST7735_sDecOut3) refers to noretval__2printf.o(.text) for __2printf
    st7735.o(i.Output_Clear) refers to st7735.o(i.ST7735_FillScreen) for ST7735_FillScreen
    st7735.o(i.Output_Color) refers to st7735.o(i.ST7735_SetTextColor) for ST7735_SetTextColor
    st7735.o(i.Output_Init) refers to st7735.o(i.ST7735_InitR) for ST7735_InitR
    st7735.o(i.Output_Init) refers to st7735.o(i.ST7735_FillScreen) for ST7735_FillScreen
    st7735.o(i.Output_Off) refers to st7735.o(i.Output_Clear) for Output_Clear
    st7735.o(i.Output_On) refers to st7735.o(i.Output_Init) for Output_Init
    st7735.o(i.ST7735_DrawBitmap) refers to st7735.o(i.setAddrWindow) for setAddrWindow
    st7735.o(i.ST7735_DrawBitmap) refers to st7735.o(i.writedata) for writedata
    st7735.o(i.ST7735_DrawBitmap) refers to st7735.o(.data) for _width
    st7735.o(i.ST7735_DrawChar) refers to st7735.o(i.setAddrWindow) for setAddrWindow
    st7735.o(i.ST7735_DrawChar) refers to st7735.o(i.pushColor) for pushColor
    st7735.o(i.ST7735_DrawChar) refers to st7735.o(.data) for _width
    st7735.o(i.ST7735_DrawChar) refers to st7735.o(.constdata) for Font
    st7735.o(i.ST7735_DrawCharS) refers to st7735.o(i.ST7735_DrawPixel) for ST7735_DrawPixel
    st7735.o(i.ST7735_DrawCharS) refers to st7735.o(i.ST7735_FillRect) for ST7735_FillRect
    st7735.o(i.ST7735_DrawCharS) refers to st7735.o(.data) for _width
[...]
    sys_command.o(.text) refers (Special) to indicate_semi.o(.text) for __semihosting_library_function
    rt_errno_addr.o(.text) refers to rt_errno_addr.o(.bss) for __aeabi_errno_addr_data
    rt_errno_addr_intlibspace.o(.text) refers to libspace.o(.bss) for __libspace_start
    term_alloc.o(.text) refers (Special) to libshutdown2.o(.ARM.Collect$$libshutdown$$0000000E) for __rt_lib_shutdown_heap_2
    term_alloc.o(.text) refers to rt_heap_descriptor_intlibspace.o(.text) for __rt_heap_descriptor
    term_alloc.o(.text) refers to h1_final.o(.text) for __Heap_Finalize
    defsig_rtmem_inner.o(.text) refers to defsig_general.o(.text) for __default_signal_display
    defsig.o(CL$$defsig) refers to defsig_rtred_inner.o(.text) for __rt_SIGRTRED_inner
    defsig.o(CL$$defsig) refers to defsig_rtmem_inner.o(.text) for __rt_SIGRTMEM_inner
    libshutdown.o(.ARM.Collect$$libshutdown$$00000000) refers (Special) to libshutdown2.o(.ARM.Collect$$libshutdown$$00000002) for __rt_lib_shutdown_cpp_1
    libshutdown.o(.ARM.Collect$$libshutdown$$00000000) refers (Special) to libshutdown2.o(.ARM.Collect$$libshutdown$$00000007) for __rt_lib_shutdown_fp_trap_1
    libshutdown.o(.ARM.Collect$$libshutdown$$00000000) refers (Special) to libshutdown2.o(.ARM.Collect$$libshutdown$$0000000F) for __rt_lib_shutdown_heap_1
    libshutdown.o(.ARM.Collect$$libshutdown$$00000000) refers (Special) to libshutdown2.o(.ARM.Collect$$libshutdown$$00000010) for __rt_lib_shutdown_return
    libshutdown.o(.ARM.Collect$$libshutdown$$00000000) refers (Special) to libshutdown2.o(.ARM.Collect$$libshutdown$$0000000A) for __rt_lib_shutdown_signal_1
    libshutdown.o(.ARM.Collect$$libshutdown$$00000000) refers (Special) to libshutdown2.o(.ARM.Collect$$libshutdown$$00000004) for __rt_lib_shutdown_stdio_1
    libshutdown.o(.ARM.Collect$$libshutdown$$00000000) refers (Special) to libshutdown2.o(.ARM.Collect$$libshutdown$$0000000C) for __rt_lib_shutdown_user_alloc_1
    defsig_abrt_inner.o(.text) refers to defsig_general.o(.text) for __default_signal_display
    defsig_fpe_inner.o(.text) refers to defsig_general.o(.text) for __default_signal_display
    defsig_stak_inner.o(.text) refers to defsig_general.o(.text) for __default_signal_display
    defsig_pvfn_inner.o(.text) refers to defsig_general.o(.text) for __default_signal_display
    defsig_cppl_inner.o(.text) refers to defsig_general.o(.text) for __default_signal_display
    defsig_segv_inner.o(.text) refers to defsig_general.o(.text) for __default_signal_display
    defsig_other.o(.text) refers to defsig_general.o(.text) for __default_signal_display


==============================================================================

Removing Unused input sections from the image.

    Removing timer0a.o(i.Timer0A_Init), (112 bytes).
    Removing fixed.o(i.BookExamples), (328 bytes).
    Removing fixed.o(i.ST7735_XYplot), (2 bytes).
    Removing fixed.o(i.ST7735_XYplotInit), (6 bytes).
    Removing fixed.o(i.ST7735_uBinOut8), (2 bytes).
    Removing st7735.o(i.Output_Clear), (10 bytes).
    Removing st7735.o(i.Output_Color), (12 bytes).
    Removing st7735.o(i.Output_Off), (8 bytes).
    Removing st7735.o(i.Output_On), (8 bytes).
    Removing st7735.o(i.ST7735_Color565), (24 bytes).
    Removing st7735.o(i.ST7735_DrawBitmap), (288 bytes).
    Removing st7735.o(i.ST7735_DrawChar), (272 bytes).
    Removing st7735.o(i.ST7735_DrawFastHLine), (124 bytes).
    Removing st7735.o(i.ST7735_DrawFastVLine), (124 bytes).
    Removing st7735.o(i.ST7735_InitB), (40 bytes).
    Removing st7735.o(i.ST7735_InvertDisplay), (22 bytes).
    Removing st7735.o(i.ST7735_OutString), (24 bytes).
    Removing st7735.o(i.ST7735_OutUDec), (140 bytes).
    Removing st7735.o(i.ST7735_PlotBar), (88 bytes).
    Removing st7735.o(i.ST7735_PlotClear), (92 bytes).
    Removing st7735.o(i.ST7735_PlotLine), (264 bytes).
    Removing st7735.o(i.ST7735_PlotNext), (32 bytes).
    Removing st7735.o(i.ST7735_PlotNextErase), (64 bytes).
    Removing st7735.o(i.ST7735_PlotPoint), (152 bytes).
    Removing st7735.o(i.ST7735_PlotPoints), (172 bytes).
    Removing st7735.o(i.ST7735_PlotdBfs), (60 bytes).
    Removing st7735.o(i.ST7735_SetRotation), (212 bytes).
    Removing st7735.o(i.ST7735_SetTextColor), (12 bytes).
    Removing st7735.o(i.ST7735_SwapColor), (18 bytes).
    Removing st7735.o(i.fgetc), (6 bytes).
    Removing st7735.o(i.fillmessage), (72 bytes).
    Removing st7735.o(.bss), (12 bytes).
    Removing adct0atrigger.o(i.ADC0_InitTimer0ATriggerSeq3PD3), (296 bytes).
    Removing lab2.o(i.ADC0_InSeq3), (44 bytes).
    Removing lab2.o(i.ADC0_InitSWTriggerSeq3_Ch9), (232 bytes).

35 unused section(s) (total 3374 bytes) removed from the image.

==============================================================================

Image Symbol Table

    Local Symbols

    Symbol Name                              Value     Ov Type        Size  Object(Section)

    RESET                                    0x00000000   Section      644  startup.o(RESET)
    ../clib/angel/boardlib.s                 0x00000000   Number         0  boardinit1.o ABSOLUTE
    ../clib/angel/boardlib.s                 0x00000000   Number         0  boardinit3.o ABSOLUTE
    ../clib/angel/boardlib.s                 0x00000000   Number         0  boardinit2.o ABSOLUTE
    ../clib/angel/boardlib.s                 0x00000000   Number         0  boardshut.o ABSOLUTE
    ../clib/angel/handlers.s                 0x00000000   Number         0  __scatter_copy.o ABSOLUTE
    ../clib/angel/handlers.s                 0x00000000   Number         0  __scatter_zi.o ABSOLUTE
    ../clib/angel/kernel.s                   0x00000000   Number         0  rtexit.o ABSOLUTE
    ../clib/angel/kernel.s                   0x00000000   Number         0  __rtentry.o ABSOLUTE
    ../clib/angel/kernel.s                   0x00000000   Number         0  __rtentry4.o ABSOLUTE
    ../clib/angel/kernel.s                   0x00000000   Number         0  __rtentry2.o ABSOLUTE
    ../clib/angel/kernel.s                   0x00000000   Number         0  rtexit2.o ABSOLUTE
    ../clib/angel/rt.s                       0x00000000   Number         0  rt_heap_descriptor.o ABSOLUTE
    ../clib/angel/rt.s                       0x00000000   Number         0  rt_locale_intlibspace.o ABSOLUTE
    ../clib/angel/rt.s                       0x00000000   Number         0  rt_locale.o ABSOLUTE
    ../clib/angel/rt.s                       0x00000000   Number         0  rt_errno_addr.o ABSOLUTE
    ../clib/angel/rt.s                       0x00000000   Number         0  rt_errno_addr_intlibspace.o ABSOLUTE
    ../clib/angel/rt.s                       0x00000000   Number         0  rt_heap_descriptor_intlibspace.o ABSOLUTE
    ../clib/angel/rt.s                       0x00000000   Number         0  rt_raise.o ABSOLUTE
    ../clib/angel/scatter.s                  0x00000000   Number         0  __scatter.o ABSOLUTE
    ../clib/angel/startup.s                  0x00000000   Number         0  __main.o ABSOLUTE
    ../clib/angel/sys.s                      0x00000000   Number         0  indicate_semi.o ABSOLUTE
    ../clib/angel/sys.s                      0x00000000   Number         0  use_no_semi.o ABSOLUTE
    ../clib/angel/sys.s                      0x00000000   Number         0  libspace.o ABSOLUTE
    ../clib/angel/sys.s                      0x00000000   Number         0  sys_stackheap_outer.o ABSOLUTE
    ../clib/angel/sys.s                      0x00000000   Number         0  mutex_dummy.o ABSOLUTE
    ../clib/angel/sysapp.c                   0x00000000   Number         0  sys_command.o ABSOLUTE
    ../clib/angel/sysapp.c                   0x00000000   Number         0  sys_wrch.o ABSOLUTE
    ../clib/angel/sysapp.c                   0x00000000   Number         0  sys_io.o ABSOLUTE
    ../clib/angel/sysapp.c                   0x00000000   Number         0  sys_exit.o ABSOLUTE
    ../clib/armsys.c                         0x00000000   Number         0  no_argv.o ABSOLUTE
    ../clib/armsys.c                         0x00000000   Number         0  _get_argv_nomalloc.o ABSOLUTE
    ../clib/armsys.c                         0x00000000   Number         0  _get_argv.o ABSOLUTE
    ../clib/armsys.c                         0x00000000   Number         0  argv_veneer.o ABSOLUTE
    ../clib/armsys.c                         0x00000000   Number         0  argv_veneer.o ABSOLUTE
    ../clib/bigflt.c                         0x00000000   Number         0  bigflt0.o ABSOLUTE
    ../clib/btod.s                           0x00000000   Number         0  btod.o ABSOLUTE
    ../clib/heap1.c                          0x00000000   Number         0  h1_alloc.o ABSOLUTE
    ../clib/heap1.c                          0x00000000   Number         0  h1_final.o ABSOLUTE
    ../clib/heap1.c                          0x00000000   Number         0  h1_extend_mt.o ABSOLUTE
    ../clib/heap1.c                          0x00000000   Number         0  h1_free_mt.o ABSOLUTE
    ../clib/heap1.c                          0x00000000   Number         0  h1_init_mt.o ABSOLUTE
    ../clib/heap1.c                          0x00000000   Number         0  h1_extend.o ABSOLUTE
    ../clib/heap1.c                          0x00000000   Number         0  h1_free.o ABSOLUTE
    ../clib/heap1.c                          0x00000000   Number         0  h1_alloc_mt.o ABSOLUTE
    ../clib/heap1.c                          0x00000000   Number         0  h1_final_mt.o ABSOLUTE
    ../clib/heap1.c                          0x00000000   Number         0  h1_init.o ABSOLUTE
    ../clib/heap2.c                          0x00000000   Number         0  fdtree.o ABSOLUTE
    ../clib/heap2.c                          0x00000000   Number         0  heap2mt.o ABSOLUTE
    ../clib/heap2.c                          0x00000000   Number         0  heap2.o ABSOLUTE
    ../clib/heapalloc.c                      0x00000000   Number         0  hguard.o ABSOLUTE
    ../clib/heapalloc.c                      0x00000000   Number         0  free.o ABSOLUTE
    ../clib/heapalloc.c                      0x00000000   Number         0  maybetermalloc2.o ABSOLUTE
    ../clib/heapalloc.c                      0x00000000   Number         0  maybetermalloc2.o ABSOLUTE
    ../clib/heapalloc.c                      0x00000000   Number         0  maybetermalloc1.o ABSOLUTE
    ../clib/heapalloc.c                      0x00000000   Number         0  maybetermalloc1.o ABSOLUTE
    ../clib/heapalloc.c                      0x00000000   Number         0  heapstubs.o ABSOLUTE
    ../clib/heapalloc.c                      0x00000000   Number         0  term_alloc.o ABSOLUTE
    ../clib/heapalloc.c                      0x00000000   Number         0  hrguard.o ABSOLUTE
    ../clib/heapalloc.c                      0x00000000   Number         0  malloc.o ABSOLUTE
    ../clib/heapalloc.c                      0x00000000   Number         0  init_alloc.o ABSOLUTE
    ../clib/heapaux.c                        0x00000000   Number         0  heapauxi.o ABSOLUTE
    ../clib/heapaux.c                        0x00000000   Number         0  heapauxa.o ABSOLUTE
    ../clib/libinit.s                        0x00000000   Number         0  libshutdown.o ABSOLUTE
    ../clib/libinit.s                        0x00000000   Number         0  libinit.o ABSOLUTE
    ../clib/libinit.s                        0x00000000   Number         0  libshutdown2.o ABSOLUTE
    ../clib/libinit.s                        0x00000000   Number         0  libinit2.o ABSOLUTE
    ../clib/locale.s                         0x00000000   Number         0  lc_numeric_c.o ABSOLUTE
    ../clib/longlong.s                       0x00000000   Number         0  lludiv10.o ABSOLUTE
    ../clib/memcpset.s                       0x00000000   Number         0  rt_memclr_w.o ABSOLUTE
    ../clib/memcpset.s                       0x00000000   Number         0  strcmpv7m.o ABSOLUTE
    ../clib/memcpset.s                       0x00000000   Number         0  rt_memcpy_w.o ABSOLUTE
    ../clib/misc.s                           0x00000000   Number         0  printf_stubs.o ABSOLUTE
    ../clib/printf.c                         0x00000000   Number         0  _printf_char_file.o ABSOLUTE
    ../clib/printf.c                         0x00000000   Number         0  _printf_dec.o ABSOLUTE
    ../clib/printf.c                         0x00000000   Number         0  __2printf.o ABSOLUTE
    ../clib/printf.c                         0x00000000   Number         0  _printf_char.o ABSOLUTE
    ../clib/printf.c                         0x00000000   Number         0  noretval__2printf.o ABSOLUTE
    ../clib/printf.c                         0x00000000   Number         0  _printf_intcommon.o ABSOLUTE
    ../clib/printf.c                         0x00000000   Number         0  __printf.o ABSOLUTE
    ../clib/printf.c                         0x00000000   Number         0  _printf_pad.o ABSOLUTE
    ../clib/printf.c                         0x00000000   Number         0  _printf_fp_dec.o ABSOLUTE
    ../clib/printf.c                         0x00000000   Number         0  _printf_str.o ABSOLUTE
    ../clib/printf.c                         0x00000000   Number         0  __printf_ss.o ABSOLUTE
    ../clib/printf.c                         0x00000000   Number         0  __printf_flags_ss.o ABSOLUTE
    ../clib/printf.c                         0x00000000   Number         0  _printf_hex_int_ll_ptr.o ABSOLUTE
    ../clib/printf.c                         0x00000000   Number         0  __printf_flags_wp.o ABSOLUTE
    ../clib/printf.c                         0x00000000   Number         0  _printf_hex_int_ptr.o ABSOLUTE
    ../clib/printf.c                         0x00000000   Number         0  _printf_hex_ptr.o ABSOLUTE
    ../clib/printf.c                         0x00000000   Number         0  _printf_hex_int_ll.o ABSOLUTE
    ../clib/printf.c                         0x00000000   Number         0  __printf_ss_wp.o ABSOLUTE
    ../clib/printf.c                         0x00000000   Number         0  __printf_flags_ss_wp.o ABSOLUTE
    ../clib/printf.c                         0x00000000   Number         0  _printf_hex_int.o ABSOLUTE
    ../clib/printf.c                         0x00000000   Number         0  _printf_hex_ll_ptr.o ABSOLUTE
    ../clib/printf.c                         0x00000000   Number         0  _printf_char_common.o ABSOLUTE
    ../clib/printf.c                         0x00000000   Number         0  __printf_flags.o ABSOLUTE
    ../clib/printf.c                         0x00000000   Number         0  _printf_fp_infnan.o ABSOLUTE
    ../clib/printf.c                         0x00000000   Number         0  __printf_nopercent.o ABSOLUTE
    ../clib/printf.c                         0x00000000   Number         0  _printf_hex_ll.o ABSOLUTE
    ../clib/printf.c                         0x00000000   Number         0  __printf_wp.o ABSOLUTE
    ../clib/printf_percent.s                 0x00000000   Number         0  _printf_percent.o ABSOLUTE
    ../clib/printf_percent.s                 0x00000000   Number         0  _printf_x.o ABSOLUTE
    ../clib/printf_percent.s                 0x00000000   Number         0  _printf_d.o ABSOLUTE
    ../clib/printf_percent.s                 0x00000000   Number         0  _printf_percent_end.o ABSOLUTE
    ../clib/printf_percent.s                 0x00000000   Number         0  _printf_c.o ABSOLUTE
    ../clib/printf_percent.s                 0x00000000   Number         0  _printf_e.o ABSOLUTE
    ../clib/printf_percent.s                 0x00000000   Number         0  _printf_g.o ABSOLUTE
    ../clib/printf_percent.s                 0x00000000   Number         0  _printf_f.o ABSOLUTE
    ../clib/signal.c                         0x00000000   Number         0  defsig_rtmem_formal.o ABSOLUTE
    ../clib/signal.c                         0x00000000   Number         0  defsig_rtmem_outer.o ABSOLUTE
    ../clib/signal.c                         0x00000000   Number         0  defsig_general.o ABSOLUTE
    ../clib/signal.c                         0x00000000   Number         0  defsig_abrt_inner.o ABSOLUTE
    ../clib/signal.c                         0x00000000   Number         0  defsig_rtred_formal.o ABSOLUTE
    ../clib/signal.c                         0x00000000   Number         0  defsig_rtred_outer.o ABSOLUTE
    ../clib/signal.c                         0x00000000   Number         0  defsig_other.o ABSOLUTE
    ../clib/signal.c                         0x00000000   Number         0  defsig_segv_inner.o ABSOLUTE
    ../clib/signal.c                         0x00000000   Number         0  defsig_cppl_inner.o ABSOLUTE
    ../clib/signal.c                         0x00000000   Number         0  defsig_pvfn_inner.o ABSOLUTE
    ../clib/signal.c                         0x00000000   Number         0  defsig_stak_inner.o ABSOLUTE
    ../clib/signal.c                         0x00000000   Number         0  defsig_exit.o ABSOLUTE
    ../clib/signal.c                         0x00000000   Number         0  defsig_rtred_inner.o ABSOLUTE
    ../clib/signal.c                         0x00000000   Number         0  defsig_fpe_inner.o ABSOLUTE
    ../clib/signal.c                         0x00000000   Number         0  defsig_rtmem_inner.o ABSOLUTE
    ../clib/signal.c                         0x00000000   Number         0  __raise.o ABSOLUTE
    ../clib/signal.s                         0x00000000   Number         0  defsig.o ABSOLUTE
    ../clib/stdio.c                          0x00000000   Number         0  setvbuf.o ABSOLUTE
    ../clib/stdio.c                          0x00000000   Number         0  fopen.o ABSOLUTE
    ../clib/stdio.c                          0x00000000   Number         0  stdio_streams.o ABSOLUTE
    ../clib/stdio.c                          0x00000000   Number         0  fseek.o ABSOLUTE
    ../clib/stdio.c                          0x00000000   Number         0  ftell.o ABSOLUTE
    ../clib/stdio.c                          0x00000000   Number         0  streamlock.o ABSOLUTE
    ../clib/stdio.c                          0x00000000   Number         0  initio_locked.o ABSOLUTE
    ../clib/stdio.c                          0x00000000   Number         0  stdio.o ABSOLUTE
    ../clib/stdio.c                          0x00000000   Number         0  fopen_locked.o ABSOLUTE
    ../clib/stdio.c                          0x00000000   Number         0  setvbuf_locked.o ABSOLUTE
    ../clib/stdio.c                          0x00000000   Number         0  fclose.o ABSOLUTE
    ../clib/stdio.c                          0x00000000   Number         0  initio.o ABSOLUTE
    ../clib/stdlib.c                         0x00000000   Number         0  exit.o ABSOLUTE
    ../clib/string.c                         0x00000000   Number         0  strlen.o ABSOLUTE
    ../fplib/dretinf.s                       0x00000000   Number         0  dretinf.o ABSOLUTE
    ../fplib/f2d.s                           0x00000000   Number         0  f2d.o ABSOLUTE
    ../fplib/fnaninf.s                       0x00000000   Number         0  fnaninf.o ABSOLUTE
    ../fplib/fpinit.s                        0x00000000   Number         0  fpinit.o ABSOLUTE
    ../fplib/istatus.s                       0x00000000   Number         0  istatus.o ABSOLUTE
    ../fplib/printf1.s                       0x00000000   Number         0  printf1.o ABSOLUTE
    ../fplib/usenofp.s                       0x00000000   Number         0  usenofp.o ABSOLUTE
    ../mathlib/fpclassify.c                  0x00000000   Number         0  fpclassify.o ABSOLUTE
    ADCT0ATrigger.c                          0x00000000   Number         0  adct0atrigger.o ABSOLUTE
    Lab2.c                                   0x00000000   Number         0  lab2.o ABSOLUTE
    PLL.c                                    0x00000000   Number         0  pll.o ABSOLUTE
    PeriodicTimer0AInts.c                    0x00000000   Number         0  periodictimer0aints.o ABSOLUTE
    ST7735.c                                 0x00000000   Number         0  st7735.o ABSOLUTE
    Timer0A.c                                0x00000000   Number         0  timer0a.o ABSOLUTE
    dc.s                                     0x00000000   Number         0  dc.o ABSOLUTE
    fixed.c                                  0x00000000   Number         0  fixed.o ABSOLUTE
    startup.s                                0x00000000   Number         0  startup.o ABSOLUTE
    temperature.c                            0x00000000   Number         0  temperature.o ABSOLUTE
    $v0                                      0x0000026c   Number         0  startup.o(RESET)
    !!!main                                  0x00000284   Section        8  __main.o(!!!main)
    !!!scatter                               0x0000028c   Section       52  __scatter.o(!!!scatter)
    !!handler_copy                           0x000002c0   Section       26  __scatter_copy.o(!!handler_copy)
    !!handler_zi                             0x000002dc   Section       28  __scatter_zi.o(!!handler_zi)
    .ARM.Collect$$_printf_percent$$00000000  0x000002f8   Section        0  _printf_percent.o(.ARM.Collect$$_printf_percent$$00000000)
    .ARM.Collect$$_printf_percent$$00000009  0x000002f8   Section        6  _printf_d.o(.ARM.Collect$$_printf_percent$$00000009)
    .ARM.Collect$$_printf_percent$$00000017  0x000002fe   Section        4  _printf_percent_end.o(.ARM.Collect$$_printf_percent$$00000017)
    .ARM.Collect$$libinit$$00000000          0x00000302   Section        2  libinit.o(.ARM.Collect$$libinit$$00000000)
    .ARM.Collect$$libinit$$00000001          0x00000304   Section        4  libinit2.o(.ARM.Collect$$libinit$$00000001)
    .ARM.Collect$$libinit$$00000004          0x00000308   Section        0  libinit2.o(.ARM.Collect$$libinit$$00000004)
    .ARM.Collect$$libinit$$00000005          0x00000308   Section        8  libinit2.o(.ARM.Collect$$libinit$$00000005)
    .ARM.Collect$$libinit$$0000000A          0x00000310   Section        0  libinit2.o(.ARM.Collect$$libinit$$0000000A)
    .ARM.Collect$$libinit$$0000000C          0x00000310   Section        0  libinit2.o(.ARM.Collect$$libinit$$0000000C)
    .ARM.Collect$$libinit$$0000000E          0x00000310   Section        0  libinit2.o(.ARM.Collect$$libinit$$0000000E)
    .ARM.Collect$$libinit$$00000011          0x00000310   Section        0  libinit2.o(.ARM.Collect$$libinit$$00000011)
    .ARM.Collect$$libinit$$00000013          0x00000310   Section        0  libinit2.o(.ARM.Collect$$libinit$$00000013)
    .ARM.Collect$$libinit$$00000015          0x00000310   Section        0  libinit2.o(.ARM.Collect$$libinit$$00000015)
    .ARM.Collect$$libinit$$00000017          0x00000310   Section        0  libinit2.o(.ARM.Collect$$libinit$$00000017)
    .ARM.Collect$$libinit$$00000019          0x00000310   Section        0  libinit2.o(.ARM.Collect$$libinit$$00000019)
    .ARM.Collect$$libinit$$0000001B          0x00000310   Section        0  libinit2.o(.ARM.Collect$$libinit$$0000001B)
    .ARM.Collect$$libinit$$0000001D          0x00000310   Section        0  libinit2.o(.ARM.Collect$$libinit$$0000001D)
    .ARM.Collect$$libinit$$0000001F          0x00000310   Section        0  libinit2.o(.ARM.Collect$$libinit$$0000001F)
    .ARM.Collect$$libinit$$00000021          0x00000310   Section        0  libinit2.o(.ARM.Collect$$libinit$$00000021)
    .ARM.Collect$$libinit$$00000023          0x00000310   Section        0  libinit2.o(.ARM.Collect$$libinit$$00000023)
    .ARM.Collect$$libinit$$00000024          0x00000310   Section        4  libinit2.o(.ARM.Collect$$libinit$$00000024)
    .ARM.Collect$$libinit$$00000025          0x00000314   Section        0  libinit2.o(.ARM.Collect$$libinit$$00000025)
    .ARM.Collect$$libinit$$0000002C          0x00000314   Section        0  libinit2.o(.ARM.Collect$$libinit$$0000002C)
    .ARM.Collect$$libinit$$0000002E          0x00000314   Section        0  libinit2.o(.ARM.Collect$$libinit$$0000002E)
    .ARM.Collect$$libinit$$00000030          0x00000314   Section        0  libinit2.o(.ARM.Collect$$libinit$$00000030)
    .ARM.Collect$$libinit$$00000032          0x00000314   Section        0  libinit2.o(.ARM.Collect$$libinit$$00000032)
    .ARM.Collect$$libinit$$00000033          0x00000314   Section        2  libinit2.o(.ARM.Collect$$libinit$$00000033)
    .ARM.Collect$$libshutdown$$00000000      0x00000316   Section        2  libshutdown.o(.ARM.Collect$$libshutdown$$00000000)
    .ARM.Collect$$libshutdown$$00000002      0x00000318   Section        0  libshutdown2.o(.ARM.Collect$$libshutdown$$00000002)
    .ARM.Collect$$libshutdown$$00000003      0x00000318   Section        4  libshutdown2.o(.ARM.Collect$$libshutdown$$00000003)
    .ARM.Collect$$libshutdown$$00000004      0x0000031c   Section        0  libshutdown2.o(.ARM.Collect$$libshutdown$$00000004)
    .ARM.Collect$$libshutdown$$00000007      0x0000031c   Section        0  libshutdown2.o(.ARM.Collect$$libshutdown$$00000007)
    .ARM.Collect$$libshutdown$$0000000A      0x0000031c   Section        0  libshutdown2.o(.ARM.Collect$$libshutdown$$0000000A)
    .ARM.Collect$$libshutdown$$0000000C      0x0000031c   Section        0  libshutdown2.o(.ARM.Collect$$libshutdown$$0000000C)
    .ARM.Collect$$libshutdown$$0000000F      0x0000031c   Section        0  libshutdown2.o(.ARM.Collect$$libshutdown$$0000000F)
    .ARM.Collect$$libshutdown$$00000010      0x0000031c   Section        2  libshutdown2.o(.ARM.Collect$$libshutdown$$00000010)
    .ARM.Collect$$rtentry$$00000000          0x0000031e   Section        0  __rtentry.o(.ARM.Collect$$rtentry$$00000000)
    .ARM.Collect$$rtentry$$00000002          0x0000031e   Section        0  __rtentry2.o(.ARM.Collect$$rtentry$$00000002)
    .ARM.Collect$$rtentry$$00000004          0x0000031e   Section        6  __rtentry4.o(.ARM.Collect$$rtentry$$00000004)
    .ARM.Collect$$rtentry$$00000009          0x00000324   Section        0  __rtentry2.o(.ARM.Collect$$rtentry$$00000009)
    .ARM.Collect$$rtentry$$0000000A          0x00000324   Section        4  __rtentry2.o(.ARM.Collect$$rtentry$$0000000A)
    .ARM.Collect$$rtentry$$0000000C          0x00000328   Section        0  __rtentry2.o(.ARM.Collect$$rtentry$$0000000C)
    .ARM.Collect$$rtentry$$0000000D          0x00000328   Section        8  __rtentry2.o(.ARM.Collect$$rtentry$$0000000D)
    .ARM.Collect$$rtexit$$00000000           0x00000330   Section        2  rtexit.o(.ARM.Collect$$rtexit$$00000000)
    .ARM.Collect$$rtexit$$00000002           0x00000332   Section        0  rtexit2.o(.ARM.Collect$$rtexit$$00000002)
    .ARM.Collect$$rtexit$$00000003           0x00000332   Section        4  rtexit2.o(.ARM.Collect$$rtexit$$00000003)
    .ARM.Collect$$rtexit$$00000004           0x00000336   Section        6  rtexit2.o(.ARM.Collect$$rtexit$$00000004)
    .emb_text                                0x0000033c   Section        0  maybetermalloc1.o(.emb_text)
    .text                                    0x0000033c   Section       48  startup.o(.text)
    $v0                                      0x0000033c   Number         0  startup.o(.text)
    .text                                    0x0000036c   Section        0  noretval__2printf.o(.text)
    .text                                    0x00000384   Section        0  _printf_dec.o(.text)
    .text                                    0x000003fc   Section        0  __printf_flags_wp.o(.text)
    .text                                    0x00000534   Section        0  heapauxi.o(.text)
    .text                                    0x0000053a   Section        0  _printf_intcommon.o(.text)
    .text                                    0x000005ec   Section        0  _printf_char_file.o(.text)
    .text                                    0x00000610   Section        0  _printf_char_common.o(.text)
    _printf_input_char                       0x00000611   Thumb Code    10  _printf_char_common.o(.text)
    .text                                    0x00000640   Section        0  initio.o(.text)
    .text                                    0x00000778   Section        0  sys_io.o(.text)
    .text                                    0x000007e0   Section        8  libspace.o(.text)
    .text                                    0x000007e8   Section       74  sys_stackheap_outer.o(.text)
    .text                                    0x00000832   Section        0  h1_free.o(.text)
    .text                                    0x00000880   Section        0  setvbuf.o(.text)
    .text                                    0x000008c8   Section        0  fopen.o(.text)
    _freopen_locked                          0x000008c9   Thumb Code     0  fopen.o(.text)
    .text                                    0x000009b4   Section        0  fclose.o(.text)
    .text                                    0x00000a00   Section        0  exit.o(.text)
    .text                                    0x00000a12   Section        0  defsig_rtred_outer.o(.text)
    .text                                    0x00000a20   Section       78  rt_memclr_w.o(.text)
    .text                                    0x00000a6e   Section        2  use_no_semi.o(.text)
    .text                                    0x00000a70   Section        0  indicate_semi.o(.text)
    .text                                    0x00000a70   Section        8  rt_heap_descriptor_intlibspace.o(.text)
    .text                                    0x00000a78   Section        0  hguard.o(.text)
    .text                                    0x00000a7c   Section        0  init_alloc.o(.text)
    .text                                    0x00000b06   Section        0  h1_alloc.o(.text)
    .text                                    0x00000b64   Section        0  fseek.o(.text)
    .text                                    0x00000c5c   Section        0  stdio.o(.text)
    .text                                    0x00000d4c   Section        0  defsig_exit.o(.text)
    .text                                    0x00000d58   Section        0  defsig_rtred_inner.o(.text)
    .text                                    0x00000d8c   Section        0  strlen.o(.text)
    .text                                    0x00000dcc   Section        0  sys_exit.o(.text)
    .text                                    0x00000dd8   Section        0  h1_init.o(.text)
    .text                                    0x00000de6   Section        0  h1_extend.o(.text)
    .text                                    0x00000e1a   Section        0  ftell.o(.text)
    .text                                    0x00000e5c   Section        0  defsig_general.o(.text)
    .text                                    0x00000e8e   Section        0  defsig_rtmem_outer.o(.text)
    .text                                    0x00000e9c   Section        0  sys_wrch.o(.text)
    .text                                    0x00000eac   Section        8  rt_errno_addr_intlibspace.o(.text)
    .text                                    0x00000eb4   Section        0  defsig_rtmem_inner.o(.text)
    i.ADC0Seq3_Handler                       0x00000f04   Section        0  adct0atrigger.o(i.ADC0Seq3_Handler)
    i.ADC0_InitTimer0ATriggerSeq3            0x00000f20   Section        0  adct0atrigger.o(i.ADC0_InitTimer0ATriggerSeq3)
    i.Delay1ms                               0x00001348   Section        0  st7735.o(i.Delay1ms)
    i.Output_Init                            0x00001368   Section        0  st7735.o(i.Output_Init)
    i.PLL_Init                               0x00001378   Section        0  pll.o(i.PLL_Init)
    i.ST7735_DrawCharS                       0x000013f4   Section        0  st7735.o(i.ST7735_DrawCharS)
    i.ST7735_DrawPixel                       0x000014ec   Section        0  st7735.o(i.ST7735_DrawPixel)
    i.ST7735_DrawString                      0x00001534   Section        0  st7735.o(i.ST7735_DrawString)
    i.ST7735_FillRect                        0x0000158c   Section        0  st7735.o(i.ST7735_FillRect)
    i.ST7735_FillScreen                      0x00001638   Section        0  st7735.o(i.ST7735_FillScreen)
    i.ST7735_InitR                           0x0000165c   Section        0  st7735.o(i.ST7735_InitR)
    i.ST7735_OutChar                         0x000016d8   Section        0  st7735.o(i.ST7735_OutChar)
    i.ST7735_SetCursor                       0x000017ac   Section        0  st7735.o(i.ST7735_SetCursor)
    i.ST7735_sDecOut3                        0x000017cc   Section        0  fixed.o(i.ST7735_sDecOut3)
    i.Timer0A_Handler                        0x00001880   Section        0  timer0a.o(i.Timer0A_Handler)
    i._is_digit                              0x00001898   Section        0  __printf_wp.o(i._is_digit)
    i.adcToTemp                              0x000018a8   Section        0  temperature.o(i.adcToTemp)
    i.commandList                            0x00001964   Section        0  st7735.o(i.commandList)
    commandList                              0x00001965   Thumb Code    86  st7735.o(i.commandList)
    i.commonInit                             0x000019bc   Section        0  st7735.o(i.commonInit)
    commonInit                               0x000019bd   Thumb Code   342  st7735.o(i.commonInit)
    i.ferror                                 0x00001b44   Section        0  st7735.o(i.ferror)
    i.fputc                                  0x00001b4c   Section        0  st7735.o(i.fputc)
    i.main                                   0x00001b5c   Section        0  periodictimer0aints.o(i.main)
    i.pushColor                              0x00001c34   Section        0  st7735.o(i.pushColor)
    pushColor                                0x00001c35   Thumb Code    18  st7735.o(i.pushColor)
    i.setAddrWindow                          0x00001c48   Section        0  st7735.o(i.setAddrWindow)
    setAddrWindow                            0x00001c49   Thumb Code   106  st7735.o(i.setAddrWindow)
    i.writecommand                           0x00001cbc   Section        0  st7735.o(i.writecommand)
    writecommand                             0x00001cbd   Thumb Code    40  st7735.o(i.writecommand)
    i.writedata                              0x00001cec   Section        0  st7735.o(i.writedata)
    writedata                                0x00001ced   Thumb Code    26  st7735.o(i.writedata)
    x$fpl$fpinit                             0x00001d10   Section       10  fpinit.o(x$fpl$fpinit)
    $v0                                      0x00001d10   Number         0  fpinit.o(x$fpl$fpinit)
    .constdata                               0x00001d1a   Section     2018  st7735.o(.constdata)
    Font                                     0x00001d1a   Data        1275  st7735.o(.constdata)
    Bcmd                                     0x00002215   Data         103  st7735.o(.constdata)
    Rcmd1                                    0x0000227c   Data          59  st7735.o(.constdata)
    Rcmd2green                               0x000022b7   Data          13  st7735.o(.constdata)
    Rcmd2red                                 0x000022c4   Data          13  st7735.o(.constdata)
    Rcmd3                                    0x000022d1   Data          43  st7735.o(.constdata)
    .constdata                               0x000024fc   Section      636  temperature.o(.constdata)
    .constdata                               0x00002778   Section       17  __printf_flags_wp.o(.constdata)
    maptable                                 0x00002778   Data          17  __printf_flags_wp.o(.constdata)
    .constdata                               0x00002789   Section        4  sys_io.o(.constdata)
    .constdata                               0x0000278d   Section        4  sys_io.o(.constdata)
    .constdata                               0x00002791   Section        4  sys_io.o(.constdata)
    .data                                    0x20000000   Section       12  periodictimer0aints.o(.data)
    .data                                    0x2000000c   Section        4  timer0a.o(.data)
    .data                                    0x20000010   Section       44  st7735.o(.data)
    ColStart                                 0x2000001a   Data           1  st7735.o(.data)
    RowStart                                 0x2000001b   Data           1  st7735.o(.data)
    Rotation                                 0x2000001c   Data           1  st7735.o(.data)
    TabColor                                 0x2000001d   Data           1  st7735.o(.data)
    _width                                   0x2000001e   Data           2  st7735.o(.data)
    _height                                  0x20000020   Data           2  st7735.o(.data)
    .data                                    0x2000003c   Section       16  temperature.o(.data)
    .data                                    0x2000004c   Section        4  stdio_streams.o(.data)
    .data                                    0x20000050   Section        4  stdio_streams.o(.data)
    .data                                    0x20000054   Section        4  stdio_streams.o(.data)
    .bss                                     0x20000058   Section       84  stdio_streams.o(.bss)
    .bss                                     0x200000ac   Section       84  stdio_streams.o(.bss)
    .bss                                     0x20000100   Section       84  stdio_streams.o(.bss)
    .bss                                     0x20000154   Section       96  libspace.o(.bss)
    HEAP                                     0x200001b8   Section        0  startup.o(HEAP)
    STACK                                    0x200001b8   Section     1024  startup.o(STACK)
    HeapMem                                  0x200001b8   Data           0  startup.o(HEAP)
    StackMem                                 0x200001b8   Data           0  startup.o(STACK)

    Global Symbols

    Symbol Name                              Value     Ov Type        Size  Object(Section)

    BuildAttributes$$THM_ISAv4$E$P$D$K$B$S$7EM$VFPi3$EXTD16$VFPS$VFMA$PE$A:L22UL41UL21$X:L11$S22US41US21$IEEE1$IW$USESV6$~STKCKD$USESV7$~SHL$OTIME$ROPI$IEEEJ$EBA8$UX$STANDARDLIB$REQ8$PRES8$EABIv2 0x00000000   Number         0  anon$$obj.o ABSOLUTE
    __ARM_use_no_argv                        0x00000000   Number         0  periodictimer0aints.o ABSOLUTE
    __Vectors                                0x00000000   Data           0  startup.o(RESET)
    _printf_flags                            0x00000000   Number         0  printf_stubs.o ABSOLUTE
    _printf_return_value                     0x00000000   Number         0  printf_stubs.o ABSOLUTE
    _printf_sizespec                         0x00000000   Number         0  printf_stubs.o ABSOLUTE
    _printf_widthprec                        0x00000000   Number         0  printf_stubs.o ABSOLUTE
    __ARM_exceptions_init                     - Undefined Weak Reference
    __alloca_initialize                       - Undefined Weak Reference
    __arm_preinit_                            - Undefined Weak Reference
    __cpp_initialize__aeabi_                  - Undefined Weak Reference
    __cxa_finalize                            - Undefined Weak Reference
    __sigvec_lookup                           - Undefined Weak Reference
    __user_heap_extent                        - Undefined Weak Reference
    _atexit_init                              - Undefined Weak Reference
    _call_atexit_fns                          - Undefined Weak Reference
    _clock_init                               - Undefined Weak Reference
    _fp_trap_init                             - Undefined Weak Reference
    _fp_trap_shutdown                         - Undefined Weak Reference
    _get_lc_collate                           - Undefined Weak Reference
    _get_lc_ctype                             - Undefined Weak Reference
    _get_lc_monetary                          - Undefined Weak Reference
    _get_lc_time                              - Undefined Weak Reference
    _getenv_init                              - Undefined Weak Reference
    _handle_redirection                       - Undefined Weak Reference
    _mutex_acquire                            - Undefined Weak Reference
    _mutex_free                               - Undefined Weak Reference
    _mutex_release                            - Undefined Weak Reference
    _printf_mbtowc                            - Undefined Weak Reference
    _printf_truncate_signed                   - Undefined Weak Reference
    _printf_truncate_unsigned                 - Undefined Weak Reference
    _rand_init                                - Undefined Weak Reference
    _signal_finish                            - Undefined Weak Reference
    _signal_init                              - Undefined Weak Reference
    Reset_Handler                            0x0000026d   Thumb Code     0  startup.o(RESET)
    NMI_Handler                              0x00000271   Thumb Code     2  startup.o(RESET)
    HardFault_Handler                        0x00000273   Thumb Code     2  startup.o(RESET)
    MemManage_Handler                        0x00000275   Thumb Code     2  startup.o(RESET)
    BusFault_Handler                         0x00000277   Thumb Code     2  startup.o(RESET)
    UsageFault_Handler                       0x00000279   Thumb Code     2  startup.o(RESET)
    SVC_Handler                              0x0000027b   Thumb Code     2  startup.o(RESET)
    DebugMon_Handler                         0x0000027d   Thumb Code     2  startup.o(RESET)
    PendSV_Handler                           0x0000027f   Thumb Code     2  startup.o(RESET)
    SysTick_Handler                          0x00000281   Thumb Code     2  startup.o(RESET)
    ADC0Seq0_Handler                         0x00000283   Thumb Code     0  startup.o(RESET)
    ADC0Seq1_Handler                         0x00000283   Thumb Code     0  startup.o(RESET)
    ADC0Seq2_Handler                         0x00000283   Thumb Code     0  startup.o(RESET)
    ADC1Seq0_Handler                         0x00000283   Thumb Code     0  startup.o(RESET)
    ADC1Seq1_Handler                         0x00000283   Thumb Code     0  startup.o(RESET)
    ADC1Seq2_Handler                         0x00000283   Thumb Code     0  startup.o(RESET)
    ADC1Seq3_Handler                         0x00000283   Thumb Code     0  startup.o(RESET)
    CAN0_Handler                             0x00000283   Thumb Code     0  startup.o(RESET)
    CAN1_Handler                             0x00000283   Thumb Code     0  startup.o(RESET)
    CAN2_Handler                             0x00000283   Thumb Code     0  startup.o(RESET)
    Comp0_Handler                            0x00000283   Thumb Code     0  startup.o(RESET)
    Comp1_Handler                            0x00000283   Thumb Code     0  startup.o(RESET)
    Comp2_Handler                            0x00000283   Thumb Code     0  startup.o(RESET)
    Ethernet_Handler                         0x00000283   Thumb Code     0  startup.o(RESET)
    ExtBus_Handler                           0x00000283   Thumb Code     0  startup.o(RESET)
    FPU_Handler                              0x00000283   Thumb Code     0  startup.o(RESET)
    Fan0_Handler                             0x00000283   Thumb Code     0  startup.o(RESET)
    FlashCtl_Handler                         0x00000283   Thumb Code     0  startup.o(RESET)
    GPIOPortA_Handler                        0x00000283   Thumb Code     0  startup.o(RESET)
    GPIOPortB_Handler                        0x00000283   Thumb Code     0  startup.o(RESET)
    GPIOPortC_Handler                        0x00000283   Thumb Code     0  startup.o(RESET)
    GPIOPortD_Handler                        0x00000283   Thumb Code     0  startup.o(RESET)
    GPIOPortE_Handler                        0x00000283   Thumb Code     0  startup.o(RESET)
    GPIOPortF_Handler                        0x00000283   Thumb Code     0  startup.o(RESET)
    GPIOPortG_Handler                        0x00000283   Thumb Code     0  startup.o(RESET)
    GPIOPortH_Handler                        0x00000283   Thumb Code     0  startup.o(RESET)
    GPIOPortJ_Handler                        0x00000283   Thumb Code     0  startup.o(RESET)
    GPIOPortK_Handler                        0x00000283   Thumb Code     0  startup.o(RESET)
    GPIOPortL_Handler                        0x00000283   Thumb Code     0  startup.o(RESET)
    GPIOPortM_Handler                        0x00000283   Thumb Code     0  startup.o(RESET)
    GPIOPortN_Handler                        0x00000283   Thumb Code     0  startup.o(RESET)
    GPIOPortP1_Handler                       0x00000283   Thumb Code     0  startup.o(RESET)
    GPIOPortP2_Handler                       0x00000283   Thumb Code     0  startup.o(RESET)
    GPIOPortP3_Handler                       0x00000283   Thumb Code     0  startup.o(RESET)
    GPIOPortP4_Handler                       0x00000283   Thumb Code     0  startup.o(RESET)
    GPIOPortP5_Handler                       0x00000283   Thumb Code     0  startup.o(RESET)
    GPIOPortP6_Handler                       0x00000283   Thumb Code     0  startup.o(RESET)
    GPIOPortP7_Handler                       0x00000283   Thumb Code     0  startup.o(RESET)
    GPIOPortP_Handler                        0x00000283   Thumb Code     0  startup.o(RESET)
    GPIOPortQ1_Handler                       0x00000283   Thumb Code     0  startup.o(RESET)
    GPIOPortQ2_Handler                       0x00000283   Thumb Code     0  startup.o(RESET)
    GPIOPortQ3_Handler                       0x00000283   Thumb Code     0  startup.o(RESET)
    GPIOPortQ4_Handler                       0x00000283   Thumb Code     0  startup.o(RESET)
    GPIOPortQ5_Handler                       0x00000283   Thumb Code     0  startup.o(RESET)
    GPIOPortQ6_Handler                       0x00000283   Thumb Code     0  startup.o(RESET)
    GPIOPortQ7_Handler                       0x00000283   Thumb Code     0  startup.o(RESET)
    GPIOPortQ_Handler                        0x00000283   Thumb Code     0  startup.o(RESET)
    GPIOPortR_Handler                        0x00000283   Thumb Code     0  startup.o(RESET)
    GPIOPortS_Handler                        0x00000283   Thumb Code     0  startup.o(RESET)
    Hibernate_Handler                        0x00000283   Thumb Code     0  startup.o(RESET)
    I2C0_Handler                             0x00000283   Thumb Code     0  startup.o(RESET)
    I2C1_Handler                             0x00000283   Thumb Code     0  startup.o(RESET)
    I2C2_Handler                             0x00000283   Thumb Code     0  startup.o(RESET)
    I2C3_Handler                             0x00000283   Thumb Code     0  startup.o(RESET)
    I2C4_Handler                             0x00000283   Thumb Code     0  startup.o(RESET)
    I2C5_Handler                             0x00000283   Thumb Code     0  startup.o(RESET)
    I2S0_Handler                             0x00000283   Thumb Code     0  startup.o(RESET)
    LPC0_Handler                             0x00000283   Thumb Code     0  startup.o(RESET)
    PECI0_Handler                            0x00000283   Thumb Code     0  startup.o(RESET)
    PWM0Fault_Handler                        0x00000283   Thumb Code     0  startup.o(RESET)
    PWM0Generator0_Handler                   0x00000283   Thumb Code     0  startup.o(RESET)
    PWM0Generator1_Handler                   0x00000283   Thumb Code     0  startup.o(RESET)
    PWM0Generator2_Handler                   0x00000283   Thumb Code     0  startup.o(RESET)
    PWM0Generator3_Handler                   0x00000283   Thumb Code     0  startup.o(RESET)
    PWM1Fault_Handler                        0x00000283   Thumb Code     0  startup.o(RESET)
    PWM1Generator0_Handler                   0x00000283   Thumb Code     0  startup.o(RESET)
    PWM1Generator1_Handler                   0x00000283   Thumb Code     0  startup.o(RESET)
    PWM1Generator2_Handler                   0x00000283   Thumb Code     0  startup.o(RESET)
    PWM1Generator3_Handler                   0x00000283   Thumb Code     0  startup.o(RESET)
    Quadrature0_Handler                      0x00000283   Thumb Code     0  startup.o(RESET)
    Quadrature1_Handler                      0x00000283   Thumb Code     0  startup.o(RESET)
    Quadrature2_Handler                      0x00000283   Thumb Code     0  startup.o(RESET)
    SSI0_Handler                             0x00000283   Thumb Code     0  startup.o(RESET)
    SSI1_Handler                             0x00000283   Thumb Code     0  startup.o(RESET)
    SSI2_Handler                             0x00000283   Thumb Code     0  startup.o(RESET)
    SSI3_Handler                             0x00000283   Thumb Code     0  startup.o(RESET)
    SysCtl_Handler                           0x00000283   Thumb Code     0  startup.o(RESET)
    Timer0B_Handler                          0x00000283   Thumb Code     0  startup.o(RESET)
    Timer1A_Handler                          0x00000283   Thumb Code     0  startup.o(RESET)
    Timer1B_Handler                          0x00000283   Thumb Code     0  startup.o(RESET)
    Timer2A_Handler                          0x00000283   Thumb Code     0  startup.o(RESET)
    Timer2B_Handler                          0x00000283   Thumb Code     0  startup.o(RESET)
    Timer3A_Handler                          0x00000283   Thumb Code     0  startup.o(RESET)
    Timer3B_Handler                          0x00000283   Thumb Code     0  startup.o(RESET)
    Timer4A_Handler                          0x00000283   Thumb Code     0  startup.o(RESET)
    Timer4B_Handler                          0x00000283   Thumb Code     0  startup.o(RESET)
    Timer5A_Handler                          0x00000283   Thumb Code     0  startup.o(RESET)
    Timer5B_Handler                          0x00000283   Thumb Code     0  startup.o(RESET)
    UART0_Handler                            0x00000283   Thumb Code     0  startup.o(RESET)
    UART1_Handler                            0x00000283   Thumb Code     0  startup.o(RESET)
    UART2_Handler                            0x00000283   Thumb Code     0  startup.o(RESET)
    UART3_Handler                            0x00000283   Thumb Code     0  startup.o(RESET)
    UART4_Handler                            0x00000283   Thumb Code     0  startup.o(RESET)
    UART5_Handler                            0x00000283   Thumb Code     0  startup.o(RESET)
    UART6_Handler                            0x00000283   Thumb Code     0  startup.o(RESET)
    UART7_Handler                            0x00000283   Thumb Code     0  startup.o(RESET)
    USB0_Handler                             0x00000283   Thumb Code     0  startup.o(RESET)
    WDT_Handler                              0x00000283   Thumb Code     0  startup.o(RESET)
    WideTimer0A_Handler                      0x00000283   Thumb Code     0  startup.o(RESET)
    WideTimer0B_Handler                      0x00000283   Thumb Code     0  startup.o(RESET)
    WideTimer1A_Handler                      0x00000283   Thumb Code     0  startup.o(RESET)
    WideTimer1B_Handler                      0x00000283   Thumb Code     0  startup.o(RESET)
    WideTimer2A_Handler                      0x00000283   Thumb Code     0  startup.o(RESET)
    WideTimer2B_Handler                      0x00000283   Thumb Code     0  startup.o(RESET)
    WideTimer3A_Handler                      0x00000283   Thumb Code     0  startup.o(RESET)
    WideTimer3B_Handler                      0x00000283   Thumb Code     0  startup.o(RESET)
    WideTimer4A_Handler                      0x00000283   Thumb Code     0  startup.o(RESET)
    WideTimer4B_Handler                      0x00000283   Thumb Code     0  startup.o(RESET)
    WideTimer5A_Handler                      0x00000283   Thumb Code     0  startup.o(RESET)
    WideTimer5B_Handler                      0x00000283   Thumb Code     0  startup.o(RESET)
    uDMA_Error                               0x00000283   Thumb Code     0  startup.o(RESET)
    uDMA_Handler                             0x00000283   Thumb Code     0  startup.o(RESET)
    __main                                   0x00000285   Thumb Code     8  __main.o(!!!main)
    __scatterload                            0x0000028d   Thumb Code     0  __scatter.o(!!!scatter)
    __scatterload_rt2                        0x0000028d   Thumb Code    44  __scatter.o(!!!scatter)
    __scatterload_rt2_thumb_only             0x0000028d   Thumb Code     0  __scatter.o(!!!scatter)
    __scatterload_null                       0x0000029b   Thumb Code     0  __scatter.o(!!!scatter)
    __scatterload_copy                       0x000002c1   Thumb Code    26  __scatter_copy.o(!!handler_copy)
    __scatterload_zeroinit                   0x000002dd   Thumb Code    28  __scatter_zi.o(!!handler_zi)
    _printf_d                                0x000002f9   Thumb Code     0  _printf_d.o(.ARM.Collect$$_printf_percent$$00000009)
    _printf_percent                          0x000002f9   Thumb Code     0  _printf_percent.o(.ARM.Collect$$_printf_percent$$00000000)
    _printf_percent_end                      0x000002ff   Thumb Code     0  _printf_percent_end.o(.ARM.Collect$$_printf_percent$$00000017)
    __rt_lib_init                            0x00000303   Thumb Code     0  libinit.o(.ARM.Collect$$libinit$$00000000)
    __rt_lib_init_fp_1                       0x00000305   Thumb Code     0  libinit2.o(.ARM.Collect$$libinit$$00000001)
    __rt_lib_init_heap_2                     0x00000309   Thumb Code     0  libinit2.o(.ARM.Collect$$libinit$$00000005)
    __rt_lib_init_preinit_1                  0x00000309   Thumb Code     0  libinit2.o(.ARM.Collect$$libinit$$00000004)
    __rt_lib_init_atexit_1                   0x00000311   Thumb Code     0  libinit2.o(.ARM.Collect$$libinit$$0000001B)
    __rt_lib_init_clock_1                    0x00000311   Thumb Code     0  libinit2.o(.ARM.Collect$$libinit$$00000021)
    __rt_lib_init_fp_trap_1                  0x00000311   Thumb Code     0  libinit2.o(.ARM.Collect$$libinit$$0000001F)
    __rt_lib_init_getenv_1                   0x00000311   Thumb Code     0  libinit2.o(.ARM.Collect$$libinit$$00000023)
    __rt_lib_init_heap_1                     0x00000311   Thumb Code     0  libinit2.o(.ARM.Collect$$libinit$$0000000A)
    __rt_lib_init_lc_collate_1               0x00000311   Thumb Code     0  libinit2.o(.ARM.Collect$$libinit$$00000011)
    __rt_lib_init_lc_ctype_1                 0x00000311   Thumb Code     0  libinit2.o(.ARM.Collect$$libinit$$00000013)
    __rt_lib_init_lc_monetary_1              0x00000311   Thumb Code     0  libinit2.o(.ARM.Collect$$libinit$$00000015)
    __rt_lib_init_lc_numeric_1               0x00000311   Thumb Code     0  libinit2.o(.ARM.Collect$$libinit$$00000017)
    __rt_lib_init_lc_time_1                  0x00000311   Thumb Code     0  libinit2.o(.ARM.Collect$$libinit$$00000019)
    __rt_lib_init_rand_1                     0x00000311   Thumb Code     0  libinit2.o(.ARM.Collect$$libinit$$0000000E)
    __rt_lib_init_signal_1                   0x00000311   Thumb Code     0  libinit2.o(.ARM.Collect$$libinit$$0000001D)
    __rt_lib_init_stdio_2                    0x00000311   Thumb Code     0  libinit2.o(.ARM.Collect$$libinit$$00000024)
    __rt_lib_init_user_alloc_1               0x00000311   Thumb Code     0  libinit2.o(.ARM.Collect$$libinit$$0000000C)
    __rt_lib_init_alloca_1                   0x00000315   Thumb Code     0  libinit2.o(.ARM.Collect$$libinit$$0000002E)
    __rt_lib_init_argv_1                     0x00000315   Thumb Code     0  libinit2.o(.ARM.Collect$$libinit$$0000002C)
    __rt_lib_init_cpp_1                      0x00000315   Thumb Code     0  libinit2.o(.ARM.Collect$$libinit$$00000032)
    __rt_lib_init_exceptions_1               0x00000315   Thumb Code     0  libinit2.o(.ARM.Collect$$libinit$$00000030)
    __rt_lib_init_return                     0x00000315   Thumb Code     0  libinit2.o(.ARM.Collect$$libinit$$00000033)
    __rt_lib_init_stdio_1                    0x00000315   Thumb Code     0  libinit2.o(.ARM.Collect$$libinit$$00000025)
    __rt_lib_shutdown                        0x00000317   Thumb Code     0  libshutdown.o(.ARM.Collect$$libshutdown$$00000000)
    __rt_lib_shutdown_cpp_1                  0x00000319   Thumb Code     0  libshutdown2.o(.ARM.Collect$$libshutdown$$00000002)
    __rt_lib_shutdown_stdio_2                0x00000319   Thumb Code     0  libshutdown2.o(.ARM.Collect$$libshutdown$$00000003)
    __rt_lib_shutdown_fp_trap_1              0x0000031d   Thumb Code     0  libshutdown2.o(.ARM.Collect$$libshutdown$$00000007)
    __rt_lib_shutdown_heap_1                 0x0000031d   Thumb Code     0  libshutdown2.o(.ARM.Collect$$libshutdown$$0000000F)
    __rt_lib_shutdown_return                 0x0000031d   Thumb Code     0  libshutdown2.o(.ARM.Collect$$libshutdown$$00000010)
    __rt_lib_shutdown_signal_1               0x0000031d   Thumb Code     0  libshutdown2.o(.ARM.Collect$$libshutdown$$0000000A)
    __rt_lib_shutdown_stdio_1                0x0000031d   Thumb Code     0  libshutdown2.o(.ARM.Collect$$libshutdown$$00000004)
    __rt_lib_shutdown_user_alloc_1           0x0000031d   Thumb Code     0  libshutdown2.o(.ARM.Collect$$libshutdown$$0000000C)
    __rt_entry                               0x0000031f   Thumb Code     0  __rtentry.o(.ARM.Collect$$rtentry$$00000000)
    __rt_entry_presh_1                       0x0000031f   Thumb Code     0  __rtentry2.o(.ARM.Collect$$rtentry$$00000002)
    __rt_entry_sh                            0x0000031f   Thumb Code     0  __rtentry4.o(.ARM.Collect$$rtentry$$00000004)
    __rt_entry_li                            0x00000325   Thumb Code     0  __rtentry2.o(.ARM.Collect$$rtentry$$0000000A)
    __rt_entry_postsh_1                      0x00000325   Thumb Code     0  __rtentry2.o(.ARM.Collect$$rtentry$$00000009)
    __rt_entry_main                          0x00000329   Thumb Code     0  __rtentry2.o(.ARM.Collect$$rtentry$$0000000D)
    __rt_entry_postli_1                      0x00000329   Thumb Code     0  __rtentry2.o(.ARM.Collect$$rtentry$$0000000C)
    __rt_exit                                0x00000331   Thumb Code     0  rtexit.o(.ARM.Collect$$rtexit$$00000000)
    __rt_exit_ls                             0x00000333   Thumb Code     0  rtexit2.o(.ARM.Collect$$rtexit$$00000003)
    __rt_exit_prels_1                        0x00000333   Thumb Code     0  rtexit2.o(.ARM.Collect$$rtexit$$00000002)
    __rt_exit_exit                           0x00000337   Thumb Code     0  rtexit2.o(.ARM.Collect$$rtexit$$00000004)
    DisableInterrupts                        0x0000033d   Thumb Code     0  startup.o(.text)
    _maybe_terminate_alloc                   0x0000033d   Thumb Code     0  maybetermalloc1.o(.emb_text)
    EnableInterrupts                         0x00000341   Thumb Code     0  startup.o(.text)
    StartCritical                            0x00000345   Thumb Code     0  startup.o(.text)
    EndCritical                              0x0000034d   Thumb Code     0  startup.o(.text)
    WaitForInterrupt                         0x00000353   Thumb Code     0  startup.o(.text)
    __user_initial_stackheap                 0x00000357   Thumb Code     0  startup.o(.text)
    __2printf                                0x0000036d   Thumb Code    20  noretval__2printf.o(.text)
    _printf_int_dec                          0x00000385   Thumb Code   104  _printf_dec.o(.text)
    __printf                                 0x000003fd   Thumb Code   308  __printf_flags_wp.o(.text)
    __use_two_region_memory                  0x00000535   Thumb Code     2  heapauxi.o(.text)
    __rt_heap_escrow                         0x00000537   Thumb Code     2  heapauxi.o(.text)
    __rt_heap_expand                         0x00000539   Thumb Code     2  heapauxi.o(.text)
    _printf_int_common                       0x0000053b   Thumb Code   178  _printf_intcommon.o(.text)
    _printf_char_file                        0x000005ed   Thumb Code    32  _printf_char_file.o(.text)
    _printf_char_common                      0x0000061b   Thumb Code    32  _printf_char_common.o(.text)
    _initio                                  0x00000641   Thumb Code   210  initio.o(.text)
    _terminateio                             0x00000713   Thumb Code    56  initio.o(.text)
    _sys_open                                0x00000779   Thumb Code    20  sys_io.o(.text)
    _sys_close                               0x0000078d   Thumb Code    12  sys_io.o(.text)
    _sys_write                               0x00000799   Thumb Code    16  sys_io.o(.text)
    _sys_read                                0x000007a9   Thumb Code    14  sys_io.o(.text)
    _sys_istty                               0x000007b7   Thumb Code    12  sys_io.o(.text)
    _sys_seek                                0x000007c3   Thumb Code    14  sys_io.o(.text)
    _sys_ensure                              0x000007d1   Thumb Code     2  sys_io.o(.text)
    _sys_flen                                0x000007d3   Thumb Code    12  sys_io.o(.text)
    __user_libspace                          0x000007e1   Thumb Code     8  libspace.o(.text)
    __user_perproc_libspace                  0x000007e1   Thumb Code     0  libspace.o(.text)
    __user_perthread_libspace                0x000007e1   Thumb Code     0  libspace.o(.text)
    __user_setup_stackheap                   0x000007e9   Thumb Code    74  sys_stackheap_outer.o(.text)
    free                                     0x00000833   Thumb Code    78  h1_free.o(.text)
    setvbuf                                  0x00000881   Thumb Code    70  setvbuf.o(.text)
    freopen                                  0x000008c9   Thumb Code   158  fopen.o(.text)
    fopen                                    0x00000967   Thumb Code    74  fopen.o(.text)
    _fclose_internal                         0x000009b5   Thumb Code    76  fclose.o(.text)
    fclose                                   0x000009b5   Thumb Code     0  fclose.o(.text)
    exit                                     0x00000a01   Thumb Code    18  exit.o(.text)
    __rt_SIGRTRED                            0x00000a13   Thumb Code    14  defsig_rtred_outer.o(.text)
    __aeabi_memclr4                          0x00000a21   Thumb Code     0  rt_memclr_w.o(.text)
    __aeabi_memclr8                          0x00000a21   Thumb Code     0  rt_memclr_w.o(.text)
    __rt_memclr_w                            0x00000a21   Thumb Code    78  rt_memclr_w.o(.text)
    _memset_w                                0x00000a25   Thumb Code     0  rt_memclr_w.o(.text)
    __I$use$semihosting                      0x00000a6f   Thumb Code     0  use_no_semi.o(.text)
    __use_no_semihosting_swi                 0x00000a6f   Thumb Code     2  use_no_semi.o(.text)
    __rt_heap_descriptor                     0x00000a71   Thumb Code     8  rt_heap_descriptor_intlibspace.o(.text)
    __semihosting_library_function           0x00000a71   Thumb Code     0  indicate_semi.o(.text)
    __use_no_heap                            0x00000a79   Thumb Code     2  hguard.o(.text)
    __heap$guard                             0x00000a7b   Thumb Code     2  hguard.o(.text)
    _terminate_user_alloc                    0x00000a7d   Thumb Code     2  init_alloc.o(.text)
    _init_user_alloc                         0x00000a7f   Thumb Code     2  init_alloc.o(.text)
    __Heap_Full                              0x00000a81   Thumb Code    34  init_alloc.o(.text)
    __Heap_Broken                            0x00000aa3   Thumb Code     6  init_alloc.o(.text)
    _init_alloc                              0x00000aa9   Thumb Code    94  init_alloc.o(.text)
    malloc                                   0x00000b07   Thumb Code    94  h1_alloc.o(.text)
    _fseek                                   0x00000b65   Thumb Code   242  fseek.o(.text)
    fseek                                    0x00000b65   Thumb Code     0  fseek.o(.text)
    _seterr                                  0x00000c5d   Thumb Code    20  stdio.o(.text)
    _writebuf                                0x00000c71   Thumb Code    84  stdio.o(.text)
    _fflush                                  0x00000cc5   Thumb Code    70  stdio.o(.text)
    _deferredlazyseek                        0x00000d0b   Thumb Code    60  stdio.o(.text)
    __sig_exit                               0x00000d4d   Thumb Code    10  defsig_exit.o(.text)
    __rt_SIGRTRED_inner                      0x00000d59   Thumb Code    14  defsig_rtred_inner.o(.text)
    strlen                                   0x00000d8d   Thumb Code    62  strlen.o(.text)
    _sys_exit                                0x00000dcd   Thumb Code     8  sys_exit.o(.text)
    __Heap_Initialize                        0x00000dd9   Thumb Code    10  h1_init.o(.text)
    __Heap_DescSize                          0x00000de3   Thumb Code     4  h1_init.o(.text)
    __Heap_ProvideMemory                     0x00000de7   Thumb Code    52  h1_extend.o(.text)
    _ftell_internal                          0x00000e1b   Thumb Code    66  ftell.o(.text)
    ftell                                    0x00000e1b   Thumb Code     0  ftell.o(.text)
    __default_signal_display                 0x00000e5d   Thumb Code    50  defsig_general.o(.text)
    __rt_SIGRTMEM                            0x00000e8f   Thumb Code    14  defsig_rtmem_outer.o(.text)
    _ttywrch                                 0x00000e9d   Thumb Code    14  sys_wrch.o(.text)
    __aeabi_errno_addr                       0x00000ead   Thumb Code     8  rt_errno_addr_intlibspace.o(.text)
    __errno$intlibspace                      0x00000ead   Thumb Code     0  rt_errno_addr_intlibspace.o(.text)
    __rt_errno_addr$intlibspace              0x00000ead   Thumb Code     0  rt_errno_addr_intlibspace.o(.text)
    __rt_SIGRTMEM_inner                      0x00000eb5   Thumb Code    22  defsig_rtmem_inner.o(.text)
    ADC0Seq3_Handler                         0x00000f05   Thumb Code    18  adct0atrigger.o(i.ADC0Seq3_Handler)
    ADC0_InitTimer0ATriggerSeq3              0x00000f21   Thumb Code  1014  adct0atrigger.o(i.ADC0_InitTimer0ATriggerSeq3)
    Delay1ms                                 0x00001349   Thumb Code    32  st7735.o(i.Delay1ms)
    Output_Init                              0x00001369   Thumb Code    16  st7735.o(i.Output_Init)
    PLL_Init                                 0x00001379   Thumb Code   120  pll.o(i.PLL_Init)
    ST7735_DrawCharS                         0x000013f5   Thumb Code   236  st7735.o(i.ST7735_DrawCharS)
    ST7735_DrawPixel                         0x000014ed   Thumb Code    64  st7735.o(i.ST7735_DrawPixel)
    ST7735_DrawString                        0x00001535   Thumb Code    86  st7735.o(i.ST7735_DrawString)
    ST7735_FillRect                          0x0000158d   Thumb Code   164  st7735.o(i.ST7735_FillRect)
    ST7735_FillScreen                        0x00001639   Thumb Code    28  st7735.o(i.ST7735_FillScreen)
    ST7735_InitR                             0x0000165d   Thumb Code    90  st7735.o(i.ST7735_InitR)
    ST7735_OutChar                           0x000016d9   Thumb Code   176  st7735.o(i.ST7735_OutChar)
    ST7735_SetCursor                         0x000017ad   Thumb Code    22  st7735.o(i.ST7735_SetCursor)
    ST7735_sDecOut3                          0x000017cd   Thumb Code   152  fixed.o(i.ST7735_sDecOut3)
    Timer0A_Handler                          0x00001881   Thumb Code    16  timer0a.o(i.Timer0A_Handler)
    _is_digit                                0x00001899   Thumb Code    14  __printf_wp.o(i._is_digit)
    adcToTemp                                0x000018a9   Thumb Code   164  temperature.o(i.adcToTemp)
    ferror                                   0x00001b45   Thumb Code     8  st7735.o(i.ferror)
    fputc                                    0x00001b4d   Thumb Code    16  st7735.o(i.fputc)
    main                                     0x00001b5d   Thumb Code   170  periodictimer0aints.o(i.main)
    _fp_init                                 0x00001d11   Thumb Code    10  fpinit.o(x$fpl$fpinit)
    __fplib_config_fpu_vfp                   0x00001d19   Thumb Code     0  fpinit.o(x$fpl$fpinit)
    __fplib_config_pureend_doubles           0x00001d19   Thumb Code     0  fpinit.o(x$fpl$fpinit)
    dBfs                                     0x000022fc   Data         512  st7735.o(.constdata)
    Tdata                                    0x000024fc   Data         212  temperature.o(.constdata)
    Rdata                                    0x000025d0   Data         212  temperature.o(.constdata)
    ADCdata                                  0x000026a4   Data         212  temperature.o(.constdata)
    __stdin_name                             0x00002789   Data           4  sys_io.o(.constdata)
    __stdout_name                            0x0000278d   Data           4  sys_io.o(.constdata)
    __stderr_name                            0x00002791   Data           4  sys_io.o(.constdata)
    Region$$Table$$Base                      0x00002798   Number         0  anon$$obj.o(Region$$Table)
    Region$$Table$$Limit                     0x000027b8   Number         0  anon$$obj.o(Region$$Table)
    temperature                              0x20000000   Data           4  periodictimer0aints.o(.data)
    ADCvalue                                 0x20000004   Data           4  periodictimer0aints.o(.data)
    i                                        0x20000008   Data           4  periodictimer0aints.o(.data)
    PeriodicTask                             0x2000000c   Data           4  timer0a.o(.data)
    StX                                      0x20000010   Data           4  st7735.o(.data)
    StY                                      0x20000014   Data           4  st7735.o(.data)
    StTextColor                              0x20000018   Data           2  st7735.o(.data)
    Messageindex                             0x20000024   Data           4  st7735.o(.data)
    Ymax                                     0x20000028   Data           4  st7735.o(.data)
    Ymin                                     0x2000002c   Data           4  st7735.o(.data)
    X                                        0x20000030   Data           4  st7735.o(.data)
    Yrange                                   0x20000034   Data           4  st7735.o(.data)
    lastj                                    0x20000038   Data           4  st7735.o(.data)
    tempValue                                0x2000003c   Data           4  temperature.o(.data)
    tempValuePrev                            0x20000040   Data           4  temperature.o(.data)
    adcOffset                                0x20000044   Data           4  temperature.o(.data)
    tempOffset                               0x20000048   Data           4  temperature.o(.data)
    __aeabi_stdin                            0x2000004c   Data           4  stdio_streams.o(.data)
    __aeabi_stdout                           0x20000050   Data           4  stdio_streams.o(.data)
    __aeabi_stderr                           0x20000054   Data           4  stdio_streams.o(.data)
    __stdin                                  0x20000058   Data          84  stdio_streams.o(.bss)
    __stdout                                 0x200000ac   Data          84  stdio_streams.o(.bss)
    __stderr                                 0x20000100   Data          84  stdio_streams.o(.bss)
    __libspace_start                         0x20000154   Data          96  libspace.o(.bss)
    __temporary_stack_top$libspace           0x200001b4   Data           0  libspace.o(.bss)



==============================================================================

Memory Map of the image

  Image Entry point : 0x0000026d

  Load Region LR_1 (Base: 0x00000000, Size: 0x00002810, Max: 0xffffffff, ABSOLUTE)

    Execution Region ER_RO (Base: 0x00000000, Size: 0x000027b8, Max: 0xffffffff, ABSOLUTE)

    Base Addr    Size         Type   Attr      Idx    E Section Name        Object

    0x00000000   0x00000284   Code   RO            3  * RESET               startup.o
    0x00000284   0x00000008   Code   RO          515  * !!!main             c_w.l(__main.o)
    0x0000028c   0x00000034   Code   RO          890    !!!scatter          c_w.l(__scatter.o)
    0x000002c0   0x0000001a   Code   RO          892    !!handler_copy      c_w.l(__scatter_copy.o)
    0x000002da   0x00000002   PAD
    0x000002dc   0x0000001c   Code   RO          894    !!handler_zi        c_w.l(__scatter_zi.o)
    0x000002f8   0x00000000   Code   RO          512    .ARM.Collect$$_printf_percent$$00000000  c_w.l(_printf_percent.o)
    0x000002f8   0x00000006   Code   RO          508    .ARM.Collect$$_printf_percent$$00000009  c_w.l(_printf_d.o)
    0x000002fe   0x00000004   Code   RO          530    .ARM.Collect$$_printf_percent$$00000017  c_w.l(_printf_percent_end.o)
    0x00000302   0x00000002   Code   RO          700    .ARM.Collect$$libinit$$00000000  c_w.l(libinit.o)
    0x00000304   0x00000004   Code   RO          701    .ARM.Collect$$libinit$$00000001  c_w.l(libinit2.o)
    0x00000308   0x00000000   Code   RO          704    .ARM.Collect$$libinit$$00000004  c_w.l(libinit2.o)
    0x00000308   0x00000008   Code   RO          705    .ARM.Collect$$libinit$$00000005  c_w.l(libinit2.o)
    0x00000310   0x00000000   Code   RO          707    .ARM.Collect$$libinit$$0000000A  c_w.l(libinit2.o)
    0x00000310   0x00000000   Code   RO          709    .ARM.Collect$$libinit$$0000000C  c_w.l(libinit2.o)
    0x00000310   0x00000000   Code   RO          711    .ARM.Collect$$libinit$$0000000E  c_w.l(libinit2.o)
    0x00000310   0x00000000   Code   RO          714    .ARM.Collect$$libinit$$00000011  c_w.l(libinit2.o)
    0x00000310   0x00000000   Code   RO          716    .ARM.Collect$$libinit$$00000013  c_w.l(libinit2.o)
    0x00000310   0x00000000   Code   RO          718    .ARM.Collect$$libinit$$00000015  c_w.l(libinit2.o)
    0x00000310   0x00000000   Code   RO          720    .ARM.Collect$$libinit$$00000017  c_w.l(libinit2.o)
    0x00000310   0x00000000   Code   RO          722    .ARM.Collect$$libinit$$00000019  c_w.l(libinit2.o)
    0x00000310   0x00000000   Code   RO          724    .ARM.Collect$$libinit$$0000001B  c_w.l(libinit2.o)
    0x00000310   0x00000000   Code   RO          726    .ARM.Collect$$libinit$$0000001D  c_w.l(libinit2.o)
    0x00000310   0x00000000   Code   RO          728    .ARM.Collect$$libinit$$0000001F  c_w.l(libinit2.o)
    0x00000310   0x00000000   Code   RO          730    .ARM.Collect$$libinit$$00000021  c_w.l(libinit2.o)
    0x00000310   0x00000000   Code   RO          732    .ARM.Collect$$libinit$$00000023  c_w.l(libinit2.o)
    0x00000310   0x00000004   Code   RO          733    .ARM.Collect$$libinit$$00000024  c_w.l(libinit2.o)
    0x00000314   0x00000000   Code   RO          734    .ARM.Collect$$libinit$$00000025  c_w.l(libinit2.o)
    0x00000314   0x00000000   Code   RO          738    .ARM.Collect$$libinit$$0000002C  c_w.l(libinit2.o)
    0x00000314   0x00000000   Code   RO          740    .ARM.Collect$$libinit$$0000002E  c_w.l(libinit2.o)
    0x00000314   0x00000000   Code   RO          742    .ARM.Collect$$libinit$$00000030  c_w.l(libinit2.o)
    0x00000314   0x00000000   Code   RO          744    .ARM.Collect$$libinit$$00000032  c_w.l(libinit2.o)
    0x00000314   0x00000002   Code   RO          745    .ARM.Collect$$libinit$$00000033  c_w.l(libinit2.o)
    0x00000316   0x00000002   Code   RO          869    .ARM.Collect$$libshutdown$$00000000  c_w.l(libshutdown.o)
    0x00000318   0x00000000   Code   RO          747    .ARM.Collect$$libshutdown$$00000002  c_w.l(libshutdown2.o)
    0x00000318   0x00000004   Code   RO          748    .ARM.Collect$$libshutdown$$00000003  c_w.l(libshutdown2.o)
    0x0000031c   0x00000000   Code   RO          749    .ARM.Collect$$libshutdown$$00000004  c_w.l(libshutdown2.o)
    0x0000031c   0x00000000   Code   RO          752    .ARM.Collect$$libshutdown$$00000007  c_w.l(libshutdown2.o)
    0x0000031c   0x00000000   Code   RO          755    .ARM.Collect$$libshutdown$$0000000A  c_w.l(libshutdown2.o)
    0x0000031c   0x00000000   Code   RO          757    .ARM.Collect$$libshutdown$$0000000C  c_w.l(libshutdown2.o)
    0x0000031c   0x00000000   Code   RO          760    .ARM.Collect$$libshutdown$$0000000F  c_w.l(libshutdown2.o)
    0x0000031c   0x00000002   Code   RO          761    .ARM.Collect$$libshutdown$$00000010  c_w.l(libshutdown2.o)
    0x0000031e   0x00000000   Code   RO          521    .ARM.Collect$$rtentry$$00000000  c_w.l(__rtentry.o)
    0x0000031e   0x00000000   Code   RO          543    .ARM.Collect$$rtentry$$00000002  c_w.l(__rtentry2.o)
    0x0000031e   0x00000006   Code   RO          555    .ARM.Collect$$rtentry$$00000004  c_w.l(__rtentry4.o)
    0x00000324   0x00000000   Code   RO          545    .ARM.Collect$$rtentry$$00000009  c_w.l(__rtentry2.o)
    0x00000324   0x00000004   Code   RO          546    .ARM.Collect$$rtentry$$0000000A  c_w.l(__rtentry2.o)
    0x00000328   0x00000000   Code   RO          548    .ARM.Collect$$rtentry$$0000000C  c_w.l(__rtentry2.o)
    0x00000328   0x00000008   Code   RO          549    .ARM.Collect$$rtentry$$0000000D  c_w.l(__rtentry2.o)
    0x00000330   0x00000002   Code   RO          765    .ARM.Collect$$rtexit$$00000000  c_w.l(rtexit.o)
    0x00000332   0x00000000   Code   RO          815    .ARM.Collect$$rtexit$$00000002  c_w.l(rtexit2.o)
    0x00000332   0x00000004   Code   RO          816    .ARM.Collect$$rtexit$$00000003  c_w.l(rtexit2.o)
    0x00000336   0x00000006   Code   RO          817    .ARM.Collect$$rtexit$$00000004  c_w.l(rtexit2.o)
    0x0000033c   0x00000000   Code   RO          821    .emb_text           c_w.l(maybetermalloc1.o)
    0x0000033c   0x00000030   Code   RO            4    .text               startup.o
    0x0000036c   0x00000018   Code   RO          455    .text               c_w.l(noretval__2printf.o)
    0x00000384   0x00000078   Code   RO          463    .text               c_w.l(_printf_dec.o)
    0x000003fc   0x00000138   Code   RO          498    .text               c_w.l(__printf_flags_wp.o)
    0x00000534   0x00000006   Code   RO          513    .text               c_w.l(heapauxi.o)
    0x0000053a   0x000000b2   Code   RO          522    .text               c_w.l(_printf_intcommon.o)
    0x000005ec   0x00000024   Code   RO          528    .text               c_w.l(_printf_char_file.o)
    0x00000610   0x00000030   Code   RO          564    .text               c_w.l(_printf_char_common.o)
    0x00000640   0x00000138   Code   RO          593    .text               c_w.l(initio.o)
    0x00000778   0x00000066   Code   RO          604    .text               c_w.l(sys_io.o)
    0x000007de   0x00000002   PAD
    0x000007e0   0x00000008   Code   RO          609    .text               c_w.l(libspace.o)
    0x000007e8   0x0000004a   Code   RO          614    .text               c_w.l(sys_stackheap_outer.o)
    0x00000832   0x0000004e   Code   RO          618    .text               c_w.l(h1_free.o)
    0x00000880   0x00000046   Code   RO          674    .text               c_w.l(setvbuf.o)
    0x000008c6   0x00000002   PAD
    0x000008c8   0x000000ec   Code   RO          677    .text               c_w.l(fopen.o)
    0x000009b4   0x0000004c   Code   RO          679    .text               c_w.l(fclose.o)
    0x00000a00   0x00000012   Code   RO          685    .text               c_w.l(exit.o)
    0x00000a12   0x0000000e   Code   RO          687    .text               c_w.l(defsig_rtred_outer.o)
    0x00000a20   0x0000004e   Code   RO          691    .text               c_w.l(rt_memclr_w.o)
    0x00000a6e   0x00000002   Code   RO          762    .text               c_w.l(use_no_semi.o)
    0x00000a70   0x00000000   Code   RO          764    .text               c_w.l(indicate_semi.o)
    0x00000a70   0x00000008   Code   RO          772    .text               c_w.l(rt_heap_descriptor_intlibspace.o)
    0x00000a78   0x00000004   Code   RO          774    .text               c_w.l(hguard.o)
    0x00000a7c   0x0000008a   Code   RO          776    .text               c_w.l(init_alloc.o)
    0x00000b06   0x0000005e   Code   RO          782    .text               c_w.l(h1_alloc.o)
    0x00000b64   0x000000f8   Code   RO          796    .text               c_w.l(fseek.o)
    0x00000c5c   0x000000f0   Code   RO          798    .text               c_w.l(stdio.o)
    0x00000d4c   0x0000000a   Code   RO          800    .text               c_w.l(defsig_exit.o)
    0x00000d56   0x00000002   PAD
    0x00000d58   0x00000034   Code   RO          802    .text               c_w.l(defsig_rtred_inner.o)
    0x00000d8c   0x0000003e   Code   RO          804    .text               c_w.l(strlen.o)
    0x00000dca   0x00000002   PAD
    0x00000dcc   0x0000000c   Code   RO          812    .text               c_w.l(sys_exit.o)
    0x00000dd8   0x0000000e   Code   RO          823    .text               c_w.l(h1_init.o)
    0x00000de6   0x00000034   Code   RO          825    .text               c_w.l(h1_extend.o)
    0x00000e1a   0x00000042   Code   RO          831    .text               c_w.l(ftell.o)
    0x00000e5c   0x00000032   Code   RO          835    .text               c_w.l(defsig_general.o)
    0x00000e8e   0x0000000e   Code   RO          837    .text               c_w.l(defsig_rtmem_outer.o)
    0x00000e9c   0x0000000e   Code   RO          850    .text               c_w.l(sys_wrch.o)
    0x00000eaa   0x00000002   PAD
    0x00000eac   0x00000008   Code   RO          857    .text               c_w.l(rt_errno_addr_intlibspace.o)
    0x00000eb4   0x00000050   Code   RO          863    .text               c_w.l(defsig_rtmem_inner.o)
    0x00000f04   0x0000001c   Code   RO          391    i.ADC0Seq3_Handler  adct0atrigger.o
    0x00000f20   0x00000428   Code   RO          392    i.ADC0_InitTimer0ATriggerSeq3  adct0atrigger.o
    0x00001348   0x00000020   Code   RO          122    i.Delay1ms          st7735.o
    0x00001368   0x00000010   Code   RO          125    i.Output_Init       st7735.o
    0x00001378   0x0000007c   Code   RO           71    i.PLL_Init          pll.o
    0x000013f4   0x000000f8   Code   RO          131    i.ST7735_DrawCharS  st7735.o
    0x000014ec   0x00000048   Code   RO          134    i.ST7735_DrawPixel  st7735.o
    0x00001534   0x00000056   Code   RO          135    i.ST7735_DrawString  st7735.o
    0x0000158a   0x00000002   PAD
    0x0000158c   0x000000ac   Code   RO          136    i.ST7735_FillRect   st7735.o
    0x00001638   0x00000024   Code   RO          137    i.ST7735_FillScreen  st7735.o
    0x0000165c   0x0000007c   Code   RO          139    i.ST7735_InitR      st7735.o
    0x000016d8   0x000000d4   Code   RO          141    i.ST7735_OutChar    st7735.o
    0x000017ac   0x00000020   Code   RO          152    i.ST7735_SetCursor  st7735.o
    0x000017cc   0x000000b4   Code   RO           89    i.ST7735_sDecOut3   fixed.o
    0x00001880   0x00000018   Code   RO           50    i.Timer0A_Handler   timer0a.o
    0x00001898   0x0000000e   Code   RO          496    i._is_digit         c_w.l(__printf_wp.o)
    0x000018a6   0x00000002   PAD
    0x000018a8   0x000000bc   Code   RO          417    i.adcToTemp         temperature.o
    0x00001964   0x00000056   Code   RO          156    i.commandList       st7735.o
    0x000019ba   0x00000002   PAD
    0x000019bc   0x00000188   Code   RO          157    i.commonInit        st7735.o
    0x00001b44   0x00000008   Code   RO          158    i.ferror            st7735.o
    0x00001b4c   0x00000010   Code   RO          161    i.fputc             st7735.o
    0x00001b5c   0x000000d8   Code   RO           12    i.main              periodictimer0aints.o
    0x00001c34   0x00000012   Code   RO          162    i.pushColor         st7735.o
    0x00001c46   0x00000002   PAD
    0x00001c48   0x00000074   Code   RO          163    i.setAddrWindow     st7735.o
    0x00001cbc   0x00000030   Code   RO          164    i.writecommand      st7735.o
    0x00001cec   0x00000024   Code   RO          165    i.writedata         st7735.o
    0x00001d10   0x0000000a   Code   RO          810    x$fpl$fpinit        fz_wm.l(fpinit.o)
    0x00001d1a   0x000007e2   Data   RO          167    .constdata          st7735.o
    0x000024fc   0x0000027c   Data   RO          418    .constdata          temperature.o
    0x00002778   0x00000011   Data   RO          499    .constdata          c_w.l(__printf_flags_wp.o)
    0x00002789   0x00000004   Data   RO          605    .constdata          c_w.l(sys_io.o)
    0x0000278d   0x00000004   Data   RO          606    .constdata          c_w.l(sys_io.o)
    0x00002791   0x00000004   Data   RO          607    .constdata          c_w.l(sys_io.o)
    0x00002795   0x00000003   PAD
    0x00002798   0x00000020   Data   RO          888    Region$$Table       anon$$obj.o


    Execution Region ER_RW (Base: 0x20000000, Size: 0x00000058, Max: 0xffffffff, ABSOLUTE)

    Base Addr    Size         Type   Attr      Idx    E Section Name        Object

    0x20000000   0x0000000c   Data   RW           13    .data               periodictimer0aints.o
    0x2000000c   0x00000004   Data   RW           52    .data               timer0a.o
    0x20000010   0x0000002c   Data   RW          168    .data               st7735.o
    0x2000003c   0x00000010   Data   RW          419    .data               temperature.o
    0x2000004c   0x00000004   Data   RW          534    .data               c_w.l(stdio_streams.o)
    0x20000050   0x00000004   Data   RW          535    .data               c_w.l(stdio_streams.o)
    0x20000054   0x00000004   Data   RW          536    .data               c_w.l(stdio_streams.o)


    Execution Region ER_ZI (Base: 0x20000058, Size: 0x00000560, Max: 0xffffffff, ABSOLUTE)

    Base Addr    Size         Type   Attr      Idx    E Section Name        Object

    0x20000058   0x00000054   Zero   RW          531    .bss                c_w.l(stdio_streams.o)
    0x200000ac   0x00000054   Zero   RW          532    .bss                c_w.l(stdio_streams.o)
    0x20000100   0x00000054   Zero   RW          533    .bss                c_w.l(stdio_streams.o)
    0x20000154   0x00000060   Zero   RW          610    .bss                c_w.l(libspace.o)
    0x200001b4   0x00000004   PAD
    0x200001b8   0x00000000   Zero   RW            2    HEAP                startup.o
    0x200001b8   0x00000400   Zero   RW            1    STACK               startup.o


==============================================================================

Image component sizes


      Code (inc. data)   RO Data    RW Data    ZI Data      Debug   Object Name

      1092         84          0          0          0       2641   adct0atrigger.o
       180         28          0          0          0        806   fixed.o
       216         46          0         12          0       7092   periodictimer0aints.o
       124          4          0          0          0        495   pll.o
      1750        194       2018         44          0      14314   st7735.o
       692        632          0          0       1024       1028   startup.o
       188         24        636         16          0       1415   temperature.o
        24          8          0          4          0        989   timer0a.o

    ----------------------------------------------------------------------
      4272       1020       2686         76       1024      28780   Object Totals
         0          0         32          0          0          0   (incl. Generated)
         6          0          0          0          0          0   (incl. Padding)

    ----------------------------------------------------------------------

      Code (inc. data)   RO Data    RW Data    ZI Data      Debug   Library Member Name

         8          0          0          0          0         68   __main.o
       312          4         17          0          0         92   __printf_flags_wp.o
        14          0          0          0          0         68   __printf_wp.o
         0          0          0          0          0          0   __rtentry.o
        12          0          0          0          0          0   __rtentry2.o
         6          0          0          0          0          0   __rtentry4.o
        52          8          0          0          0          0   __scatter.o
        26          0          0          0          0          0   __scatter_copy.o
        28          0          0          0          0          0   __scatter_zi.o
        48          6          0          0          0         96   _printf_char_common.o
        36          4          0          0          0         80   _printf_char_file.o
         6          0          0          0          0          0   _printf_d.o
       120         16          0          0          0         92   _printf_dec.o
       178          0          0          0          0         88   _printf_intcommon.o
         0          0          0          0          0          0   _printf_percent.o
         4          0          0          0          0          0   _printf_percent_end.o
        10          0          0          0          0         68   defsig_exit.o
        50          0          0          0          0         88   defsig_general.o
        80         58          0          0          0         76   defsig_rtmem_inner.o
        14          0          0          0          0         80   defsig_rtmem_outer.o
        52         38          0          0          0         76   defsig_rtred_inner.o
        14          0          0          0          0         80   defsig_rtred_outer.o
        18          0          0          0          0         80   exit.o
        76          0          0          0          0         88   fclose.o
       236          4          0          0          0        128   fopen.o
       248          6          0          0          0         84   fseek.o
        66          0          0          0          0         76   ftell.o
        94          0          0          0          0         80   h1_alloc.o
        52          0          0          0          0         68   h1_extend.o
        78          0          0          0          0         80   h1_free.o
        14          0          0          0          0         84   h1_init.o
         6          0          0          0          0        152   heapauxi.o
         4          0          0          0          0        136   hguard.o
         0          0          0          0          0          0   indicate_semi.o
       138          0          0          0          0        168   init_alloc.o
       312         46          0          0          0        112   initio.o
         2          0          0          0          0          0   libinit.o
        18          0          0          0          0          0   libinit2.o
         2          0          0          0          0          0   libshutdown.o
         6          0          0          0          0          0   libshutdown2.o
         8          4          0          0         96         68   libspace.o
         0          0          0          0          0          0   maybetermalloc1.o
        24          4          0          0          0         84   noretval__2printf.o
         8          4          0          0          0         68   rt_errno_addr_intlibspace.o
         8          4          0          0          0         68   rt_heap_descriptor_intlibspace.o
        78          0          0          0          0         80   rt_memclr_w.o
         2          0          0          0          0          0   rtexit.o
        10          0          0          0          0          0   rtexit2.o
        70          0          0          0          0         80   setvbuf.o
       240          6          0          0          0        156   stdio.o
         0          0          0         12        252          0   stdio_streams.o
        62          0          0          0          0         76   strlen.o
        12          4          0          0          0         68   sys_exit.o
       102          0         12          0          0        240   sys_io.o
        74          0          0          0          0         80   sys_stackheap_outer.o
        14          0          0          0          0         76   sys_wrch.o
         2          0          0          0          0         68   use_no_semi.o
        10          0          0          0          0        116   fpinit.o

    ----------------------------------------------------------------------
      3178        216         32         12        352       3716   Library Totals
        14          0          3          0          4          0   (incl. Padding)

    ----------------------------------------------------------------------

      Code (inc. data)   RO Data    RW Data    ZI Data      Debug   Library Name

      3154        216         29         12        348       3600   c_w.l
        10          0          0          0          0        116   fz_wm.l

    ----------------------------------------------------------------------
      3178        216         32         12        352       3716   Library Totals

    ----------------------------------------------------------------------

==============================================================================


      Code (inc. data)   RO Data    RW Data    ZI Data      Debug   

      7450       1236       2718         88       1376      28624   Grand Totals
      7450       1236       2718         88       1376      28624   ELF Image Totals
      7450       1236       2718         88          0          0   ROM Totals

==============================================================================

    Total RO  Size (Code + RO Data)                10168 (   9.93kB)
    Total RW  Size (RW Data + ZI Data)              1464 (   1.43kB)
    Total ROM Size (Code + RO Data + RW Data)      10256 (  10.02kB)

==============================================================================

