<html>
<body>
<pre>
<h1>µVision Build Log</h1>
<h2>Tool Versions:</h2>
IDE-Version: µVision V5.17.0.0
Copyright (C) 2015 ARM Ltd and ARM Germany GmbH. All rights reserved.
License Information: Ty Winkler, University of Texas, LIC=----
 
Tool Versions:
Toolchain:       MDK-Lite  Version: 5.17
Toolchain Path:  C:\Keil_v5\ARM\ARMCC\Bin
C Compiler:      Armcc.exe V5.06 update 1 (build 61)
Assembler:       Armasm.exe V5.06 update 1 (build 61)
Linker/Locator:  ArmLink.exe V5.06 update 1 (build 61)
Library Manager: ArmAr.exe V5.06 update 1 (build 61)
Hex Converter:   FromElf.exe V5.06 update 1 (build 61)
CPU DLL:         SARMCM3.DLL V5.17
Dialog DLL:      DCM.DLL V1.13.4.0
Target DLL:      lmidk-agdi.dll V???
Dialog DLL:      TCM.DLL V1.14.6.0
 
<h2>Project:</h2>
C:\Users\Ty\Github\445LRe\trunk\Lab1Cont\ST7735.uvproj
Project File Date:  02/09/2016

<h2>Output:</h2>
*** Using Compiler 'V5.06 update 1 (build 61)', folder: 'C:\Keil_v5\ARM\ARMCC\Bin'
Rebuild target 'ST7735'
assembling startup.s...
compiling PLL.c...
compiling Lab1.c...
Lab1.c(45): warning:  #1295-D: Deprecated declaration storeFrequency - give arg types
  void storeFrequency();
Lab1.c(160): warning:  #177-D: variable "x" was declared but never referenced
  			int x;
Lab1.c(161): warning:  #177-D: variable "y" was declared but never referenced
  			int y;
Lab1.c: 3 warnings, 0 errors
compiling fixed.c...
fixed.c(179): warning:  #177-D: variable "yRange" was declared but never referenced
  		int yRange=(MaxYplot-MinYplot);
fixed.c(181): warning:  #177-D: variable "xRange" was declared but never referenced
  		int xRange=(MaxXplot-MinXplot);
fixed.c: 2 warnings, 0 errors
compiling ST7735.c...
compiling Lab2.c...
linking...
Program Size: Code=7688 RO-data=2052 RW-data=124 ZI-data=21028  
".\ST7735.axf" - 0 Error(s), 5 Warning(s).
Build Time Elapsed:  00:00:03
</pre>
</body>
</html>
