<html>
<body>
<pre>
<h1>µVision Build Log</h1>
<h2>Project:</h2>
C:\Users\Jeremiah\Programming\EE-445L\Lab1Cont\ST7735.uvproj
Project File Date:  02/09/2016

<h2>Output:</h2>
Build target 'ST7735'
compiling PLL.c...
linking...
Program Size: Code=7648 RO-data=2052 RW-data=124 ZI-data=21028  
"ST7735.axf" - 0 Error(s), 0 Warning(s).
Build target 'ST7735'
compiling Lab2.c...
linking...
Program Size: Code=7628 RO-data=2052 RW-data=124 ZI-data=21028  
"ST7735.axf" - 0 Error(s), 0 Warning(s).
