Component: ARM Compiler 5.06 update 1 (build 61) Tool: armlink [4d35a8]

==============================================================================

Section Cross References

    main.o(i.ADC0_InitSWTriggerSeq3_Ch9) refers to main.o(.data) for .data
    main.o(i.Crash) refers to led.o(i.LED_RedToggle) for LED_RedToggle
    main.o(i.SimpleLinkGeneralEventHandler) refers to uartstdio.o(i.UARTprintf) for UARTprintf
    main.o(i.SimpleLinkHttpServerCallback) refers to uartstdio.o(i.UARTprintf) for UARTprintf
    main.o(i.SimpleLinkNetAppEventHandler) refers to uartstdio.o(i.UARTprintf) for UARTprintf
    main.o(i.SimpleLinkNetAppEventHandler) refers to main.o(.data) for .data
    main.o(i.SimpleLinkSockEventHandler) refers to uartstdio.o(i.UARTprintf) for UARTprintf
    main.o(i.SimpleLinkSockEventHandler) refers to main.o(.conststring) for .conststring
    main.o(i.SimpleLinkWlanEventHandler) refers to uartstdio.o(i.UARTprintf) for UARTprintf
    main.o(i.SimpleLinkWlanEventHandler) refers to main.o(.data) for .data
    main.o(i.UART_Init) refers to sysctl.o(i.SysCtlPeripheralEnable) for SysCtlPeripheralEnable
    main.o(i.UART_Init) refers to gpio.o(i.GPIOPinConfigure) for GPIOPinConfigure
    main.o(i.UART_Init) refers to gpio.o(i.GPIOPinTypeUART) for GPIOPinTypeUART
    main.o(i.UART_Init) refers to uartstdio.o(i.UARTStdioConfig) for UARTStdioConfig
    main.o(i.configureSimpleLinkToDefaultState) refers to memseta.o(.text) for __aeabi_memclr4
    main.o(i.configureSimpleLinkToDefaultState) refers to device.o(i.sl_Start) for sl_Start
    main.o(i.configureSimpleLinkToDefaultState) refers to wlan.o(i.sl_WlanSetMode) for sl_WlanSetMode
    main.o(i.configureSimpleLinkToDefaultState) refers to device.o(i.sl_Stop) for sl_Stop
    main.o(i.configureSimpleLinkToDefaultState) refers to device.o(i.sl_DevGet) for sl_DevGet
    main.o(i.configureSimpleLinkToDefaultState) refers to wlan.o(i.sl_WlanPolicySet) for sl_WlanPolicySet
    main.o(i.configureSimpleLinkToDefaultState) refers to wlan.o(i.sl_WlanProfileDel) for sl_WlanProfileDel
    main.o(i.configureSimpleLinkToDefaultState) refers to wlan.o(i.sl_WlanDisconnect) for sl_WlanDisconnect
    main.o(i.configureSimpleLinkToDefaultState) refers to netcfg.o(i.sl_NetCfgSet) for sl_NetCfgSet
    main.o(i.configureSimpleLinkToDefaultState) refers to wlan.o(i.sl_WlanSet) for sl_WlanSet
    main.o(i.configureSimpleLinkToDefaultState) refers to netapp.o(i.sl_NetAppMDNSUnRegisterService) for sl_NetAppMDNSUnRegisterService
    main.o(i.configureSimpleLinkToDefaultState) refers to main.o(.data) for .data
    main.o(i.configureSimpleLinkToDefaultState) refers to main.o(.bss) for .bss
    main.o(i.getTemp) refers to main.o(.data) for .data
    main.o(i.itoa) refers to main.o(.conststring) for .conststring
    main.o(i.main) refers to main.o(i.ADC0_InitSWTriggerSeq3_Ch9) for ADC0_InitSWTriggerSeq3_Ch9
    main.o(i.main) refers to board.o(i.initClk) for initClk
    main.o(i.main) refers to st7735.o(i.Output_On) for Output_On
    main.o(i.main) refers to main.o(i.UART_Init) for UART_Init
    main.o(i.main) refers to main.o(i.Timer1_Init) for Timer1_Init
    main.o(i.main) refers to led.o(i.LED_Init) for LED_Init
    main.o(i.main) refers to uartstdio.o(i.UARTprintf) for UARTprintf
    main.o(i.main) refers to main.o(i.configureSimpleLinkToDefaultState) for configureSimpleLinkToDefaultState
    main.o(i.main) refers to device.o(i.sl_Start) for sl_Start
    main.o(i.main) refers to main.o(i.Crash) for Crash
    main.o(i.main) refers to wlan.o(i.sl_WlanConnect) for sl_WlanConnect
    main.o(i.main) refers to nonos.o(i._SlNonOsMainLoopTask) for _SlNonOsMainLoopTask
    main.o(i.main) refers to strcpy.o(.text) for strcpy
    main.o(i.main) refers to strlen.o(.text) for strlen
    main.o(i.main) refers to netapp.o(i.sl_NetAppDnsGetHostByName) for sl_NetAppDnsGetHostByName
    main.o(i.main) refers to socket.o(i.sl_Htons) for sl_Htons
    main.o(i.main) refers to socket.o(i.sl_Htonl) for sl_Htonl
    main.o(i.main) refers to socket.o(i.sl_Socket) for sl_Socket
    main.o(i.main) refers to socket.o(i.sl_Connect) for sl_Connect
    main.o(i.main) refers to socket.o(i.sl_Send) for sl_Send
    main.o(i.main) refers to socket.o(i.sl_Recv) for sl_Recv
    main.o(i.main) refers to socket.o(i.sl_Close) for sl_Close
    main.o(i.main) refers to led.o(i.LED_GreenOn) for LED_GreenOn
    main.o(i.main) refers to st7735.o(i.ST7735_OutUDec) for ST7735_OutUDec
    main.o(i.main) refers to st7735.o(i.ST7735_OutString) for ST7735_OutString
    main.o(i.main) refers to led.o(i.LED_GreenOff) for LED_GreenOff
    main.o(i.main) refers to main.o(i.getTemp) for getTemp
    main.o(i.main) refers to st7735.o(i.ST7735_OutChar) for ST7735_OutChar
    main.o(i.main) refers to main.o(i.ADC0_InSeq3) for ADC0_InSeq3
    main.o(i.main) refers to fixed.o(i.ST7735_sDecOut3) for ST7735_sDecOut3
[...]
    Removing uart.o(i.UARTFlowControlGet), (8 bytes).
    Removing uart.o(i.UARTFlowControlSet), (12 bytes).
    Removing uart.o(i.UARTIntClear), (4 bytes).
    Removing uart.o(i.UARTIntDisable), (10 bytes).
    Removing uart.o(i.UARTIntEnable), (8 bytes).
    Removing uart.o(i.UARTIntRegister), (88 bytes).
    Removing uart.o(i.UARTIntStatus), (10 bytes).
    Removing uart.o(i.UARTIntUnregister), (88 bytes).
    Removing uart.o(i.UARTModemControlClear), (14 bytes).
    Removing uart.o(i.UARTModemControlGet), (8 bytes).
    Removing uart.o(i.UARTModemControlSet), (12 bytes).
    Removing uart.o(i.UARTModemStatusGet), (10 bytes).
    Removing uart.o(i.UARTParityModeGet), (8 bytes).
    Removing uart.o(i.UARTParityModeSet), (12 bytes).
    Removing uart.o(i.UARTRxErrorClear), (6 bytes).
    Removing uart.o(i.UARTRxErrorGet), (8 bytes).
    Removing uart.o(i.UARTSmartCardDisable), (10 bytes).
    Removing uart.o(i.UARTSmartCardEnable), (22 bytes).
    Removing uart.o(i.UARTSpaceAvail), (10 bytes).
    Removing uart.o(i.UARTTxIntModeGet), (8 bytes).
    Removing uart.o(i.UARTTxIntModeSet), (12 bytes).
    Removing uart.o(.constdata), (128 bytes).

315 unused section(s) (total 17613 bytes) removed from the image.

==============================================================================

Image Symbol Table

    Local Symbols

    Symbol Name                              Value     Ov Type        Size  Object(Section)

    RESET                                    0x00000000   Section      648  startup_rvmdk.o(RESET)
    ../clib/microlib/division.c              0x00000000   Number         0  uldiv.o ABSOLUTE
    ../clib/microlib/division.c              0x00000000   Number         0  uidiv.o ABSOLUTE
    ../clib/microlib/init/entry.s            0x00000000   Number         0  entry8a.o ABSOLUTE
    ../clib/microlib/init/entry.s            0x00000000   Number         0  entry8b.o ABSOLUTE
    ../clib/microlib/init/entry.s            0x00000000   Number         0  entry2.o ABSOLUTE
    ../clib/microlib/init/entry.s            0x00000000   Number         0  entry7b.o ABSOLUTE
    ../clib/microlib/init/entry.s            0x00000000   Number         0  entry5.o ABSOLUTE
    ../clib/microlib/init/entry.s            0x00000000   Number         0  entry.o ABSOLUTE
    ../clib/microlib/init/entry.s            0x00000000   Number         0  entry9a.o ABSOLUTE
    ../clib/microlib/init/entry.s            0x00000000   Number         0  entry10b.o ABSOLUTE
    ../clib/microlib/init/entry.s            0x00000000   Number         0  entry11b.o ABSOLUTE
    ../clib/microlib/init/entry.s            0x00000000   Number         0  entry7a.o ABSOLUTE
    ../clib/microlib/init/entry.s            0x00000000   Number         0  entry11a.o ABSOLUTE
    ../clib/microlib/init/entry.s            0x00000000   Number         0  entry10a.o ABSOLUTE
    ../clib/microlib/init/entry.s            0x00000000   Number         0  entry9b.o ABSOLUTE
    ../clib/microlib/longlong.c              0x00000000   Number         0  llshl.o ABSOLUTE
    ../clib/microlib/longlong.c              0x00000000   Number         0  llushr.o ABSOLUTE
    ../clib/microlib/longlong.c              0x00000000   Number         0  llsshr.o ABSOLUTE
    ../clib/microlib/printf/printf.c         0x00000000   Number         0  printfb.o ABSOLUTE
    ../clib/microlib/printf/printf.c         0x00000000   Number         0  printf0.o ABSOLUTE
    ../clib/microlib/printf/printf.c         0x00000000   Number         0  printf4.o ABSOLUTE
    ../clib/microlib/printf/printf.c         0x00000000   Number         0  printf5.o ABSOLUTE
    ../clib/microlib/printf/printf.c         0x00000000   Number         0  printf6.o ABSOLUTE
    ../clib/microlib/printf/printf.c         0x00000000   Number         0  printf7.o ABSOLUTE
    ../clib/microlib/printf/printf.c         0x00000000   Number         0  printf8.o ABSOLUTE
    ../clib/microlib/printf/printf.c         0x00000000   Number         0  printf1.o ABSOLUTE
    ../clib/microlib/printf/printf.c         0x00000000   Number         0  printf2.o ABSOLUTE
    ../clib/microlib/printf/printf.c         0x00000000   Number         0  printfa.o ABSOLUTE
    ../clib/microlib/printf/printf.c         0x00000000   Number         0  printf3.o ABSOLUTE
    ../clib/microlib/printf/stubs.s          0x00000000   Number         0  stubs.o ABSOLUTE
    ../clib/microlib/stdio/fputc.c           0x00000000   Number         0  fputc.o ABSOLUTE
    ../clib/microlib/stdio/semi.s            0x00000000   Number         0  semi.o ABSOLUTE
    ../clib/microlib/stdio/streams.c         0x00000000   Number         0  stdout.o ABSOLUTE
    ../clib/microlib/string/memcpy.c         0x00000000   Number         0  memcpya.o ABSOLUTE
    ../clib/microlib/string/memcpy.c         0x00000000   Number         0  memcpyb.o ABSOLUTE
    ../clib/microlib/string/memset.c         0x00000000   Number         0  memseta.o ABSOLUTE
    ../clib/microlib/string/strcat.c         0x00000000   Number         0  strcat.o ABSOLUTE
    ../clib/microlib/string/strcpy.c         0x00000000   Number         0  strcpy.o ABSOLUTE
    ../clib/microlib/string/strlen.c         0x00000000   Number         0  strlen.o ABSOLUTE
    ../clib/microlib/stubs.s                 0x00000000   Number         0  iusesemip.o ABSOLUTE
    ../clib/microlib/stubs.s                 0x00000000   Number         0  iusefp.o ABSOLUTE
    ../fplib/microlib/fpadd.c                0x00000000   Number         0  dadd.o ABSOLUTE
    ../fplib/microlib/fpdiv.c                0x00000000   Number         0  ddiv.o ABSOLUTE
    ../fplib/microlib/fpepilogue.c           0x00000000   Number         0  depilogue.o ABSOLUTE
    ../fplib/microlib/fpfix.c                0x00000000   Number         0  dfixul.o ABSOLUTE
    ../fplib/microlib/fpmul.c                0x00000000   Number         0  dmul.o ABSOLUTE
    ..\cc3100\platform\ek-tm4c123gxl\board.c 0x00000000   Number         0  board.o ABSOLUTE
    ..\cc3100\platform\ek-tm4c123gxl\spi.c   0x00000000   Number         0  spi.o ABSOLUTE
    ..\cc3100\platform\ek-tm4c123gxl\uart.c  0x00000000   Number         0  uart.o ABSOLUTE
    ..\cc3100\simplelink\source\device.c     0x00000000   Number         0  device.o ABSOLUTE
    ..\cc3100\simplelink\source\driver.c     0x00000000   Number         0  driver.o ABSOLUTE
    ..\cc3100\simplelink\source\flowcont.c   0x00000000   Number         0  flowcont.o ABSOLUTE
    ..\cc3100\simplelink\source\fs.c         0x00000000   Number         0  fs.o ABSOLUTE
    ..\cc3100\simplelink\source\netapp.c     0x00000000   Number         0  netapp.o ABSOLUTE
    ..\cc3100\simplelink\source\netcfg.c     0x00000000   Number         0  netcfg.o ABSOLUTE
    ..\cc3100\simplelink\source\nonos.c      0x00000000   Number         0  nonos.o ABSOLUTE
    ..\cc3100\simplelink\source\socket.c     0x00000000   Number         0  socket.o ABSOLUTE
    ..\cc3100\simplelink\source\spawn.c      0x00000000   Number         0  spawn.o ABSOLUTE
    ..\cc3100\simplelink\source\wlan.c       0x00000000   Number         0  wlan.o ABSOLUTE
    ..\utils\uartstdio.c                     0x00000000   Number         0  uartstdio.o ABSOLUTE
    ..\utils\ustdlib.c                       0x00000000   Number         0  ustdlib.o ABSOLUTE
    LED.c                                    0x00000000   Number         0  led.o ABSOLUTE
    Nokia5110.c                              0x00000000   Number         0  nokia5110.o ABSOLUTE
    ST7735.c                                 0x00000000   Number         0  st7735.o ABSOLUTE
    cdrcmple.s                               0x00000000   Number         0  cdrcmple.o ABSOLUTE
    cpu.c                                    0x00000000   Number         0  cpu.o ABSOLUTE
    cpu.c                                    0x00000000   Number         0  cpu.o ABSOLUTE
    dc.s                                     0x00000000   Number         0  dc.o ABSOLUTE
    fixed.c                                  0x00000000   Number         0  fixed.o ABSOLUTE
    fpu.c                                    0x00000000   Number         0  fpu.o ABSOLUTE
    gpio.c                                   0x00000000   Number         0  gpio.o ABSOLUTE
    handlers.s                               0x00000000   Number         0  handlers.o ABSOLUTE
    init.s                                   0x00000000   Number         0  init.o ABSOLUTE
    interrupt.c                              0x00000000   Number         0  interrupt.o ABSOLUTE
    main.c                                   0x00000000   Number         0  main.o ABSOLUTE
    ssi.c                                    0x00000000   Number         0  ssi.o ABSOLUTE
    startup_rvmdk.S                          0x00000000   Number         0  startup_rvmdk.o ABSOLUTE
    sysctl.c                                 0x00000000   Number         0  sysctl.o ABSOLUTE
    sysctl.c                                 0x00000000   Number         0  sysctl.o ABSOLUTE
    uart.c                                   0x00000000   Number         0  uart.o ABSOLUTE
    $v0                                      0x0000026c   Number         0  startup_rvmdk.o(RESET)
    NmiSR                                    0x00000281   Thumb Code     0  startup_rvmdk.o(RESET)
    FaultISR                                 0x00000283   Thumb Code     0  startup_rvmdk.o(RESET)
    IntDefaultHandler                        0x00000285   Thumb Code     0  startup_rvmdk.o(RESET)
    .ARM.Collect$$$$00000000                 0x00000288   Section        0  entry.o(.ARM.Collect$$$$00000000)
    .ARM.Collect$$$$00000001                 0x00000288   Section        4  entry2.o(.ARM.Collect$$$$00000001)
    .ARM.Collect$$$$00000004                 0x0000028c   Section        4  entry5.o(.ARM.Collect$$$$00000004)
    .ARM.Collect$$$$00000008                 0x00000290   Section        0  entry7b.o(.ARM.Collect$$$$00000008)
    .ARM.Collect$$$$0000000A                 0x00000290   Section        0  entry8b.o(.ARM.Collect$$$$0000000A)
    .ARM.Collect$$$$0000000B                 0x00000290   Section        8  entry9a.o(.ARM.Collect$$$$0000000B)
    .ARM.Collect$$$$0000000D                 0x00000298   Section        0  entry10a.o(.ARM.Collect$$$$0000000D)
    .ARM.Collect$$$$0000000F                 0x00000298   Section        0  entry11a.o(.ARM.Collect$$$$0000000F)
    .ARM.Collect$$$$00002712                 0x00000298   Section        4  entry2.o(.ARM.Collect$$$$00002712)
    __lit__00000000                          0x00000298   Data           4  entry2.o(.ARM.Collect$$$$00002712)
    .emb_text                                0x0000029c   Section        6  sysctl.o(.emb_text)
    $v0                                      0x0000029c   Number         0  sysctl.o(.emb_text)
    .emb_text                                0x000002a4   Section       38  cpu.o(.emb_text)
    $v0                                      0x000002a4   Number         0  cpu.o(.emb_text)
    .text                                    0x000002ca   Section        0  memcpya.o(.text)
    .text                                    0x000002ee   Section        0  memseta.o(.text)
    .text                                    0x00000312   Section        0  strcat.o(.text)
    .text                                    0x0000032a   Section        0  strlen.o(.text)
    .text                                    0x00000338   Section        0  strcpy.o(.text)
    .text                                    0x0000034a   Section        0  uidiv.o(.text)
    .text                                    0x00000376   Section        0  uldiv.o(.text)
    .text                                    0x000003d8   Section        0  dadd.o(.text)
    .text                                    0x000003d8   Section        0  iusefp.o(.text)
    .text                                    0x00000526   Section        0  dmul.o(.text)
    .text                                    0x0000060a   Section        0  ddiv.o(.text)
    .text                                    0x000006e8   Section        0  dfixul.o(.text)
    .text                                    0x00000718   Section       48  cdrcmple.o(.text)
    .text                                    0x00000748   Section       36  init.o(.text)
    .text                                    0x0000076c   Section        0  llshl.o(.text)
    .text                                    0x0000078a   Section        0  llushr.o(.text)
    .text                                    0x000007aa   Section        0  llsshr.o(.text)
    .text                                    0x000007ce   Section        0  depilogue.o(.text)
    i.ADC0_InSeq3                            0x00000888   Section        0  main.o(i.ADC0_InSeq3)
    i.ADC0_InitSWTriggerSeq3_Ch9             0x000008a4   Section        0  main.o(i.ADC0_InitSWTriggerSeq3_Ch9)
    i.CC3100_InterruptDisable                0x00000954   Section        0  board.o(i.CC3100_InterruptDisable)
    i.CC3100_InterruptEnable                 0x00000960   Section        0  board.o(i.CC3100_InterruptEnable)
    i.CC3100_disable                         0x0000096c   Section        0  board.o(i.CC3100_disable)
    i.CC3100_enable                          0x0000097c   Section        0  board.o(i.CC3100_enable)
    i.CopyPingResultsToReport                0x0000098c   Section        0  netapp.o(i.CopyPingResultsToReport)
    i.Crash                                  0x000009a6   Section        0  main.o(i.Crash)
    i.Delay1ms                               0x000009b8   Section        0  st7735.o(i.Delay1ms)
    i.FPUEnable                              0x000009d4   Section        0  fpu.o(i.FPUEnable)
    i.FPULazyStackingEnable                  0x000009e4   Section        0  fpu.o(i.FPULazyStackingEnable)
    i.GPIOB_intHandler                       0x000009f4   Section        0  board.o(i.GPIOB_intHandler)
    i.GPIODirModeSet                         0x00000a28   Section        0  gpio.o(i.GPIODirModeSet)
    i.GPIOIntClear                           0x00000a50   Section        0  gpio.o(i.GPIOIntClear)
    i.GPIOIntDisable                         0x00000a56   Section        0  gpio.o(i.GPIOIntDisable)
    i.GPIOIntEnable                          0x00000a64   Section        0  gpio.o(i.GPIOIntEnable)
    i.GPIOIntStatus                          0x00000a72   Section        0  gpio.o(i.GPIOIntStatus)
    i.GPIOIntTypeSet                         0x00000a80   Section        0  gpio.o(i.GPIOIntTypeSet)
    i.GPIOPadConfigSet                       0x00000ad0   Section        0  gpio.o(i.GPIOPadConfigSet)
    i.GPIOPinConfigure                       0x00000c0c   Section        0  gpio.o(i.GPIOPinConfigure)
    i.GPIOPinTypeGPIOInput                   0x00000c54   Section        0  gpio.o(i.GPIOPinTypeGPIOInput)
    i.GPIOPinTypeGPIOOutput                  0x00000c70   Section        0  gpio.o(i.GPIOPinTypeGPIOOutput)
    i.GPIOPinTypeSSI                         0x00000c8c   Section        0  gpio.o(i.GPIOPinTypeSSI)
    i.GPIOPinTypeUART                        0x00000ca8   Section        0  gpio.o(i.GPIOPinTypeUART)
    i.GPIOPinWrite                           0x00000cc4   Section        0  gpio.o(i.GPIOPinWrite)
    i.GetStartResponseConvert                0x00000cca   Section        0  device.o(i.GetStartResponseConvert)
    i.IntEnable                              0x00000d10   Section        0  interrupt.o(i.IntEnable)
    i.IntMasterEnable                        0x00000d74   Section        0  interrupt.o(i.IntMasterEnable)
    i.IsBufferEmpty                          0x00000d82   Section        0  uartstdio.o(i.IsBufferEmpty)
    IsBufferEmpty                            0x00000d83   Thumb Code    16  uartstdio.o(i.IsBufferEmpty)
    i.IsBufferFull                           0x00000d92   Section        0  uartstdio.o(i.IsBufferFull)
    IsBufferFull                             0x00000d93   Thumb Code    26  uartstdio.o(i.IsBufferFull)
    i.LED_GreenOff                           0x00000dac   Section        0  led.o(i.LED_GreenOff)
    i.LED_GreenOn                            0x00000db8   Section        0  led.o(i.LED_GreenOn)
    i.LED_Init                               0x00000dc4   Section        0  led.o(i.LED_Init)
    i.LED_RedToggle                          0x00000e28   Section        0  led.o(i.LED_RedToggle)
    i.Output_Init_ST7735                     0x00000e38   Section        0  st7735.o(i.Output_Init_ST7735)
    i.Output_On                              0x00000e4a   Section        0  st7735.o(i.Output_On)
    i.SSIConfigSetExpClk                     0x00000e4e   Section        0  ssi.o(i.SSIConfigSetExpClk)
    i.SSIDataGetNonBlocking                  0x00000e98   Section        0  ssi.o(i.SSIDataGetNonBlocking)
    i.SSIDataPutNonBlocking                  0x00000eac   Section        0  ssi.o(i.SSIDataPutNonBlocking)
    i.SSIEnable                              0x00000ebc   Section        0  ssi.o(i.SSIEnable)
    i.ST7735_DrawCharS                       0x00000ec8   Section        0  st7735.o(i.ST7735_DrawCharS)
    i.ST7735_DrawPixel                       0x00000f84   Section        0  st7735.o(i.ST7735_DrawPixel)
    i.ST7735_DrawString                      0x00000fc0   Section        0  st7735.o(i.ST7735_DrawString)
    i.ST7735_FillRect                        0x00001014   Section        0  st7735.o(i.ST7735_FillRect)
    i.ST7735_FillScreen                      0x0000108c   Section        0  st7735.o(i.ST7735_FillScreen)
    i.ST7735_InitR                           0x000010a8   Section        0  st7735.o(i.ST7735_InitR)
    i.ST7735_OutChar                         0x00001110   Section        0  st7735.o(i.ST7735_OutChar)
    i.ST7735_OutString                       0x000011b4   Section        0  st7735.o(i.ST7735_OutString)
    i.ST7735_OutUDec                         0x000011c8   Section        0  st7735.o(i.ST7735_OutUDec)
    i.ST7735_SetCursor                       0x00001220   Section        0  st7735.o(i.ST7735_SetCursor)
    i.ST7735_sDecOut3                        0x00001234   Section        0  fixed.o(i.ST7735_sDecOut3)
    i.SimpleLinkHttpServerCallback           0x000012ac   Section        0  main.o(i.SimpleLinkHttpServerCallback)
    i.SimpleLinkNetAppEventHandler           0x000012d8   Section        0  main.o(i.SimpleLinkNetAppEventHandler)
    i.SimpleLinkWlanEventHandler             0x00001318   Section        0  main.o(i.SimpleLinkWlanEventHandler)
    i.SysCtlClockGet                         0x000013e8   Section        0  sysctl.o(i.SysCtlClockGet)
    i.SysCtlClockSet                         0x0000154c   Section        0  sysctl.o(i.SysCtlClockSet)
    i.SysCtlPeripheralEnable                 0x0000166c   Section        0  sysctl.o(i.SysCtlPeripheralEnable)
    i.Timer1_Init                            0x00001694   Section        0  main.o(i.Timer1_Init)
    i.UARTFlushRx                            0x000016c4   Section        0  uartstdio.o(i.UARTFlushRx)
    i.UARTFlushTx                            0x000016ec   Section        0  uartstdio.o(i.UARTFlushTx)
    i.UARTPrimeTransmit                      0x00001724   Section        0  uartstdio.o(i.UARTPrimeTransmit)
    UARTPrimeTransmit                        0x00001725   Thumb Code   108  uartstdio.o(i.UARTPrimeTransmit)
    i.UARTStdioConfig                        0x0000179c   Section        0  uartstdio.o(i.UARTStdioConfig)
    i.UARTStdioIntHandler                    0x00001834   Section        0  uartstdio.o(i.UARTStdioIntHandler)
    i.UART_Init                              0x0000193c   Section        0  main.o(i.UART_Init)
    i.UARTprintf                             0x00001980   Section        0  uartstdio.o(i.UARTprintf)
    i.UARTvprintf                            0x00001994   Section        0  uartstdio.o(i.UARTvprintf)
    i.UARTwrite                              0x00001b48   Section        0  uartstdio.o(i.UARTwrite)
    i._SlAsyncEventGenericHandler            0x00001bd8   Section        0  driver.o(i._SlAsyncEventGenericHandler)
    i._SlDrvBasicCmd                         0x00001ec8   Section        0  driver.o(i._SlDrvBasicCmd)
    i._SlDrvClassifyRxMsg                    0x00001ef0   Section        0  driver.o(i._SlDrvClassifyRxMsg)
    i._SlDrvCmdOp                            0x00001f78   Section        0  driver.o(i._SlDrvCmdOp)
    i._SlDrvCmdSend                          0x00001fcc   Section        0  driver.o(i._SlDrvCmdSend)
    i._SlDrvDataReadOp                       0x00001fe8   Section        0  driver.o(i._SlDrvDataReadOp)
    i._SlDrvDataWriteOp                      0x00002134   Section        0  driver.o(i._SlDrvDataWriteOp)
    i._SlDrvDeviceEventHandler               0x00002248   Section        0  device.o(i._SlDrvDeviceEventHandler)
    i._SlDrvDriverCBDeinit                   0x00002264   Section        0  driver.o(i._SlDrvDriverCBDeinit)
    i._SlDrvDriverCBInit                     0x000022c4   Section        0  driver.o(i._SlDrvDriverCBInit)
    i._SlDrvFlowContDeinit                   0x00002354   Section        0  flowcont.o(i._SlDrvFlowContDeinit)
    i._SlDrvFlowContInit                     0x00002380   Section        0  flowcont.o(i._SlDrvFlowContInit)
    i._SlDrvMsgRead                          0x000023b0   Section        0  driver.o(i._SlDrvMsgRead)
    i._SlDrvMsgReadCmdCtx                    0x00002700   Section        0  driver.o(i._SlDrvMsgReadCmdCtx)
    i._SlDrvMsgReadSpawnCtx                  0x000027a8   Section        0  driver.o(i._SlDrvMsgReadSpawnCtx)
    i._SlDrvMsgWrite                         0x00002838   Section        0  driver.o(i._SlDrvMsgWrite)
    i._SlDrvNetAppEventHandler               0x00002928   Section        0  netapp.o(i._SlDrvNetAppEventHandler)
    i._SlDrvObjDeInit                        0x000029f4   Section        0  driver.o(i._SlDrvObjDeInit)
    i._SlDrvObjInit                          0x00002a0c   Section        0  driver.o(i._SlDrvObjInit)
    i._SlDrvReleasePoolObj                   0x00002a48   Section        0  driver.o(i._SlDrvReleasePoolObj)
    i._SlDrvRxHdrRead                        0x00002b2c   Section        0  driver.o(i._SlDrvRxHdrRead)
    i._SlDrvRxIrqHandler                     0x00002c54   Section        0  driver.o(i._SlDrvRxIrqHandler)
    i._SlDrvShiftDWord                       0x00002c94   Section        0  driver.o(i._SlDrvShiftDWord)
    i._SlDrvWaitForPoolObj                   0x00002cac   Section        0  driver.o(i._SlDrvWaitForPoolObj)
    i._SlFindAndSetActiveObj                 0x00002db0   Section        0  driver.o(i._SlFindAndSetActiveObj)
    i._SlNonOsMainLoopTask                   0x00002e40   Section        0  nonos.o(i._SlNonOsMainLoopTask)
    i._SlNonOsSemGet                         0x00002e80   Section        0  nonos.o(i._SlNonOsSemGet)
    i._SlNonOsSemSet                         0x00002eb2   Section        0  nonos.o(i._SlNonOsSemSet)
    i._SlNonOsSpawn                          0x00002eb8   Section        0  nonos.o(i._SlNonOsSpawn)
    i._SlRemoveFromList                      0x00002edc   Section        0  driver.o(i._SlRemoveFromList)
    i.__0sprintf                             0x00002f34   Section        0  printfa.o(i.__0sprintf)
    i.__scatterload_copy                     0x00002f5c   Section       14  handlers.o(i.__scatterload_copy)
    i.__scatterload_null                     0x00002f6a   Section        2  handlers.o(i.__scatterload_null)
    i.__scatterload_zeroinit                 0x00002f6c   Section       14  handlers.o(i.__scatterload_zeroinit)
    i._fp_digits                             0x00002f7c   Section        0  printfa.o(i._fp_digits)
    _fp_digits                               0x00002f7d   Thumb Code   334  printfa.o(i._fp_digits)
    i._printf_core                           0x000030e0   Section        0  printfa.o(i._printf_core)
    _printf_core                             0x000030e1   Thumb Code  1744  printfa.o(i._printf_core)
    i._printf_post_padding                   0x000037bc   Section        0  printfa.o(i._printf_post_padding)
    _printf_post_padding                     0x000037bd   Thumb Code    36  printfa.o(i._printf_post_padding)
    i._printf_pre_padding                    0x000037e0   Section        0  printfa.o(i._printf_pre_padding)
    _printf_pre_padding                      0x000037e1   Thumb Code    46  printfa.o(i._printf_pre_padding)
    i._sl_BuildAddress                       0x0000380e   Section        0  socket.o(i._sl_BuildAddress)
    i._sl_HandleAsync_Accept                 0x00003834   Section        0  socket.o(i._sl_HandleAsync_Accept)
    i._sl_HandleAsync_Connect                0x000038a8   Section        0  socket.o(i._sl_HandleAsync_Connect)
    i._sl_HandleAsync_DnsGetHostByName       0x00003924   Section        0  netapp.o(i._sl_HandleAsync_DnsGetHostByName)
    i._sl_HandleAsync_DnsGetHostByService    0x00003998   Section        0  netapp.o(i._sl_HandleAsync_DnsGetHostByService)
    i._sl_HandleAsync_InitComplete           0x00003a00   Section        0  device.o(i._sl_HandleAsync_InitComplete)
    i._sl_HandleAsync_PingResponse           0x00003a84   Section        0  netapp.o(i._sl_HandleAsync_PingResponse)
    i._sl_HandleAsync_Select                 0x00003b04   Section        0  socket.o(i._sl_HandleAsync_Select)
    i._sl_HandleAsync_Stop                   0x00003b68   Section        0  device.o(i._sl_HandleAsync_Stop)
    i._sl_TruncatePayloadByProtocol          0x00003bc8   Section        0  socket.o(i._sl_TruncatePayloadByProtocol)
    i._sputc                                 0x00003c1c   Section        0  printfa.o(i._sputc)
    _sputc                                   0x00003c1d   Thumb Code    10  printfa.o(i._sputc)
    i.commandList                            0x00003c26   Section        0  st7735.o(i.commandList)
    commandList                              0x00003c27   Thumb Code    74  st7735.o(i.commandList)
    i.commonInit                             0x00003c70   Section        0  st7735.o(i.commonInit)
    commonInit                               0x00003c71   Thumb Code   272  st7735.o(i.commonInit)
    i.configureSimpleLinkToDefaultState      0x00003da8   Section        0  main.o(i.configureSimpleLinkToDefaultState)
    configureSimpleLinkToDefaultState        0x00003da9   Thumb Code   252  main.o(i.configureSimpleLinkToDefaultState)
    i.fillmessage                            0x00003eb8   Section        0  st7735.o(i.fillmessage)
    i.getTemp                                0x00003ef0   Section        0  main.o(i.getTemp)
    i.initClk                                0x00003f44   Section        0  board.o(i.initClk)
    i.main                                   0x00003f5c   Section        0  main.o(i.main)
    i.pushColor                              0x00004278   Section        0  st7735.o(i.pushColor)
    pushColor                                0x00004279   Thumb Code    20  st7735.o(i.pushColor)
    i.registerInterruptHandler               0x0000428c   Section        0  board.o(i.registerInterruptHandler)
    i.setAddrWindow                          0x00004298   Section        0  st7735.o(i.setAddrWindow)
    setAddrWindow                            0x00004299   Thumb Code   102  st7735.o(i.setAddrWindow)
    i.sl_Close                               0x00004304   Section        0  socket.o(i.sl_Close)
    i.sl_Connect                             0x00004324   Section        0  socket.o(i.sl_Connect)
    i.sl_DevGet                              0x00004410   Section        0  device.o(i.sl_DevGet)
    i.sl_Htonl                               0x00004480   Section        0  socket.o(i.sl_Htonl)
    i.sl_Htons                               0x000044a8   Section        0  socket.o(i.sl_Htons)
    i.sl_NetAppDnsGetHostByName              0x000044d8   Section        0  netapp.o(i.sl_NetAppDnsGetHostByName)
    i.sl_NetAppMDNSRegisterUnregisterService 0x000045b0   Section        0  netapp.o(i.sl_NetAppMDNSRegisterUnregisterService)
    i.sl_NetAppMDNSUnRegisterService         0x0000462c   Section        0  netapp.o(i.sl_NetAppMDNSUnRegisterService)
    i.sl_NetAppSendTokenValue                0x00004640   Section        0  netapp.o(i.sl_NetAppSendTokenValue)
    i.sl_NetCfgSet                           0x00004690   Section        0  netcfg.o(i.sl_NetCfgSet)
    i.sl_Recv                                0x000046d0   Section        0  socket.o(i.sl_Recv)
    i.sl_Send                                0x00004710   Section        0  socket.o(i.sl_Send)
    i.sl_Socket                              0x000047c4   Section        0  socket.o(i.sl_Socket)
    i.sl_Start                               0x000047f4   Section        0  device.o(i.sl_Start)
    i.sl_Stop                                0x000048ac   Section        0  device.o(i.sl_Stop)
    i.sl_WlanConnect                         0x00004974   Section        0  wlan.o(i.sl_WlanConnect)
    i.sl_WlanDisconnect                      0x00004b18   Section        0  wlan.o(i.sl_WlanDisconnect)
    i.sl_WlanPolicySet                       0x00004b20   Section        0  wlan.o(i.sl_WlanPolicySet)
    i.sl_WlanProfileDel                      0x00004b58   Section        0  wlan.o(i.sl_WlanProfileDel)
    i.sl_WlanSet                             0x00004b78   Section        0  wlan.o(i.sl_WlanSet)
    i.sl_WlanSetMode                         0x00004bb8   Section        0  wlan.o(i.sl_WlanSetMode)
    i.spi_Close                              0x00004bd8   Section        0  spi.o(i.spi_Close)
    i.spi_Open                               0x00004be4   Section        0  spi.o(i.spi_Open)
    i.spi_Read                               0x00004cd4   Section        0  spi.o(i.spi_Read)
    i.spi_Write                              0x00004d2c   Section        0  spi.o(i.spi_Write)
    i.writecommand                           0x00004d80   Section        0  st7735.o(i.writecommand)
    writecommand                             0x00004d81   Thumb Code    28  st7735.o(i.writecommand)
    i.writedata                              0x00004da0   Section        0  st7735.o(i.writedata)
    writedata                                0x00004da1   Thumb Code    22  st7735.o(i.writedata)
    .constdata                               0x00004dbc   Section      173  main.o(.constdata)
    .constdata                               0x00004e6a   Section       20  device.o(.constdata)
    .constdata                               0x00004e80   Section       72  driver.o(.constdata)
    .constdata                               0x00004ec8   Section       40  netapp.o(.constdata)
    .constdata                               0x00004ef0   Section        8  netcfg.o(.constdata)
    .constdata                               0x00004ef8   Section       52  wlan.o(.constdata)
    .constdata                               0x00004f2c   Section       48  socket.o(.constdata)
    .constdata                               0x00004f5c   Section       40  uartstdio.o(.constdata)
    g_pcHex                                  0x00004f5c   Data           4  uartstdio.o(.constdata)
    g_ui32UARTBase                           0x00004f60   Data          12  uartstdio.o(.constdata)
    g_ui32UARTInt                            0x00004f6c   Data          12  uartstdio.o(.constdata)
    g_ui32UARTPeriph                         0x00004f78   Data          12  uartstdio.o(.constdata)
    .constdata                               0x00004f84   Section     2018  st7735.o(.constdata)
    Font                                     0x00004f84   Data        1275  st7735.o(.constdata)
    Bcmd                                     0x0000547f   Data         103  st7735.o(.constdata)
    Rcmd1                                    0x000054e6   Data          59  st7735.o(.constdata)
    Rcmd2green                               0x00005521   Data          13  st7735.o(.constdata)
    Rcmd2red                                 0x0000552e   Data          13  st7735.o(.constdata)
    Rcmd3                                    0x0000553b   Data          43  st7735.o(.constdata)
    .constdata                               0x00005768   Section      528  gpio.o(.constdata)
    g_ppui32GPIOIntMapBlizzard               0x00005768   Data         192  gpio.o(.constdata)
    g_ppui32GPIOIntMapSnowflake              0x00005828   Data         192  gpio.o(.constdata)
    g_pui32GPIOBaseAddrs                     0x000058e8   Data         144  gpio.o(.constdata)
    .constdata                               0x00005978   Section      268  interrupt.o(.constdata)
    g_pui32Priority                          0x00005978   Data          32  interrupt.o(.constdata)
    g_pui32Regs                              0x00005998   Data         156  interrupt.o(.constdata)
    g_pui32EnRegs                            0x00005a34   Data          20  interrupt.o(.constdata)
    g_pui32Dii16Regs                         0x00005a48   Data          20  interrupt.o(.constdata)
    g_pui32PendRegs                          0x00005a5c   Data          20  interrupt.o(.constdata)
    g_pui32UnpendRegs                        0x00005a70   Data          20  interrupt.o(.constdata)
    .constdata                               0x00005a84   Section      452  sysctl.o(.constdata)
    g_pui32VCOFrequencies                    0x00005a84   Data           8  sysctl.o(.constdata)
    g_pui32Xtals                             0x00005a8c   Data         108  sysctl.o(.constdata)
    g_pppui32XTALtoVCO                       0x00005af8   Data         288  sysctl.o(.constdata)
    g_sXTALtoMEMTIM                          0x00005c18   Data          48  sysctl.o(.constdata)
    .conststring                             0x00005c48   Section      240  main.o(.conststring)
    .conststring                             0x00005d38   Section       17  uartstdio.o(.conststring)
    .data                                    0x20000000   Section       29  main.o(.data)
    count                                    0x20000004   Data           4  main.o(.data)
    .data                                    0x20000020   Section        8  board.o(.data)
    .data                                    0x20000028   Section        4  driver.o(.data)
    .data                                    0x2000002c   Section        4  driver.o(.data)
    .data                                    0x20000030   Section       28  uartstdio.o(.data)
    bLastWasCR                               0x20000030   Data           1  uartstdio.o(.data)
    g_bDisableEcho                           0x20000031   Data           1  uartstdio.o(.data)
    g_ui32UARTTxWriteIndex                   0x20000034   Data           4  uartstdio.o(.data)
    g_ui32UARTTxReadIndex                    0x20000038   Data           4  uartstdio.o(.data)
    g_ui32UARTRxWriteIndex                   0x2000003c   Data           4  uartstdio.o(.data)
    g_ui32UARTRxReadIndex                    0x20000040   Data           4  uartstdio.o(.data)
    g_ui32Base                               0x20000044   Data           4  uartstdio.o(.data)
    g_ui32PortNum                            0x20000048   Data           4  uartstdio.o(.data)
    .data                                    0x2000004c   Section       44  st7735.o(.data)
    ColStart                                 0x2000004c   Data           1  st7735.o(.data)
    RowStart                                 0x2000004d   Data           1  st7735.o(.data)
    Rotation                                 0x2000004e   Data           1  st7735.o(.data)
    TabColor                                 0x2000004f   Data           1  st7735.o(.data)
    _width                                   0x20000052   Data           2  st7735.o(.data)
    _height                                  0x20000054   Data           2  st7735.o(.data)
    .bss                                     0x20000078   Section     4648  main.o(.bss)
    .bss                                     0x200012a0   Section      356  driver.o(.bss)
    .bss                                     0x20001404   Section       40  nonos.o(.bss)
    .bss                                     0x2000142c   Section     1152  uartstdio.o(.bss)
    g_pcUARTTxBuffer                         0x2000142c   Data        1024  uartstdio.o(.bss)
    g_pcUARTRxBuffer                         0x2000182c   Data         128  uartstdio.o(.bss)
    .bss                                     0x200018ac   Section       12  st7735.o(.bss)
    STACK                                    0x200018b8   Section    16384  startup_rvmdk.o(STACK)
    StackMem                                 0x200018b8   Data           0  startup_rvmdk.o(STACK)

    Global Symbols

    Symbol Name                              Value     Ov Type        Size  Object(Section)

    BuildAttributes$$THM_ISAv4$E$P$D$K$B$S$7EM$VFPi3$EXTD16$VFPS$VFMA$PE$A:L22UL41UL21$X:L11$S22US41US21$IEEE1$IW$USESV6$~STKCKD$USESV7$~SHL$OTIME$ROPI$EBA8$MICROLIB$REQ8$PRES8$EABIv2 0x00000000   Number         0  anon$$obj.o ABSOLUTE
    __ARM_use_no_argv                        0x00000000   Number         0  main.o ABSOLUTE
    __Vectors                                0x00000000   Data           0  startup_rvmdk.o(RESET)
    _printf_a                                0x00000000   Number         0  stubs.o ABSOLUTE
    _printf_c                                0x00000000   Number         0  stubs.o ABSOLUTE
    _printf_charcount                        0x00000000   Number         0  stubs.o ABSOLUTE
    _printf_d                                0x00000000   Number         0  stubs.o ABSOLUTE
    _printf_e                                0x00000000   Number         0  stubs.o ABSOLUTE
    _printf_f                                0x00000000   Number         0  stubs.o ABSOLUTE
    _printf_flags                            0x00000000   Number         0  stubs.o ABSOLUTE
    _printf_fp_dec                           0x00000000   Number         0  stubs.o ABSOLUTE
    _printf_fp_hex                           0x00000000   Number         0  stubs.o ABSOLUTE
    _printf_g                                0x00000000   Number         0  stubs.o ABSOLUTE
    _printf_i                                0x00000000   Number         0  stubs.o ABSOLUTE
    _printf_int_dec                          0x00000000   Number         0  stubs.o ABSOLUTE
    _printf_l                                0x00000000   Number         0  stubs.o ABSOLUTE
    _printf_lc                               0x00000000   Number         0  stubs.o ABSOLUTE
    _printf_ll                               0x00000000   Number         0  stubs.o ABSOLUTE
    _printf_lld                              0x00000000   Number         0  stubs.o ABSOLUTE
    _printf_lli                              0x00000000   Number         0  stubs.o ABSOLUTE
    _printf_llo                              0x00000000   Number         0  stubs.o ABSOLUTE
    _printf_llu                              0x00000000   Number         0  stubs.o ABSOLUTE
    _printf_llx                              0x00000000   Number         0  stubs.o ABSOLUTE
    _printf_longlong_dec                     0x00000000   Number         0  stubs.o ABSOLUTE
    _printf_longlong_hex                     0x00000000   Number         0  stubs.o ABSOLUTE
    _printf_longlong_oct                     0x00000000   Number         0  stubs.o ABSOLUTE
    _printf_ls                               0x00000000   Number         0  stubs.o ABSOLUTE
    _printf_mbtowc                           0x00000000   Number         0  stubs.o ABSOLUTE
    _printf_n                                0x00000000   Number         0  stubs.o ABSOLUTE
    _printf_o                                0x00000000   Number         0  stubs.o ABSOLUTE
    _printf_p                                0x00000000   Number         0  stubs.o ABSOLUTE
    _printf_percent                          0x00000000   Number         0  stubs.o ABSOLUTE
    _printf_pre_padding                      0x00000000   Number         0  stubs.o ABSOLUTE
    _printf_return_value                     0x00000000   Number         0  stubs.o ABSOLUTE
    _printf_s                                0x00000000   Number         0  stubs.o ABSOLUTE
    _printf_sizespec                         0x00000000   Number         0  stubs.o ABSOLUTE
    _printf_str                              0x00000000   Number         0  stubs.o ABSOLUTE
    _printf_truncate_signed                  0x00000000   Number         0  stubs.o ABSOLUTE
    _printf_truncate_unsigned                0x00000000   Number         0  stubs.o ABSOLUTE
    _printf_u                                0x00000000   Number         0  stubs.o ABSOLUTE
    _printf_wc                               0x00000000   Number         0  stubs.o ABSOLUTE
    _printf_wctomb                           0x00000000   Number         0  stubs.o ABSOLUTE
    _printf_widthprec                        0x00000000   Number         0  stubs.o ABSOLUTE
    _printf_x                                0x00000000   Number         0  stubs.o ABSOLUTE
    __cpp_initialize__aeabi_                  - Undefined Weak Reference
    __cxa_finalize                            - Undefined Weak Reference
    __decompress                              - Undefined Weak Reference
    _clock_init                               - Undefined Weak Reference
    _microlib_exit                            - Undefined Weak Reference
    Reset_Handler                            0x0000026d   Thumb Code     0  startup_rvmdk.o(RESET)
    __main                                   0x00000289   Thumb Code     0  entry.o(.ARM.Collect$$$$00000000)
    _main_stk                                0x00000289   Thumb Code     0  entry2.o(.ARM.Collect$$$$00000001)
    _main_scatterload                        0x0000028d   Thumb Code     0  entry5.o(.ARM.Collect$$$$00000004)
    __main_after_scatterload                 0x00000291   Thumb Code     0  entry5.o(.ARM.Collect$$$$00000004)
    _main_clock                              0x00000291   Thumb Code     0  entry7b.o(.ARM.Collect$$$$00000008)
    _main_cpp_init                           0x00000291   Thumb Code     0  entry8b.o(.ARM.Collect$$$$0000000A)
    _main_init                               0x00000291   Thumb Code     0  entry9a.o(.ARM.Collect$$$$0000000B)
    __rt_final_cpp                           0x00000299   Thumb Code     0  entry10a.o(.ARM.Collect$$$$0000000D)
    __rt_final_exit                          0x00000299   Thumb Code     0  entry11a.o(.ARM.Collect$$$$0000000F)
    SysCtlDelay                              0x0000029d   Thumb Code     6  sysctl.o(.emb_text)
    CPUcpsid                                 0x000002a5   Thumb Code     8  cpu.o(.emb_text)
    CPUprimask                               0x000002ad   Thumb Code     6  cpu.o(.emb_text)
    CPUcpsie                                 0x000002b3   Thumb Code     8  cpu.o(.emb_text)
    CPUwfi                                   0x000002bb   Thumb Code     4  cpu.o(.emb_text)
    CPUbasepriSet                            0x000002bf   Thumb Code     6  cpu.o(.emb_text)
    CPUbasepriGet                            0x000002c5   Thumb Code     6  cpu.o(.emb_text)
    __aeabi_memcpy                           0x000002cb   Thumb Code    36  memcpya.o(.text)
    __aeabi_memcpy4                          0x000002cb   Thumb Code     0  memcpya.o(.text)
    __aeabi_memcpy8                          0x000002cb   Thumb Code     0  memcpya.o(.text)
    __aeabi_memset                           0x000002ef   Thumb Code    14  memseta.o(.text)
    __aeabi_memset4                          0x000002ef   Thumb Code     0  memseta.o(.text)
    __aeabi_memset8                          0x000002ef   Thumb Code     0  memseta.o(.text)
    __aeabi_memclr                           0x000002fd   Thumb Code     4  memseta.o(.text)
    __aeabi_memclr4                          0x000002fd   Thumb Code     0  memseta.o(.text)
    __aeabi_memclr8                          0x000002fd   Thumb Code     0  memseta.o(.text)
    _memset$wrapper                          0x00000301   Thumb Code    18  memseta.o(.text)
    strcat                                   0x00000313   Thumb Code    24  strcat.o(.text)
    strlen                                   0x0000032b   Thumb Code    14  strlen.o(.text)
    strcpy                                   0x00000339   Thumb Code    18  strcpy.o(.text)
    __aeabi_uidiv                            0x0000034b   Thumb Code     0  uidiv.o(.text)
    __aeabi_uidivmod                         0x0000034b   Thumb Code    44  uidiv.o(.text)
    __aeabi_uldivmod                         0x00000377   Thumb Code    98  uldiv.o(.text)
    __I$use$fp                               0x000003d9   Thumb Code     0  iusefp.o(.text)
    __aeabi_dadd                             0x000003d9   Thumb Code   322  dadd.o(.text)
    __aeabi_dsub                             0x0000051b   Thumb Code     6  dadd.o(.text)
    __aeabi_drsub                            0x00000521   Thumb Code     6  dadd.o(.text)
    __aeabi_dmul                             0x00000527   Thumb Code   228  dmul.o(.text)
    __aeabi_ddiv                             0x0000060b   Thumb Code   222  ddiv.o(.text)
    __aeabi_d2ulz                            0x000006e9   Thumb Code    48  dfixul.o(.text)
    __aeabi_cdrcmple                         0x00000719   Thumb Code    48  cdrcmple.o(.text)
    __scatterload                            0x00000749   Thumb Code    28  init.o(.text)
    __scatterload_rt2                        0x00000749   Thumb Code     0  init.o(.text)
    __aeabi_llsl                             0x0000076d   Thumb Code    30  llshl.o(.text)
    _ll_shift_l                              0x0000076d   Thumb Code     0  llshl.o(.text)
    __aeabi_llsr                             0x0000078b   Thumb Code    32  llushr.o(.text)
    _ll_ushift_r                             0x0000078b   Thumb Code     0  llushr.o(.text)
    __aeabi_lasr                             0x000007ab   Thumb Code    36  llsshr.o(.text)
    _ll_sshift_r                             0x000007ab   Thumb Code     0  llsshr.o(.text)
    _double_round                            0x000007cf   Thumb Code    30  depilogue.o(.text)
    _double_epilogue                         0x000007ed   Thumb Code   156  depilogue.o(.text)
    ADC0_InSeq3                              0x00000889   Thumb Code    24  main.o(i.ADC0_InSeq3)
    ADC0_InitSWTriggerSeq3_Ch9               0x000008a5   Thumb Code   156  main.o(i.ADC0_InitSWTriggerSeq3_Ch9)
    CC3100_InterruptDisable                  0x00000955   Thumb Code     8  board.o(i.CC3100_InterruptDisable)
    CC3100_InterruptEnable                   0x00000961   Thumb Code     8  board.o(i.CC3100_InterruptEnable)
    CC3100_disable                           0x0000096d   Thumb Code    10  board.o(i.CC3100_disable)
    CC3100_enable                            0x0000097d   Thumb Code    10  board.o(i.CC3100_enable)
    CopyPingResultsToReport                  0x0000098d   Thumb Code    26  netapp.o(i.CopyPingResultsToReport)
    Crash                                    0x000009a7   Thumb Code    18  main.o(i.Crash)
    Delay1ms                                 0x000009b9   Thumb Code    26  st7735.o(i.Delay1ms)
    FPUEnable                                0x000009d5   Thumb Code    12  fpu.o(i.FPUEnable)
    FPULazyStackingEnable                    0x000009e5   Thumb Code    12  fpu.o(i.FPULazyStackingEnable)
    GPIOB_intHandler                         0x000009f5   Thumb Code    44  board.o(i.GPIOB_intHandler)
    GPIODirModeSet                           0x00000a29   Thumb Code    40  gpio.o(i.GPIODirModeSet)
    GPIOIntClear                             0x00000a51   Thumb Code     6  gpio.o(i.GPIOIntClear)
    GPIOIntDisable                           0x00000a57   Thumb Code    14  gpio.o(i.GPIOIntDisable)
    GPIOIntEnable                            0x00000a65   Thumb Code    14  gpio.o(i.GPIOIntEnable)
    GPIOIntStatus                            0x00000a73   Thumb Code    14  gpio.o(i.GPIOIntStatus)
    GPIOIntTypeSet                           0x00000a81   Thumb Code    80  gpio.o(i.GPIOIntTypeSet)
    GPIOPadConfigSet                         0x00000ad1   Thumb Code   314  gpio.o(i.GPIOPadConfigSet)
    GPIOPinConfigure                         0x00000c0d   Thumb Code    64  gpio.o(i.GPIOPinConfigure)
    GPIOPinTypeGPIOInput                     0x00000c55   Thumb Code    28  gpio.o(i.GPIOPinTypeGPIOInput)
    GPIOPinTypeGPIOOutput                    0x00000c71   Thumb Code    28  gpio.o(i.GPIOPinTypeGPIOOutput)
    GPIOPinTypeSSI                           0x00000c8d   Thumb Code    28  gpio.o(i.GPIOPinTypeSSI)
    GPIOPinTypeUART                          0x00000ca9   Thumb Code    28  gpio.o(i.GPIOPinTypeUART)
    GPIOPinWrite                             0x00000cc5   Thumb Code     6  gpio.o(i.GPIOPinWrite)
    GetStartResponseConvert                  0x00000ccb   Thumb Code    68  device.o(i.GetStartResponseConvert)
    IntEnable                                0x00000d11   Thumb Code    92  interrupt.o(i.IntEnable)
    IntMasterEnable                          0x00000d75   Thumb Code    14  interrupt.o(i.IntMasterEnable)
    LED_GreenOff                             0x00000dad   Thumb Code     8  led.o(i.LED_GreenOff)
    LED_GreenOn                              0x00000db9   Thumb Code     8  led.o(i.LED_GreenOn)
    LED_Init                                 0x00000dc5   Thumb Code    78  led.o(i.LED_Init)
    LED_RedToggle                            0x00000e29   Thumb Code    12  led.o(i.LED_RedToggle)
    Output_Init_ST7735                       0x00000e39   Thumb Code    18  st7735.o(i.Output_Init_ST7735)
    Output_On                                0x00000e4b   Thumb Code     4  st7735.o(i.Output_On)
    SSIConfigSetExpClk                       0x00000e4f   Thumb Code    74  ssi.o(i.SSIConfigSetExpClk)
    SSIDataGetNonBlocking                    0x00000e99   Thumb Code    20  ssi.o(i.SSIDataGetNonBlocking)
    SSIDataPutNonBlocking                    0x00000ead   Thumb Code    16  ssi.o(i.SSIDataPutNonBlocking)
    SSIEnable                                0x00000ebd   Thumb Code    10  ssi.o(i.SSIEnable)
    ST7735_DrawCharS                         0x00000ec9   Thumb Code   178  st7735.o(i.ST7735_DrawCharS)
    ST7735_DrawPixel                         0x00000f85   Thumb Code    54  st7735.o(i.ST7735_DrawPixel)
    ST7735_DrawString                        0x00000fc1   Thumb Code    82  st7735.o(i.ST7735_DrawString)
    ST7735_FillRect                          0x00001015   Thumb Code   116  st7735.o(i.ST7735_FillRect)
    ST7735_FillScreen                        0x0000108d   Thumb Code    24  st7735.o(i.ST7735_FillScreen)
    ST7735_InitR                             0x000010a9   Thumb Code    94  st7735.o(i.ST7735_InitR)
    ST7735_OutChar                           0x00001111   Thumb Code   134  st7735.o(i.ST7735_OutChar)
    ST7735_OutString                         0x000011b5   Thumb Code    20  st7735.o(i.ST7735_OutString)
    ST7735_OutUDec                           0x000011c9   Thumb Code    80  st7735.o(i.ST7735_OutUDec)
    ST7735_SetCursor                         0x00001221   Thumb Code    16  st7735.o(i.ST7735_SetCursor)
    ST7735_sDecOut3                          0x00001235   Thumb Code   110  fixed.o(i.ST7735_sDecOut3)
    SimpleLinkHttpServerCallback             0x000012ad   Thumb Code     6  main.o(i.SimpleLinkHttpServerCallback)
    SimpleLinkNetAppEventHandler             0x000012d9   Thumb Code    24  main.o(i.SimpleLinkNetAppEventHandler)
    SimpleLinkWlanEventHandler               0x00001319   Thumb Code    50  main.o(i.SimpleLinkWlanEventHandler)
    SysCtlClockGet                           0x000013e9   Thumb Code   314  sysctl.o(i.SysCtlClockGet)
    SysCtlClockSet                           0x0000154d   Thumb Code   270  sysctl.o(i.SysCtlClockSet)
    SysCtlPeripheralEnable                   0x0000166d   Thumb Code    36  sysctl.o(i.SysCtlPeripheralEnable)
    Timer1_Init                              0x00001695   Thumb Code    40  main.o(i.Timer1_Init)
    UARTFlushRx                              0x000016c5   Thumb Code    36  uartstdio.o(i.UARTFlushRx)
    UARTFlushTx                              0x000016ed   Thumb Code    52  uartstdio.o(i.UARTFlushTx)
    UARTStdioConfig                          0x0000179d   Thumb Code   142  uartstdio.o(i.UARTStdioConfig)
    UARTStdioIntHandler                      0x00001835   Thumb Code   248  uartstdio.o(i.UARTStdioIntHandler)
    UART_Init                                0x0000193d   Thumb Code    54  main.o(i.UART_Init)
    UARTprintf                               0x00001981   Thumb Code    18  uartstdio.o(i.UARTprintf)
    UARTvprintf                              0x00001995   Thumb Code   420  uartstdio.o(i.UARTvprintf)
    UARTwrite                                0x00001b49   Thumb Code   134  uartstdio.o(i.UARTwrite)
    _SlAsyncEventGenericHandler              0x00001bd9   Thumb Code   746  driver.o(i._SlAsyncEventGenericHandler)
    _SlDrvBasicCmd                           0x00001ec9   Thumb Code    40  driver.o(i._SlDrvBasicCmd)
    _SlDrvClassifyRxMsg                      0x00001ef1   Thumb Code   114  driver.o(i._SlDrvClassifyRxMsg)
    _SlDrvCmdOp                              0x00001f79   Thumb Code    80  driver.o(i._SlDrvCmdOp)
    _SlDrvCmdSend                            0x00001fcd   Thumb Code    24  driver.o(i._SlDrvCmdSend)
    _SlDrvDataReadOp                         0x00001fe9   Thumb Code   324  driver.o(i._SlDrvDataReadOp)
    _SlDrvDataWriteOp                        0x00002135   Thumb Code   272  driver.o(i._SlDrvDataWriteOp)
    _SlDrvDeviceEventHandler                 0x00002249   Thumb Code    26  device.o(i._SlDrvDeviceEventHandler)
    _SlDrvDriverCBDeinit                     0x00002265   Thumb Code    92  driver.o(i._SlDrvDriverCBDeinit)
    _SlDrvDriverCBInit                       0x000022c5   Thumb Code   134  driver.o(i._SlDrvDriverCBInit)
    _SlDrvFlowContDeinit                     0x00002355   Thumb Code    40  flowcont.o(i._SlDrvFlowContDeinit)
    _SlDrvFlowContInit                       0x00002381   Thumb Code    42  flowcont.o(i._SlDrvFlowContInit)
    _SlDrvMsgRead                            0x000023b1   Thumb Code   838  driver.o(i._SlDrvMsgRead)
    _SlDrvMsgReadCmdCtx                      0x00002701   Thumb Code   158  driver.o(i._SlDrvMsgReadCmdCtx)
    _SlDrvMsgReadSpawnCtx                    0x000027a9   Thumb Code   138  driver.o(i._SlDrvMsgReadSpawnCtx)
    _SlDrvMsgWrite                           0x00002839   Thumb Code   232  driver.o(i._SlDrvMsgWrite)
    _SlDrvNetAppEventHandler                 0x00002929   Thumb Code   202  netapp.o(i._SlDrvNetAppEventHandler)
    _SlDrvObjDeInit                          0x000029f5   Thumb Code    18  driver.o(i._SlDrvObjDeInit)
    _SlDrvObjInit                            0x00002a0d   Thumb Code    56  driver.o(i._SlDrvObjInit)
    _SlDrvReleasePoolObj                     0x00002a49   Thumb Code   222  driver.o(i._SlDrvReleasePoolObj)
    _SlDrvRxHdrRead                          0x00002b2d   Thumb Code   280  driver.o(i._SlDrvRxHdrRead)
    _SlDrvRxIrqHandler                       0x00002c55   Thumb Code    54  driver.o(i._SlDrvRxIrqHandler)
    _SlDrvShiftDWord                         0x00002c95   Thumb Code    22  driver.o(i._SlDrvShiftDWord)
    _SlDrvWaitForPoolObj                     0x00002cad   Thumb Code   254  driver.o(i._SlDrvWaitForPoolObj)
    _SlFindAndSetActiveObj                   0x00002db1   Thumb Code   136  driver.o(i._SlFindAndSetActiveObj)
    _SlNonOsMainLoopTask                     0x00002e41   Thumb Code    54  nonos.o(i._SlNonOsMainLoopTask)
    _SlNonOsSemGet                           0x00002e81   Thumb Code    50  nonos.o(i._SlNonOsSemGet)
    _SlNonOsSemSet                           0x00002eb3   Thumb Code     6  nonos.o(i._SlNonOsSemSet)
    _SlNonOsSpawn                            0x00002eb9   Thumb Code    30  nonos.o(i._SlNonOsSpawn)
    _SlRemoveFromList                        0x00002edd   Thumb Code    84  driver.o(i._SlRemoveFromList)
    __0sprintf                               0x00002f35   Thumb Code    34  printfa.o(i.__0sprintf)
    __1sprintf                               0x00002f35   Thumb Code     0  printfa.o(i.__0sprintf)
    __2sprintf                               0x00002f35   Thumb Code     0  printfa.o(i.__0sprintf)
    __c89sprintf                             0x00002f35   Thumb Code     0  printfa.o(i.__0sprintf)
    sprintf                                  0x00002f35   Thumb Code     0  printfa.o(i.__0sprintf)
    __scatterload_copy                       0x00002f5d   Thumb Code    14  handlers.o(i.__scatterload_copy)
    __scatterload_null                       0x00002f6b   Thumb Code     2  handlers.o(i.__scatterload_null)
    __scatterload_zeroinit                   0x00002f6d   Thumb Code    14  handlers.o(i.__scatterload_zeroinit)
    _sl_BuildAddress                         0x0000380f   Thumb Code    38  socket.o(i._sl_BuildAddress)
    _sl_HandleAsync_Accept                   0x00003835   Thumb Code   110  socket.o(i._sl_HandleAsync_Accept)
    _sl_HandleAsync_Connect                  0x000038a9   Thumb Code   120  socket.o(i._sl_HandleAsync_Connect)
    _sl_HandleAsync_DnsGetHostByName         0x00003925   Thumb Code   110  netapp.o(i._sl_HandleAsync_DnsGetHostByName)
    _sl_HandleAsync_DnsGetHostByService      0x00003999   Thumb Code   100  netapp.o(i._sl_HandleAsync_DnsGetHostByService)
    _sl_HandleAsync_InitComplete             0x00003a01   Thumb Code   126  device.o(i._sl_HandleAsync_InitComplete)
    _sl_HandleAsync_PingResponse             0x00003a85   Thumb Code   120  netapp.o(i._sl_HandleAsync_PingResponse)
    _sl_HandleAsync_Select                   0x00003b05   Thumb Code    94  socket.o(i._sl_HandleAsync_Select)
    _sl_HandleAsync_Stop                     0x00003b69   Thumb Code    90  device.o(i._sl_HandleAsync_Stop)
    _sl_TruncatePayloadByProtocol            0x00003bc9   Thumb Code    84  socket.o(i._sl_TruncatePayloadByProtocol)
    fillmessage                              0x00003eb9   Thumb Code    46  st7735.o(i.fillmessage)
    getTemp                                  0x00003ef1   Thumb Code    78  main.o(i.getTemp)
    initClk                                  0x00003f45   Thumb Code    20  board.o(i.initClk)
    main                                     0x00003f5d   Thumb Code   618  main.o(i.main)
    registerInterruptHandler                 0x0000428d   Thumb Code     8  board.o(i.registerInterruptHandler)
    sl_Close                                 0x00004305   Thumb Code    26  socket.o(i.sl_Close)
    sl_Connect                               0x00004325   Thumb Code   224  socket.o(i.sl_Connect)
    sl_DevGet                                0x00004411   Thumb Code   104  device.o(i.sl_DevGet)
    sl_Htonl                                 0x00004481   Thumb Code    40  socket.o(i.sl_Htonl)
    sl_Htons                                 0x000044a9   Thumb Code    48  socket.o(i.sl_Htons)
    sl_NetAppDnsGetHostByName                0x000044d9   Thumb Code   202  netapp.o(i.sl_NetAppDnsGetHostByName)
    sl_NetAppMDNSRegisterUnregisterService   0x000045b1   Thumb Code   120  netapp.o(i.sl_NetAppMDNSRegisterUnregisterService)
    sl_NetAppMDNSUnRegisterService           0x0000462d   Thumb Code    18  netapp.o(i.sl_NetAppMDNSUnRegisterService)
    sl_NetAppSendTokenValue                  0x00004641   Thumb Code    74  netapp.o(i.sl_NetAppSendTokenValue)
    sl_NetCfgSet                             0x00004691   Thumb Code    58  netcfg.o(i.sl_NetCfgSet)
    sl_Recv                                  0x000046d1   Thumb Code    58  socket.o(i.sl_Recv)
    sl_Send                                  0x00004711   Thumb Code   170  socket.o(i.sl_Send)
    sl_Socket                                0x000047c5   Thumb Code    42  socket.o(i.sl_Socket)
    sl_Start                                 0x000047f5   Thumb Code   170  device.o(i.sl_Start)
    sl_Stop                                  0x000048ad   Thumb Code   186  device.o(i.sl_Stop)
    sl_WlanConnect                           0x00004975   Thumb Code   414  wlan.o(i.sl_WlanConnect)
    sl_WlanDisconnect                        0x00004b19   Thumb Code     8  wlan.o(i.sl_WlanDisconnect)
    sl_WlanPolicySet                         0x00004b21   Thumb Code    52  wlan.o(i.sl_WlanPolicySet)
    sl_WlanProfileDel                        0x00004b59   Thumb Code    26  wlan.o(i.sl_WlanProfileDel)
    sl_WlanSet                               0x00004b79   Thumb Code    60  wlan.o(i.sl_WlanSet)
    sl_WlanSetMode                           0x00004bb9   Thumb Code    26  wlan.o(i.sl_WlanSetMode)
    spi_Close                                0x00004bd9   Thumb Code    10  spi.o(i.spi_Close)
    spi_Open                                 0x00004be5   Thumb Code   198  spi.o(i.spi_Open)
    spi_Read                                 0x00004cd5   Thumb Code    78  spi.o(i.spi_Read)
    spi_Write                                0x00004d2d   Thumb Code    76  spi.o(i.spi_Write)
    _SlStopCmdCtrl                           0x00004e6a   Data           4  device.o(.constdata)
    _SlEventMaskSetCmdCtrl                   0x00004e6e   Data           4  device.o(.constdata)
    _SlEventMaskGetCmdCtrl                   0x00004e72   Data           4  device.o(.constdata)
    _SlDeviceGetCmdCtrl                      0x00004e76   Data           4  device.o(.constdata)
    _SlDeviceSetCmdCtrl                      0x00004e7a   Data           4  device.o(.constdata)
    g_H2NSyncPattern                         0x00004e80   Data           8  driver.o(.constdata)
    g_H2NCnysPattern                         0x00004e88   Data           8  driver.o(.constdata)
    _SlActionLookupTable                     0x00004e90   Data          56  driver.o(.constdata)
    _SlNetAppStartCtrl                       0x00004ec8   Data           4  netapp.o(.constdata)
    _SlNetAppStopCtrl                        0x00004ecc   Data           4  netapp.o(.constdata)
    _SlGetServiceListeCtrl                   0x00004ed0   Data           4  netapp.o(.constdata)
    _SlRegisterServiceCtrl                   0x00004ed4   Data           4  netapp.o(.constdata)
    _SlGetHostByServiceCtrl                  0x00004ed8   Data           4  netapp.o(.constdata)
    _SlGetHostByNameCtrl                     0x00004edc   Data           4  netapp.o(.constdata)
    _SlNetAppSetCmdCtrl                      0x00004ee0   Data           4  netapp.o(.constdata)
    _SlNetAppSendTokenValueCmdCtrl           0x00004ee4   Data           4  netapp.o(.constdata)
    _SlNetAppGetCmdCtrl                      0x00004ee8   Data           4  netapp.o(.constdata)
    _SlNetCfgSetCmdCtrl                      0x00004ef0   Data           4  netcfg.o(.constdata)
    _SlNetCfgGetCmdCtrl                      0x00004ef4   Data           4  netcfg.o(.constdata)
    _SlPolicySetCmdCtrl                      0x00004ef8   Data           4  wlan.o(.constdata)
    _SlPolicyGetCmdCtrl                      0x00004efc   Data           4  wlan.o(.constdata)
    _SlProfileGetCmdCtrl                     0x00004f00   Data           4  wlan.o(.constdata)
    _SlProfileDelCmdCtrl                     0x00004f04   Data           4  wlan.o(.constdata)
    _SlWlanGetNetworkListCtrl                0x00004f08   Data           4  wlan.o(.constdata)
    _SlRxFilterAddtCmdCtrl                   0x00004f0c   Data           4  wlan.o(.constdata)
    _SlRxFilterSetCmdCtrl                    0x00004f10   Data           4  wlan.o(.constdata)
    _SlRxFilterGetCmdCtrl                    0x00004f14   Data           4  wlan.o(.constdata)
    _SlSmartConfigStartCmdCtrl               0x00004f18   Data           4  wlan.o(.constdata)
    _SlWlanSetModeCmdCtrl                    0x00004f1c   Data           4  wlan.o(.constdata)
    _SlWlanCfgSetCmdCtrl                     0x00004f20   Data           4  wlan.o(.constdata)
    _SlWlanCfgGetCmdCtrl                     0x00004f24   Data           4  wlan.o(.constdata)
    _SlSockSocketCmdCtrl                     0x00004f2c   Data           4  socket.o(.constdata)
    _SlSockCloseCmdCtrl                      0x00004f30   Data           4  socket.o(.constdata)
    _SlRecvfomCmdCtrl                        0x00004f34   Data           4  socket.o(.constdata)
    _SlSendCmdCtrl                           0x00004f38   Data           4  socket.o(.constdata)
    _SlListenCmdCtrl                         0x00004f3c   Data           4  socket.o(.constdata)
    _SlAcceptCmdCtrl                         0x00004f40   Data           4  socket.o(.constdata)
    _SlRecvCmdCtrl                           0x00004f44   Data           4  socket.o(.constdata)
    _SlSetSockOptCmdCtrl                     0x00004f48   Data           4  socket.o(.constdata)
    _SlGetSockOptCmdCtrl                     0x00004f4c   Data           4  socket.o(.constdata)
    _SlSelectCmdCtrl                         0x00004f50   Data           4  socket.o(.constdata)
    dBfs                                     0x00005566   Data         512  st7735.o(.constdata)
    Region$$Table$$Base                      0x00005d4c   Number         0  anon$$obj.o(Region$$Table)
    Region$$Table$$Limit                     0x00005d6c   Number         0  anon$$obj.o(Region$$Table)
    TempArraySize                            0x20000000   Data           4  main.o(.data)
    g_Status                                 0x20000008   Data           4  main.o(.data)
    delay                                    0x2000000c   Data           4  main.o(.data)
    DestinationIP                            0x20000010   Data           4  main.o(.data)
    SockID                                   0x20000014   Data           4  main.o(.data)
    myArray                                  0x20000018   Data           5  main.o(.data)
    IntIsMasked                              0x20000020   Data           1  board.o(.data)
    pIrqEventHandler                         0x20000024   Data           4  board.o(.data)
    g_pCB                                    0x20000028   Data           4  driver.o(.data)
    pPingCallBackFunc                        0x2000002c   Data           4  driver.o(.data)
    StTextColor                              0x20000050   Data           2  st7735.o(.data)
    StX                                      0x20000058   Data           4  st7735.o(.data)
    StY                                      0x2000005c   Data           4  st7735.o(.data)
    lastj                                    0x20000060   Data           4  st7735.o(.data)
    Messageindex                             0x20000064   Data           4  st7735.o(.data)
    Ymax                                     0x20000068   Data           4  st7735.o(.data)
    Ymin                                     0x2000006c   Data           4  st7735.o(.data)
    X                                        0x20000070   Data           4  st7735.o(.data)
    Yrange                                   0x20000074   Data           4  st7735.o(.data)
    Recvbuff                                 0x20000078   Data        4096  main.o(.bss)
    SendBuff                                 0x20001078   Data         512  main.o(.bss)
    HostName                                 0x20001278   Data          40  main.o(.bss)
    g_StatMem                                0x200012a0   Data         356  driver.o(.bss)
    g__SlNonOsCB                             0x20001404   Data          40  nonos.o(.bss)
    Message                                  0x200018ac   Data          12  st7735.o(.bss)
    __initial_sp                             0x200058b8   Data           0  startup_rvmdk.o(STACK)



==============================================================================

Memory Map of the image

  Image Entry point : 0x0000026d

  Load Region LR_IROM (Base: 0x00000000, Size: 0x00005de4, Max: 0x00040000, ABSOLUTE)

    Execution Region ER_IROM (Base: 0x00000000, Size: 0x00005d6c, Max: 0x00040000, ABSOLUTE)

    Base Addr    Size         Type   Attr      Idx    E Section Name        Object

    0x00000000   0x00000288   Code   RO         1292  * RESET               startup_rvmdk.o
    0x00000288   0x00000000   Code   RO         3160  * .ARM.Collect$$$$00000000  mc_w.l(entry.o)
    0x00000288   0x00000004   Code   RO         3436    .ARM.Collect$$$$00000001  mc_w.l(entry2.o)
    0x0000028c   0x00000004   Code   RO         3439    .ARM.Collect$$$$00000004  mc_w.l(entry5.o)
    0x00000290   0x00000000   Code   RO         3441    .ARM.Collect$$$$00000008  mc_w.l(entry7b.o)
    0x00000290   0x00000000   Code   RO         3443    .ARM.Collect$$$$0000000A  mc_w.l(entry8b.o)
    0x00000290   0x00000008   Code   RO         3444    .ARM.Collect$$$$0000000B  mc_w.l(entry9a.o)
    0x00000298   0x00000000   Code   RO         3446    .ARM.Collect$$$$0000000D  mc_w.l(entry10a.o)
    0x00000298   0x00000000   Code   RO         3448    .ARM.Collect$$$$0000000F  mc_w.l(entry11a.o)
    0x00000298   0x00000004   Code   RO         3437    .ARM.Collect$$$$00002712  mc_w.l(entry2.o)
    0x0000029c   0x00000006   Code   RO         2519    .emb_text           driverlib.lib(sysctl.o)
    0x000002a2   0x00000002   PAD
    0x000002a4   0x00000026   Code   RO         3150    .emb_text           driverlib.lib(cpu.o)
    0x000002ca   0x00000024   Code   RO         3163    .text               mc_w.l(memcpya.o)
    0x000002ee   0x00000024   Code   RO         3165    .text               mc_w.l(memseta.o)
    0x00000312   0x00000018   Code   RO         3167    .text               mc_w.l(strcat.o)
    0x0000032a   0x0000000e   Code   RO         3169    .text               mc_w.l(strlen.o)
    0x00000338   0x00000012   Code   RO         3171    .text               mc_w.l(strcpy.o)
    0x0000034a   0x0000002c   Code   RO         3453    .text               mc_w.l(uidiv.o)
    0x00000376   0x00000062   Code   RO         3455    .text               mc_w.l(uldiv.o)
    0x000003d8   0x00000000   Code   RO         3457    .text               mc_w.l(iusefp.o)
    0x000003d8   0x0000014e   Code   RO         3458    .text               mf_w.l(dadd.o)
    0x00000526   0x000000e4   Code   RO         3460    .text               mf_w.l(dmul.o)
    0x0000060a   0x000000de   Code   RO         3462    .text               mf_w.l(ddiv.o)
    0x000006e8   0x00000030   Code   RO         3464    .text               mf_w.l(dfixul.o)
    0x00000718   0x00000030   Code   RO         3466    .text               mf_w.l(cdrcmple.o)
    0x00000748   0x00000024   Code   RO         3468    .text               mc_w.l(init.o)
    0x0000076c   0x0000001e   Code   RO         3471    .text               mc_w.l(llshl.o)
    0x0000078a   0x00000020   Code   RO         3473    .text               mc_w.l(llushr.o)
    0x000007aa   0x00000024   Code   RO         3475    .text               mc_w.l(llsshr.o)
    0x000007ce   0x000000ba   Code   RO         3478    .text               mf_w.l(depilogue.o)
    0x00000888   0x0000001c   Code   RO            1    i.ADC0_InSeq3       main.o
    0x000008a4   0x000000b0   Code   RO            2    i.ADC0_InitSWTriggerSeq3_Ch9  main.o
    0x00000954   0x0000000c   Code   RO          204    i.CC3100_InterruptDisable  board.o
    0x00000960   0x0000000c   Code   RO          205    i.CC3100_InterruptEnable  board.o
    0x0000096c   0x00000010   Code   RO          206    i.CC3100_disable    board.o
    0x0000097c   0x00000010   Code   RO          207    i.CC3100_enable     board.o
    0x0000098c   0x0000001a   Code   RO          792    i.CopyPingResultsToReport  netapp.o
    0x000009a6   0x00000012   Code   RO            3    i.Crash             main.o
    0x000009b8   0x0000001a   Code   RO         1599    i.Delay1ms          st7735.o
    0x000009d2   0x00000002   PAD
    0x000009d4   0x00000010   Code   RO         1863    i.FPUEnable         driverlib.lib(fpu.o)
    0x000009e4   0x00000010   Code   RO         1866    i.FPULazyStackingEnable  driverlib.lib(fpu.o)
    0x000009f4   0x00000034   Code   RO          209    i.GPIOB_intHandler  board.o
    0x00000a28   0x00000028   Code   RO         1939    i.GPIODirModeSet    driverlib.lib(gpio.o)
    0x00000a50   0x00000006   Code   RO         1940    i.GPIOIntClear      driverlib.lib(gpio.o)
    0x00000a56   0x0000000e   Code   RO         1941    i.GPIOIntDisable    driverlib.lib(gpio.o)
    0x00000a64   0x0000000e   Code   RO         1942    i.GPIOIntEnable     driverlib.lib(gpio.o)
    0x00000a72   0x0000000e   Code   RO         1944    i.GPIOIntStatus     driverlib.lib(gpio.o)
    0x00000a80   0x00000050   Code   RO         1946    i.GPIOIntTypeSet    driverlib.lib(gpio.o)
    0x00000ad0   0x0000013a   Code   RO         1949    i.GPIOPadConfigSet  driverlib.lib(gpio.o)
    0x00000c0a   0x00000002   PAD
    0x00000c0c   0x00000048   Code   RO         1950    i.GPIOPinConfigure  driverlib.lib(gpio.o)
    0x00000c54   0x0000001c   Code   RO         1959    i.GPIOPinTypeGPIOInput  driverlib.lib(gpio.o)
    0x00000c70   0x0000001c   Code   RO         1960    i.GPIOPinTypeGPIOOutput  driverlib.lib(gpio.o)
    0x00000c8c   0x0000001c   Code   RO         1973    i.GPIOPinTypeSSI    driverlib.lib(gpio.o)
    0x00000ca8   0x0000001c   Code   RO         1975    i.GPIOPinTypeUART   driverlib.lib(gpio.o)
    0x00000cc4   0x00000006   Code   RO         1981    i.GPIOPinWrite      driverlib.lib(gpio.o)
    0x00000cca   0x00000044   Code   RO          447    i.GetStartResponseConvert  device.o
    0x00000d0e   0x00000002   PAD
    0x00000d10   0x00000064   Code   RO         2255    i.IntEnable         driverlib.lib(interrupt.o)
    0x00000d74   0x0000000e   Code   RO         2258    i.IntMasterEnable   driverlib.lib(interrupt.o)
    0x00000d82   0x00000010   Code   RO         1301    i.IsBufferEmpty     uartstdio.o
    0x00000d92   0x0000001a   Code   RO         1302    i.IsBufferFull      uartstdio.o
    0x00000dac   0x0000000c   Code   RO          389    i.LED_GreenOff      led.o
    0x00000db8   0x0000000c   Code   RO          390    i.LED_GreenOn       led.o
    0x00000dc4   0x00000064   Code   RO          392    i.LED_Init          led.o
    0x00000e28   0x00000010   Code   RO          395    i.LED_RedToggle     led.o
    0x00000e38   0x00000012   Code   RO         1602    i.Output_Init_ST7735  st7735.o
    0x00000e4a   0x00000004   Code   RO         1604    i.Output_On         st7735.o
    0x00000e4e   0x0000004a   Code   RO         2375    i.SSIConfigSetExpClk  driverlib.lib(ssi.o)
    0x00000e98   0x00000014   Code   RO         2379    i.SSIDataGetNonBlocking  driverlib.lib(ssi.o)
    0x00000eac   0x00000010   Code   RO         2381    i.SSIDataPutNonBlocking  driverlib.lib(ssi.o)
    0x00000ebc   0x0000000a   Code   RO         2383    i.SSIEnable         driverlib.lib(ssi.o)
    0x00000ec6   0x00000002   PAD
    0x00000ec8   0x000000bc   Code   RO         1608    i.ST7735_DrawCharS  st7735.o
    0x00000f84   0x0000003c   Code   RO         1611    i.ST7735_DrawPixel  st7735.o
    0x00000fc0   0x00000052   Code   RO         1612    i.ST7735_DrawString  st7735.o
    0x00001012   0x00000002   PAD
    0x00001014   0x00000078   Code   RO         1613    i.ST7735_FillRect   st7735.o
    0x0000108c   0x0000001c   Code   RO         1614    i.ST7735_FillScreen  st7735.o
    0x000010a8   0x00000068   Code   RO         1616    i.ST7735_InitR      st7735.o
    0x00001110   0x000000a4   Code   RO         1618    i.ST7735_OutChar    st7735.o
    0x000011b4   0x00000014   Code   RO         1619    i.ST7735_OutString  st7735.o
    0x000011c8   0x00000058   Code   RO         1620    i.ST7735_OutUDec    st7735.o
    0x00001220   0x00000014   Code   RO         1629    i.ST7735_SetCursor  st7735.o
    0x00001234   0x00000078   Code   RO         1545    i.ST7735_sDecOut3   fixed.o
    0x000012ac   0x0000002c   Code   RO            5    i.SimpleLinkHttpServerCallback  main.o
    0x000012d8   0x00000040   Code   RO            6    i.SimpleLinkNetAppEventHandler  main.o
    0x00001318   0x000000d0   Code   RO            8    i.SimpleLinkWlanEventHandler  main.o
    0x000013e8   0x00000164   Code   RO         2522    i.SysCtlClockGet    driverlib.lib(sysctl.o)
    0x0000154c   0x00000120   Code   RO         2524    i.SysCtlClockSet    driverlib.lib(sysctl.o)
    0x0000166c   0x00000028   Code   RO         2553    i.SysCtlPeripheralEnable  driverlib.lib(sysctl.o)
    0x00001694   0x00000030   Code   RO            9    i.Timer1_Init       main.o
    0x000016c4   0x00000028   Code   RO         1304    i.UARTFlushRx       uartstdio.o
    0x000016ec   0x00000038   Code   RO         1305    i.UARTFlushTx       uartstdio.o
    0x00001724   0x00000078   Code   RO         1308    i.UARTPrimeTransmit  uartstdio.o
    0x0000179c   0x00000098   Code   RO         1310    i.UARTStdioConfig   uartstdio.o
    0x00001834   0x00000108   Code   RO         1311    i.UARTStdioIntHandler  uartstdio.o
    0x0000193c   0x00000044   Code   RO           10    i.UART_Init         main.o
    0x00001980   0x00000012   Code   RO         1315    i.UARTprintf        uartstdio.o
    0x00001992   0x00000002   PAD
    0x00001994   0x000001b4   Code   RO         1316    i.UARTvprintf       uartstdio.o
    0x00001b48   0x00000090   Code   RO         1317    i.UARTwrite         uartstdio.o
    0x00001bd8   0x000002f0   Code   RO          571    i._SlAsyncEventGenericHandler  driver.o
    0x00001ec8   0x00000028   Code   RO          572    i._SlDrvBasicCmd    driver.o
    0x00001ef0   0x00000088   Code   RO          573    i._SlDrvClassifyRxMsg  driver.o
    0x00001f78   0x00000054   Code   RO          574    i._SlDrvCmdOp       driver.o
    0x00001fcc   0x0000001c   Code   RO          575    i._SlDrvCmdSend     driver.o
    0x00001fe8   0x0000014c   Code   RO          576    i._SlDrvDataReadOp  driver.o
    0x00002134   0x00000114   Code   RO          577    i._SlDrvDataWriteOp  driver.o
    0x00002248   0x0000001a   Code   RO          448    i._SlDrvDeviceEventHandler  device.o
    0x00002262   0x00000002   PAD
    0x00002264   0x00000060   Code   RO          578    i._SlDrvDriverCBDeinit  driver.o
    0x000022c4   0x00000090   Code   RO          579    i._SlDrvDriverCBInit  driver.o
    0x00002354   0x0000002c   Code   RO          717    i._SlDrvFlowContDeinit  flowcont.o
    0x00002380   0x00000030   Code   RO          718    i._SlDrvFlowContInit  flowcont.o
    0x000023b0   0x00000350   Code   RO          580    i._SlDrvMsgRead     driver.o
    0x00002700   0x000000a8   Code   RO          581    i._SlDrvMsgReadCmdCtx  driver.o
    0x000027a8   0x00000090   Code   RO          582    i._SlDrvMsgReadSpawnCtx  driver.o
    0x00002838   0x000000f0   Code   RO          583    i._SlDrvMsgWrite    driver.o
    0x00002928   0x000000ca   Code   RO          793    i._SlDrvNetAppEventHandler  netapp.o
    0x000029f2   0x00000002   PAD
    0x000029f4   0x00000018   Code   RO          584    i._SlDrvObjDeInit   driver.o
    0x00002a0c   0x0000003c   Code   RO          585    i._SlDrvObjInit     driver.o
    0x00002a48   0x000000e4   Code   RO          586    i._SlDrvReleasePoolObj  driver.o
    0x00002b2c   0x00000128   Code   RO          587    i._SlDrvRxHdrRead   driver.o
    0x00002c54   0x00000040   Code   RO          588    i._SlDrvRxIrqHandler  driver.o
    0x00002c94   0x00000016   Code   RO          589    i._SlDrvShiftDWord  driver.o
    0x00002caa   0x00000002   PAD
    0x00002cac   0x00000104   Code   RO          590    i._SlDrvWaitForPoolObj  driver.o
    0x00002db0   0x00000090   Code   RO          591    i._SlFindAndSetActiveObj  driver.o
    0x00002e40   0x00000040   Code   RO         1053    i._SlNonOsMainLoopTask  nonos.o
    0x00002e80   0x00000032   Code   RO         1054    i._SlNonOsSemGet    nonos.o
    0x00002eb2   0x00000006   Code   RO         1055    i._SlNonOsSemSet    nonos.o
    0x00002eb8   0x00000024   Code   RO         1056    i._SlNonOsSpawn     nonos.o
    0x00002edc   0x00000058   Code   RO          592    i._SlRemoveFromList  driver.o
    0x00002f34   0x00000028   Code   RO         3410    i.__0sprintf        mc_w.l(printfa.o)
    0x00002f5c   0x0000000e   Code   RO         3482    i.__scatterload_copy  mc_w.l(handlers.o)
    0x00002f6a   0x00000002   Code   RO         3483    i.__scatterload_null  mc_w.l(handlers.o)
    0x00002f6c   0x0000000e   Code   RO         3484    i.__scatterload_zeroinit  mc_w.l(handlers.o)
    0x00002f7a   0x00000002   PAD
    0x00002f7c   0x00000164   Code   RO         3415    i._fp_digits        mc_w.l(printfa.o)
    0x000030e0   0x000006dc   Code   RO         3416    i._printf_core      mc_w.l(printfa.o)
    0x000037bc   0x00000024   Code   RO         3417    i._printf_post_padding  mc_w.l(printfa.o)
    0x000037e0   0x0000002e   Code   RO         3418    i._printf_pre_padding  mc_w.l(printfa.o)
    0x0000380e   0x00000026   Code   RO         1090    i._sl_BuildAddress  socket.o
    0x00003834   0x00000074   Code   RO         1091    i._sl_HandleAsync_Accept  socket.o
    0x000038a8   0x0000007c   Code   RO         1092    i._sl_HandleAsync_Connect  socket.o
    0x00003924   0x00000074   Code   RO          795    i._sl_HandleAsync_DnsGetHostByName  netapp.o
    0x00003998   0x00000068   Code   RO          796    i._sl_HandleAsync_DnsGetHostByService  netapp.o
    0x00003a00   0x00000084   Code   RO          449    i._sl_HandleAsync_InitComplete  device.o
    0x00003a84   0x00000080   Code   RO          797    i._sl_HandleAsync_PingResponse  netapp.o
    0x00003b04   0x00000064   Code   RO         1093    i._sl_HandleAsync_Select  socket.o
    0x00003b68   0x00000060   Code   RO          450    i._sl_HandleAsync_Stop  device.o
    0x00003bc8   0x00000054   Code   RO         1095    i._sl_TruncatePayloadByProtocol  socket.o
    0x00003c1c   0x0000000a   Code   RO         3420    i._sputc            mc_w.l(printfa.o)
    0x00003c26   0x0000004a   Code   RO         1633    i.commandList       st7735.o
    0x00003c70   0x00000138   Code   RO         1634    i.commonInit        st7735.o
    0x00003da8   0x00000110   Code   RO           11    i.configureSimpleLinkToDefaultState  main.o
    0x00003eb8   0x00000038   Code   RO         1637    i.fillmessage       st7735.o
    0x00003ef0   0x00000054   Code   RO           12    i.getTemp           main.o
    0x00003f44   0x00000018   Code   RO          213    i.initClk           board.o
    0x00003f5c   0x0000031c   Code   RO           14    i.main              main.o
    0x00004278   0x00000014   Code   RO         1639    i.pushColor         st7735.o
    0x0000428c   0x0000000c   Code   RO          214    i.registerInterruptHandler  board.o
    0x00004298   0x0000006c   Code   RO         1640    i.setAddrWindow     st7735.o
    0x00004304   0x00000020   Code   RO         1098    i.sl_Close          socket.o
    0x00004324   0x000000ec   Code   RO         1099    i.sl_Connect        socket.o
    0x00004410   0x00000070   Code   RO          451    i.sl_DevGet         device.o
    0x00004480   0x00000028   Code   RO         1101    i.sl_Htonl          socket.o
    0x000044a8   0x00000030   Code   RO         1102    i.sl_Htons          socket.o
    0x000044d8   0x000000d8   Code   RO          798    i.sl_NetAppDnsGetHostByName  netapp.o
    0x000045b0   0x0000007c   Code   RO          803    i.sl_NetAppMDNSRegisterUnregisterService  netapp.o
    0x0000462c   0x00000012   Code   RO          804    i.sl_NetAppMDNSUnRegisterService  netapp.o
    0x0000463e   0x00000002   PAD
    0x00004640   0x00000050   Code   RO          806    i.sl_NetAppSendTokenValue  netapp.o
    0x00004690   0x00000040   Code   RO          910    i.sl_NetCfgSet      netcfg.o
    0x000046d0   0x00000040   Code   RO         1104    i.sl_Recv           socket.o
    0x00004710   0x000000b4   Code   RO         1107    i.sl_Send           socket.o
    0x000047c4   0x00000030   Code   RO         1110    i.sl_Socket         socket.o
    0x000047f4   0x000000b8   Code   RO          455    i.sl_Start          device.o
    0x000048ac   0x000000c8   Code   RO          456    i.sl_Stop           device.o
    0x00004974   0x000001a4   Code   RO          930    i.sl_WlanConnect    wlan.o
    0x00004b18   0x00000008   Code   RO          931    i.sl_WlanDisconnect  wlan.o
    0x00004b20   0x00000038   Code   RO          935    i.sl_WlanPolicySet  wlan.o
    0x00004b58   0x00000020   Code   RO          937    i.sl_WlanProfileDel  wlan.o
    0x00004b78   0x00000040   Code   RO          945    i.sl_WlanSet        wlan.o
    0x00004bb8   0x00000020   Code   RO          946    i.sl_WlanSetMode    wlan.o
    0x00004bd8   0x0000000a   Code   RO         1251    i.spi_Close         spi.o
    0x00004be2   0x00000002   PAD
    0x00004be4   0x000000f0   Code   RO         1252    i.spi_Open          spi.o
    0x00004cd4   0x00000058   Code   RO         1253    i.spi_Read          spi.o
    0x00004d2c   0x00000054   Code   RO         1254    i.spi_Write         spi.o
    0x00004d80   0x00000020   Code   RO         1641    i.writecommand      st7735.o
    0x00004da0   0x0000001c   Code   RO         1642    i.writedata         st7735.o
    0x00004dbc   0x000000ad   Data   RO           16    .constdata          main.o
    0x00004e69   0x00000001   PAD
    0x00004e6a   0x00000014   Data   RO          458    .constdata          device.o
    0x00004e7e   0x00000002   PAD
    0x00004e80   0x00000048   Data   RO          594    .constdata          driver.o
    0x00004ec8   0x00000028   Data   RO          810    .constdata          netapp.o
    0x00004ef0   0x00000008   Data   RO          911    .constdata          netcfg.o
    0x00004ef8   0x00000034   Data   RO          949    .constdata          wlan.o
    0x00004f2c   0x00000030   Data   RO         1111    .constdata          socket.o
    0x00004f5c   0x00000028   Data   RO         1319    .constdata          uartstdio.o
    0x00004f84   0x000007e2   Data   RO         1644    .constdata          st7735.o
    0x00005766   0x00000002   PAD
    0x00005768   0x00000210   Data   RO         1982    .constdata          driverlib.lib(gpio.o)
    0x00005978   0x0000010c   Data   RO         2271    .constdata          driverlib.lib(interrupt.o)
    0x00005a84   0x000001c4   Data   RO         2574    .constdata          driverlib.lib(sysctl.o)
    0x00005c48   0x000000f0   Data   RO           17    .conststring        main.o
    0x00005d38   0x00000011   Data   RO         1320    .conststring        uartstdio.o
    0x00005d49   0x00000003   PAD
    0x00005d4c   0x00000020   Data   RO         3480    Region$$Table       anon$$obj.o


    Execution Region RW_IRAM (Base: 0x20000000, Size: 0x000058b8, Max: 0x00008000, ABSOLUTE)

    Base Addr    Size         Type   Attr      Idx    E Section Name        Object

    0x20000000   0x0000001d   Data   RW           18    .data               main.o
    0x2000001d   0x00000003   PAD
    0x20000020   0x00000008   Data   RW          216    .data               board.o
    0x20000028   0x00000004   Data   RW          595    .data               driver.o
    0x2000002c   0x00000004   Data   RW          596    .data               driver.o
    0x20000030   0x0000001c   Data   RW         1321    .data               uartstdio.o
    0x2000004c   0x0000002c   Data   RW         1645    .data               st7735.o
    0x20000078   0x00001228   Zero   RW           15    .bss                main.o
    0x200012a0   0x00000164   Zero   RW          593    .bss                driver.o
    0x20001404   0x00000028   Zero   RW         1057    .bss                nonos.o
    0x2000142c   0x00000480   Zero   RW         1318    .bss                uartstdio.o
    0x200018ac   0x0000000c   Zero   RW         1643    .bss                st7735.o
    0x200018b8   0x00004000   Zero   RW         1290    STACK               startup_rvmdk.o


==============================================================================

Image component sizes


      Code (inc. data)   RO Data    RW Data    ZI Data      Debug   Object Name

       144         36          0          8          0       4031   board.o
       818         48         20          0          0      74937   device.o
      4474        156         72          8        356      24873   driver.o
       120         10          0          0          0        714   fixed.o
        92         10          0          0          0       1168   flowcont.o
       140         34          0          0          0       1696   led.o
      1806        486        413         29       4648      46594   main.o
      1014         42         40          0          0      10618   netapp.o
        64          6          8          0          0       1653   netcfg.o
       156         16          0          0         40       3740   nonos.o
      1110         68         48          0          0      11221   socket.o
       422         60          0          0          0       2822   spi.o
      1552        142       2018         44         12      15553   st7735.o
       648        622          0          0      16384        268   startup_rvmdk.o
      1272         72         57         28       1152       9679   uartstdio.o
       612         26         52          0          0       7254   wlan.o

    ----------------------------------------------------------------------
     14462       1834       2768        120      22592     216821   Object Totals
         0          0         32          0          0          0   (incl. Generated)
        18          0          8          3          0          0   (incl. Padding)

    ----------------------------------------------------------------------

      Code (inc. data)   RO Data    RW Data    ZI Data      Debug   Library Member Name

        38          0          0          0          0        504   cpu.o
        32          8          0          0          0       3548   fpu.o
       672          8        528          0          0       7285   gpio.o
       114          8        268          0          0       1774   interrupt.o
       120          0          0          0          0       2749   ssi.o
       690         64        452          0          0       3951   sysctl.o
         0          0          0          0          0          0   entry.o
         0          0          0          0          0          0   entry10a.o
         0          0          0          0          0          0   entry11a.o
         8          4          0          0          0          0   entry2.o
         4          0          0          0          0          0   entry5.o
         0          0          0          0          0          0   entry7b.o
         0          0          0          0          0          0   entry8b.o
         8          4          0          0          0          0   entry9a.o
        30          0          0          0          0          0   handlers.o
        36          8          0          0          0         68   init.o
         0          0          0          0          0          0   iusefp.o
        30          0          0          0          0         68   llshl.o
        36          0          0          0          0         68   llsshr.o
        32          0          0          0          0         68   llushr.o
        36          0          0          0          0         68   memcpya.o
        36          0          0          0          0        108   memseta.o
      2244         86          0          0          0        512   printfa.o
        24          0          0          0          0         68   strcat.o
        18          0          0          0          0         68   strcpy.o
        14          0          0          0          0         68   strlen.o
        44          0          0          0          0         80   uidiv.o
        98          0          0          0          0         92   uldiv.o
        48          0          0          0          0         68   cdrcmple.o
       334          0          0          0          0        148   dadd.o
       222          0          0          0          0        100   ddiv.o
       186          0          0          0          0        176   depilogue.o
        48          0          0          0          0         68   dfixul.o
       228          0          0          0          0         96   dmul.o

    ----------------------------------------------------------------------
      5438        190       1248          0          0      21803   Library Totals
         8          0          0          0          0          0   (incl. Padding)

    ----------------------------------------------------------------------

      Code (inc. data)   RO Data    RW Data    ZI Data      Debug   Library Name

      1666         88       1248          0          0      19811   driverlib.lib
      2698        102          0          0          0       1336   mc_w.l
      1066          0          0          0          0        656   mf_w.l

    ----------------------------------------------------------------------
      5438        190       1248          0          0      21803   Library Totals

    ----------------------------------------------------------------------

==============================================================================


      Code (inc. data)   RO Data    RW Data    ZI Data      Debug   

     19900       2024       4016        120      22592     224088   Grand Totals
     19900       2024       4016        120      22592     224088   ELF Image Totals
     19900       2024       4016        120          0          0   ROM Totals

==============================================================================

    Total RO  Size (Code + RO Data)                23916 (  23.36kB)
    Total RW  Size (RW Data + ZI Data)             22712 (  22.18kB)
    Total ROM Size (Code + RO Data + RW Data)      24036 (  23.47kB)

==============================================================================

