<html>
<body>
<pre>
<h1>µVision Build Log</h1>
<h2>Tool Versions:</h2>
IDE-Version: µVision V5.17.0.0
Copyright (C) 2015 ARM Ltd and ARM Germany GmbH. All rights reserved.
License Information: Ty Winkler, University of Texas, LIC=----
 
Tool Versions:
Toolchain:       MDK-Lite  Version: 5.17
Toolchain Path:  C:\Keil_v5\ARM\ARMCC\Bin
C Compiler:      Armcc.exe V5.06 update 1 (build 61)
Assembler:       Armasm.exe V5.06 update 1 (build 61)
Linker/Locator:  ArmLink.exe V5.06 update 1 (build 61)
Library Manager: ArmAr.exe V5.06 update 1 (build 61)
Hex Converter:   FromElf.exe V5.06 update 1 (build 61)
CPU DLL:         SARMCM3.DLL V5.17
Dialog DLL:      DCM.DLL V1.13.4.0
Target DLL:      lmidk-agdi.dll V???
Dialog DLL:      TCM.DLL V1.14.6.0
 
<h2>Project:</h2>
C:\Users\Ty\Github\445L\trunk\Lab4CC3100\getWeather.uvproj
Project File Date:  02/17/2016

<h2>Output:</h2>
*** Using Compiler 'V5.06 update 1 (build 61)', folder: 'C:\Keil_v5\ARM\ARMCC\Bin'
Rebuild target 'getWeather'
compiling Nokia5110.c...
compiling board.c...
compiling LED.c...
compiling device.c...
compiling main.c...
compiling flowcont.c...
compiling fs.c...
compiling netcfg.c...
compiling driver.c...
compiling netapp.c...
compiling nonos.c...
compiling wlan.c...
compiling spawn.c...
assembling startup_rvmdk.S...
compiling socket.c...
compiling uart.c...
compiling spi.c...
compiling fixed.c...
fixed.c(180): warning:  #177-D: variable "yRange" was declared but never referenced
  		int yRange=(MaxYplot-MinYplot);
fixed.c(182): warning:  #177-D: variable "xRange" was declared but never referenced
  		int xRange=(MaxXplot-MinXplot);
fixed.c(211): warning:  #223-D: function "abs" declared implicitly
  	if ( abs(slopeden) > abs(slopenum) ){
fixed.c(277): warning:  #1-D: last line of file ends without a newline
  }
fixed.c: 4 warnings, 0 errors
compiling ustdlib.c...
compiling uartstdio.c...
compiling ST7735.c...
linking...
Program Size: Code=19248 RO-data=3764 RW-data=116 ZI-data=22580  
After Build - User command #1: fromelf --bin --output .\rvmdk\cc31000_starter.bin .\rvmdk\cc31000_starter.axf
".\rvmdk\getWeather.axf" - 0 Error(s), 4 Warning(s).
Build Time Elapsed:  00:00:05
</pre>
</body>
</html>
