<html>
<body>
<pre>
<h1>µVision Build Log</h1>
<h2>Tool Versions:</h2>
IDE-Version: µVision V5.17.0.0
Copyright (C) 2015 ARM Ltd and ARM Germany GmbH. All rights reserved.
License Information: Ty Winkler, University of Texas, LIC=----
 
Tool Versions:
Toolchain:       MDK-Lite  Version: 5.17
Toolchain Path:  C:\Keil_v5\ARM\ARMCC\Bin
C Compiler:      Armcc.exe V5.06 update 1 (build 61)
Assembler:       Armasm.exe V5.06 update 1 (build 61)
Linker/Locator:  ArmLink.exe V5.06 update 1 (build 61)
Library Manager: ArmAr.exe V5.06 update 1 (build 61)
Hex Converter:   FromElf.exe V5.06 update 1 (build 61)
CPU DLL:         SARMCM3.DLL V5.17
Dialog DLL:      DCM.DLL V1.13.4.0
Target DLL:      lmidk-agdi.dll V???
Dialog DLL:      TCM.DLL V1.14.6.0
 
<h2>Project:</h2>
C:\GoogleDrive\ty.galaxy.s@gmail.com\Spring 2016\EE 445L\ValvanoWareTM4C123\ValvanoWareTM4C123\ST7735_4C123\ST7735.uvproj
Project File Date:  01/26/2016

<h2>Output:</h2>
*** Using Compiler 'V5.06 update 1 (build 61)', folder: 'C:\Keil_v5\ARM\ARMCC\Bin'
Rebuild target 'ST7735'
assembling startup.s...
compiling PLL.c...
compiling Lab1.c...
Lab1.c(75): warning:  #223-D: function "strcmp" declared implicitly
  		if(strcmp(Buffer, outTests3[i].OutBuffer)){
Lab1.c(81): warning:  #1-D: last line of file ends without a newline
  }
Lab1.c: 2 warnings, 0 errors
compiling ST7735.c...
compiling fixed.c...
fixed.c(119): warning:  #1-D: last line of file ends without a newline
  }
fixed.c: 1 warning, 0 errors
linking...
Program Size: Code=6336 RO-data=2308 RW-data=56 ZI-data=1040  
".\ST7735.axf" - 0 Error(s), 3 Warning(s).
Build Time Elapsed:  00:00:02
</pre>
</body>
</html>
