<html>
<body>
<pre>
<h1>µVision Build Log</h1>
<h2>Project:</h2>
C:\Users\Jeremiah\Programming\EE445L\Lab1\ST7735.uvproj
Project File Date:  01/26/2016

<h2>Output:</h2>
Load "C:\\Users\\Jeremiah\\Programming\\EE445L\\Lab1\\ST7735.AXF" 
Connecting: Mode=JTAG, Speed=1000000Hz
Erase Done.
Programming Done.
Verify OK.
Load "C:\\Users\\Jeremiah\\Programming\\EE445L\\Lab1\\ST7735.AXF" 
Connecting: Mode=JTAG, Speed=1000000Hz
Erase Done.
Programming Done.
Verify OK.
Build target 'ST7735'
compiling Lab1.c...
Lab1.c(102): warning:  #223-D: function "strcmp" declared implicitly
linking...
Program Size: Code=6484 RO-data=2484 RW-data=80 ZI-data=1040  
"ST7735.axf" - 0 Error(s), 1 Warning(s).
Load "C:\\Users\\Jeremiah\\Programming\\EE445L\\Lab1\\ST7735.AXF" 
Connecting: Mode=JTAG, Speed=1000000Hz
Erase Done.
Programming Done.
Verify OK.
Build target 'ST7735'
linking...
Program Size: Code=6484 RO-data=2484 RW-data=80 ZI-data=1040  
"ST7735.axf" - 0 Error(s), 0 Warning(s).
Load "C:\\Users\\Jeremiah\\Programming\\EE445L\\Lab1\\ST7735.AXF" 
Connecting: Mode=JTAG, Speed=1000000Hz
Erase Done.
Programming Done.
Verify OK.
Build target 'ST7735'
linking...
Program Size: Code=6484 RO-data=2484 RW-data=80 ZI-data=1040  
"ST7735.axf" - 0 Error(s), 0 Warning(s).
Load "C:\\Users\\Jeremiah\\Programming\\EE445L\\Lab1\\ST7735.AXF" 
Connecting: Mode=JTAG, Speed=1000000Hz
Erase Done.
Programming Done.
Verify OK.
Build target 'ST7735'
compiling Lab1.c...
Lab1.c(102): warning:  #223-D: function "strcmp" declared implicitly
linking...
Program Size: Code=1924 RO-data=2484 RW-data=76 ZI-data=1036  
"ST7735.axf" - 0 Error(s), 1 Warning(s).
Build target 'ST7735'
compiling Lab1.c...
Lab1.c(98): error:  #29: expected an expression
Lab1.c(98): error:  #254: type name is not allowed
Lab1.c(98): error:  #165: too few arguments in function call
Lab1.c(98): error:  #18: expected a ")"
Lab1.c(102): warning:  #223-D: function "strcmp" declared implicitly
Target not created
Build target 'ST7735'
compiling Lab1.c...
Lab1.c(102): warning:  #223-D: function "strcmp" declared implicitly
linking...
Program Size: Code=2728 RO-data=2484 RW-data=92 ZI-data=1036  
"ST7735.axf" - 0 Error(s), 1 Warning(s).
Load "C:\\Users\\Jeremiah\\Programming\\EE445L\\Lab1\\ST7735.AXF" 
Connecting: Mode=JTAG, Speed=1000000Hz
Erase Done.
Programming Done.
Verify OK.
Build target 'ST7735'
compiling Lab1.c...
Lab1.c(105): warning:  #223-D: function "strcmp" declared implicitly
compiling fixed.c...
fixed.c(158): error:  #20: identifier "minYplot" is undefined
fixed.c(182): error:  #20: identifier "maxXplot" is undefined
fixed.c(180): warning:  #177-D: variable "yRange" was declared but never referenced
Target not created
Build target 'ST7735'
compiling fixed.c...
fixed.c(182): error:  #20: identifier "maxXplot" is undefined
fixed.c(180): warning:  #177-D: variable "yRange" was declared but never referenced
Target not created
Build target 'ST7735'
compiling fixed.c...
fixed.c(180): warning:  #177-D: variable "yRange" was declared but never referenced
fixed.c(182): warning:  #177-D: variable "xRange" was declared but never referenced
linking...
Program Size: Code=2728 RO-data=2484 RW-data=92 ZI-data=1036  
"ST7735.axf" - 0 Error(s), 2 Warning(s).
Build target 'ST7735'
linking...
Program Size: Code=2728 RO-data=2484 RW-data=92 ZI-data=1036  
"ST7735.axf" - 0 Error(s), 0 Warning(s).
Load "C:\\Users\\Jeremiah\\Programming\\EE445L\\Lab1\\ST7735.AXF" 
Connecting: Mode=JTAG, Speed=1000000Hz
Erase Done.
Programming Done.
Verify OK.
