<html>
<body>
<pre>
<h1>µVision Build Log</h1>
<h2>Project:</h2>
C:\Users\Jeremiah\Programming\EE-445L\Lab4\espDemo.uvproj
Project File Date:  02/17/2016

<h2>Output:</h2>
Build target 'esp8266'
assembling startup.s...
compiling main.c...
compiling pll.c...
compiling esp8266.c...
compiling UART.c...
compiling LED.c...
linking...
Program Size: Code=5084 RO-data=32 RW-data=204 ZI-data=6180  
"esp8266.axf" - 0 Error(s), 0 Warning(s).
Rebuild target 'esp8266'
assembling startup.s...
compiling main.c...
compiling pll.c...
compiling esp8266.c...
compiling UART.c...
compiling LED.c...
linking...
Program Size: Code=5084 RO-data=32 RW-data=204 ZI-data=6180  
"esp8266.axf" - 0 Error(s), 0 Warning(s).
