<html>
<body>
<pre>
<h1>µVision Build Log</h1>
<h2>Project:</h2>
C:\Users\Jeremiah\Programming\EE-445L\Lab5\PeriodicTimer0AInts.uvproj
Project File Date:  02/26/2016

<h2>Output:</h2>
Rebuild target 'PeriodicTimer0AInts'
assembling startup.s...
compiling PeriodicTimer0AInts.c...
compiling DAC.c...
compiling music.c...
..\mymodules\music.c(7): error:  #169: expected a declaration
..\mymodules\music.c(12): warning:  #12-D: parsing restarts here after previous syntax error
..\mymodules\music.c(13): error:  #20: identifier "Song" is undefined
..\mymodules\music.c(15): error:  #169: expected a declaration
..\mymodules\notes.c(6): warning:  #1-D: last line of file ends without a newline
..\mymodules\music.c(21): warning:  #12-D: parsing restarts here after previous syntax error
..\mymodules\music.c(24): error:  #70: incomplete type is not allowed
..\mymodules\music.c(34): error:  #169: expected a declaration
compiling portf_init.c...
compiling Timer0A.c...
compiling PLL.c...
compiling switch.c...
compiling notes.c...
..\mymodules\notes.c(6): warning:  #1-D: last line of file ends without a newline
Target not created
Rebuild target 'PeriodicTimer0AInts'
assembling startup.s...
compiling PeriodicTimer0AInts.c...
compiling DAC.c...
compiling music.c...
..\mymodules\notes.c(6): warning:  #1-D: last line of file ends without a newline
..\mymodules\music.c(15): warning:  #550-D: variable "carolOfTheBells" was set but never used
compiling portf_init.c...
compiling Timer0A.c...
compiling PLL.c...
compiling switch.c...
compiling notes.c...
..\mymodules\notes.c(6): warning:  #1-D: last line of file ends without a newline
linking...
Program Size: Code=1536 RO-data=64 RW-data=24 ZI-data=1120  
"PeriodicTimer0AInts.axf" - 0 Error(s), 3 Warning(s).
