<html>
<body>
<pre>
<h1>µVision Build Log</h1>
<h2>Tool Versions:</h2>
IDE-Version: µVision V5.18.0.0
Copyright (C) 2016 ARM Ltd and ARM Germany GmbH. All rights reserved.
License Information: Jeremiah Bartlett, University of Texas at Austin, LIC=----
 
Tool Versions:
Toolchain:       MDK-Lite  Version: 5.18
Toolchain Path:  C:\Keil_v5\ARM\ARMCC\Bin
C Compiler:      Armcc.exe V5.06 update 1 (build 61)
Assembler:       Armasm.exe V5.06 update 1 (build 61)
Linker/Locator:  ArmLink.exe V5.06 update 1 (build 61)
Library Manager: ArmAr.exe V5.06 update 1 (build 61)
Hex Converter:   FromElf.exe V5.06 update 1 (build 61)
CPU DLL:         SARMCM3.DLL V5.18
Dialog DLL:      DCM.DLL V1.13.6.0
Target DLL:      lmidk-agdi.dll V???
Dialog DLL:      TCM.DLL V1.14.8.0
 
<h2>Project:</h2>
C:\Users\Jeremiah\Programming\EE-445L\Lab3\ST7735.uvprojx
Project File Date:  03/01/2016

<h2>Output:</h2>
*** Using Compiler 'V5.06 update 1 (build 61)', folder: 'C:\Keil_v5\ARM\ARMCC\Bin'
Build target 'ST7735'
assembling startup.s...
compiling Lab3.c...
lab3.h(1): warning:  #1-D: last line of file ends without a newline
  void soundAlarm(void);
Lab3.c: 1 warning, 0 errors
compiling fixed.c...
fixed.c(180): warning:  #177-D: variable "yRange" was declared but never referenced
  		int yRange=(MaxYplot-MinYplot);
fixed.c(182): warning:  #177-D: variable "xRange" was declared but never referenced
  		int xRange=(MaxXplot-MinXplot);
fixed.c(211): warning:  #223-D: function "abs" declared implicitly
  	if ( abs(slopeden) > abs(slopenum) ){
fixed.c(277): warning:  #1-D: last line of file ends without a newline
  }
fixed.c: 4 warnings, 0 errors
compiling Lab2.c...
compiling PLL.c...
compiling Lab1.c...
lab3.h(1): warning:  #1-D: last line of file ends without a newline
  void soundAlarm(void);
Lab1.c(433): warning:  #1-D: last line of file ends without a newline
  }
Lab1.c: 2 warnings, 0 errors
compiling ST7735.c...
linking...
Program Size: Code=9592 RO-data=2116 RW-data=792 ZI-data=1024  
".\ST7735.axf" - 0 Error(s), 7 Warning(s).

<h2>Collection of Component include folders:</h2>
  C:\Users\Jeremiah\Programming\EE-445L\Lab3\RTE
  C:\Keil_v5\ARM\PACK\Keil\LM4F_DFP\1.0.0\Device\Include

<h2>Collection of Component Files used:</h2>
Build Time Elapsed:  00:00:03
</pre>
</body>
</html>
