<html>
<body>
<pre>
<h1>µVision Build Log</h1>
<h2>Tool Versions:</h2>
IDE-Version: µVision V5.17.0.0
Copyright (C) 2015 ARM Ltd and ARM Germany GmbH. All rights reserved.
License Information: Ty Winkler, University of Texas, LIC=----
 
Tool Versions:
Toolchain:       MDK-Lite  Version: 5.17
Toolchain Path:  A:\Keil_v5\ARM\ARMCC\Bin
C Compiler:      Armcc.exe V5.06 update 1 (build 61)
Assembler:       Armasm.exe V5.06 update 1 (build 61)
Linker/Locator:  ArmLink.exe V5.06 update 1 (build 61)
Library Manager: ArmAr.exe V5.06 update 1 (build 61)
Hex Converter:   FromElf.exe V5.06 update 1 (build 61)
CPU DLL:         SARMCM3.DLL V5.17
Dialog DLL:      DCM.DLL V1.13.4.0
Target DLL:      lmidk-agdi.dll V???
Dialog DLL:      TCM.DLL V1.14.6.0
 
<h2>Project:</h2>
A:\Documents\Github\EE 445L Fixed\trunk\Lab7\PeriodicTimer0AInts.uvprojx
Project File Date:  03/23/2016

<h2>Output:</h2>
*** Using Compiler 'V5.06 update 1 (build 61)', folder: 'A:\Keil_v5\ARM\ARMCC\Bin'
Rebuild target 'PeriodicTimer0AInts'
assembling startup.s...
compiling PLL.c...
compiling Timer0A.c...
compiling PeriodicTimer0AInts.c...
linking...
Program Size: Code=1320 RO-data=32 RW-data=8 ZI-data=1120  
".\PeriodicTimer0AInts.axf" - 0 Error(s), 0 Warning(s).

<h2>Software Packages used:</h2>

Package Vendor: ARM
                http://www.keil.com/pack/ARM.CMSIS.4.5.0.pack
                ARM::CMSIS:CORE:4.3.0
                CMSIS (Cortex Microcontroller Software Interface Standard)
   * Component: CORE Version: 4.3.0

<h2>Collection of Component include folders:</h2>
  A:\Documents\Github\EE 445L Fixed\trunk\Lab7\RTE
  A:\Keil_v5\ARM\PACK\ARM\CMSIS\4.5.0\CMSIS\Include
  A:\Keil_v5\ARM\PACK\Keil\LM4F_DFP\1.0.0\Device\Include

<h2>Collection of Component Files used:</h2>

   * Component: ARM::CMSIS:CORE:4.3.0
Build Time Elapsed:  00:00:01
</pre>
</body>
</html>
